<?xml version="1.0" encoding="ISO-8859-1" ?>
<link_info>
   <banner>TI ARM Linker PC v20.2.7.LTS</banner>
   <copyright>Copyright (c) 1996-2018 Texas Instruments Incorporated</copyright>
   <link_time>0x6445512b</link_time>
   <link_errors>0x0</link_errors>
   <output_file>Final Project.out</output_file>
   <entry_point>
      <name>_c_int00_noargs</name>
      <address>0x1641</address>
   </entry_point>
   <input_file_list>
      <input_file id="fl-2">
         <path>.\</path>
         <kind>object</kind>
         <file>main_full.obj</file>
         <name>main_full.obj</name>
      </input_file>
      <input_file id="fl-3">
         <path>.\</path>
         <kind>object</kind>
         <file>startup_msp432p4111_ccs.obj</file>
         <name>startup_msp432p4111_ccs.obj</name>
      </input_file>
      <input_file id="fl-4">
         <path>.\</path>
         <kind>object</kind>
         <file>system_msp432p4111.obj</file>
         <name>system_msp432p4111.obj</name>
      </input_file>
      <input_file id="fl-9">
         <kind>object</kind>
         <file>&lt;internal&gt;</file>
         <name>&lt;internal&gt;</name>
      </input_file>
      <input_file id="fl-bf">
         <path>C:\ti\ccs1220\ccs\tools\compiler\ti-cgt-arm_20.2.7.LTS\lib\</path>
         <kind>archive</kind>
         <file>rtsv7M4_T_le_v4SPD16_eabi.lib</file>
         <name>fd_add_t2.asm.obj</name>
      </input_file>
      <input_file id="fl-c0">
         <path>C:\ti\ccs1220\ccs\tools\compiler\ti-cgt-arm_20.2.7.LTS\lib\</path>
         <kind>archive</kind>
         <file>rtsv7M4_T_le_v4SPD16_eabi.lib</file>
         <name>fd_mul_t2.asm.obj</name>
      </input_file>
      <input_file id="fl-c1">
         <path>C:\ti\ccs1220\ccs\tools\compiler\ti-cgt-arm_20.2.7.LTS\lib\</path>
         <kind>archive</kind>
         <file>rtsv7M4_T_le_v4SPD16_eabi.lib</file>
         <name>fd_tos_t2.asm.obj</name>
      </input_file>
      <input_file id="fl-c2">
         <path>C:\ti\ccs1220\ccs\tools\compiler\ti-cgt-arm_20.2.7.LTS\lib\</path>
         <kind>archive</kind>
         <file>rtsv7M4_T_le_v4SPD16_eabi.lib</file>
         <name>fs_tod_t2.asm.obj</name>
      </input_file>
      <input_file id="fl-c3">
         <path>C:\ti\ccs1220\ccs\tools\compiler\ti-cgt-arm_20.2.7.LTS\lib\</path>
         <kind>archive</kind>
         <file>rtsv7M4_T_le_v4SPD16_eabi.lib</file>
         <name>copy_zero_init.c.obj</name>
      </input_file>
      <input_file id="fl-c4">
         <path>C:\ti\ccs1220\ccs\tools\compiler\ti-cgt-arm_20.2.7.LTS\lib\</path>
         <kind>archive</kind>
         <file>rtsv7M4_T_le_v4SPD16_eabi.lib</file>
         <name>copy_decompress_none.c.obj</name>
      </input_file>
      <input_file id="fl-c5">
         <path>C:\ti\ccs1220\ccs\tools\compiler\ti-cgt-arm_20.2.7.LTS\lib\</path>
         <kind>archive</kind>
         <file>rtsv7M4_T_le_v4SPD16_eabi.lib</file>
         <name>copy_decompress_lzss.c.obj</name>
      </input_file>
      <input_file id="fl-c6">
         <path>C:\ti\ccs1220\ccs\tools\compiler\ti-cgt-arm_20.2.7.LTS\lib\</path>
         <kind>archive</kind>
         <file>rtsv7M4_T_le_v4SPD16_eabi.lib</file>
         <name>atoi.c.obj</name>
      </input_file>
      <input_file id="fl-c7">
         <path>C:\ti\ccs1220\ccs\tools\compiler\ti-cgt-arm_20.2.7.LTS\lib\</path>
         <kind>archive</kind>
         <file>rtsv7M4_T_le_v4SPD16_eabi.lib</file>
         <name>ctype.c.obj</name>
      </input_file>
      <input_file id="fl-c8">
         <path>C:\ti\ccs1220\ccs\tools\compiler\ti-cgt-arm_20.2.7.LTS\lib\</path>
         <kind>archive</kind>
         <file>rtsv7M4_T_le_v4SPD16_eabi.lib</file>
         <name>strncpy.c.obj</name>
      </input_file>
      <input_file id="fl-c9">
         <path>C:\ti\ccs1220\ccs\tools\compiler\ti-cgt-arm_20.2.7.LTS\lib\</path>
         <kind>archive</kind>
         <file>rtsv7M4_T_le_v4SPD16_eabi.lib</file>
         <name>boot_cortex_m.c.obj</name>
      </input_file>
      <input_file id="fl-ca">
         <path>C:\ti\ccs1220\ccs\tools\compiler\ti-cgt-arm_20.2.7.LTS\lib\</path>
         <kind>archive</kind>
         <file>rtsv7M4_T_le_v4SPD16_eabi.lib</file>
         <name>memcpy_t2.asm.obj</name>
      </input_file>
      <input_file id="fl-cb">
         <path>C:\ti\ccs1220\ccs\tools\compiler\ti-cgt-arm_20.2.7.LTS\lib\</path>
         <kind>archive</kind>
         <file>rtsv7M4_T_le_v4SPD16_eabi.lib</file>
         <name>memset_t2.asm.obj</name>
      </input_file>
      <input_file id="fl-cc">
         <path>C:\ti\ccs1220\ccs\tools\compiler\ti-cgt-arm_20.2.7.LTS\lib\</path>
         <kind>archive</kind>
         <file>rtsv7M4_T_le_v4SPD16_eabi.lib</file>
         <name>autoinit.c.obj</name>
      </input_file>
      <input_file id="fl-cd">
         <path>C:\ti\ccs1220\ccs\tools\compiler\ti-cgt-arm_20.2.7.LTS\lib\</path>
         <kind>archive</kind>
         <file>rtsv7M4_T_le_v4SPD16_eabi.lib</file>
         <name>pre_init.c.obj</name>
      </input_file>
      <input_file id="fl-ce">
         <path>C:\ti\ccs1220\ccs\tools\compiler\ti-cgt-arm_20.2.7.LTS\lib\</path>
         <kind>archive</kind>
         <file>rtsv7M4_T_le_v4SPD16_eabi.lib</file>
         <name>cpy_tbl.c.obj</name>
      </input_file>
      <input_file id="fl-cf">
         <path>C:\ti\ccs1220\ccs\tools\compiler\ti-cgt-arm_20.2.7.LTS\lib\</path>
         <kind>archive</kind>
         <file>rtsv7M4_T_le_v4SPD16_eabi.lib</file>
         <name>exit.c.obj</name>
      </input_file>
      <input_file id="fl-d0">
         <path>C:\ti\ccs1220\ccs\tools\compiler\ti-cgt-arm_20.2.7.LTS\lib\</path>
         <kind>archive</kind>
         <file>rtsv7M4_T_le_v4SPD16_eabi.lib</file>
         <name>_lock.c.obj</name>
      </input_file>
      <input_file id="fl-d1">
         <path>C:\ti\ccs1220\ccs\tools\compiler\ti-cgt-arm_20.2.7.LTS\lib\</path>
         <kind>archive</kind>
         <file>rtsv7M4_T_le_v4SPD16_eabi.lib</file>
         <name>args_main.c.obj</name>
      </input_file>
      <input_file id="fl-d2">
         <path>C:\ti\msp432_driverlib_3_21_00_05\driverlib\MSP432P4xx\ccs\</path>
         <kind>archive</kind>
         <file>msp432p4xx_driverlib.lib</file>
         <name>cs.o</name>
      </input_file>
      <input_file id="fl-d3">
         <path>C:\ti\msp432_driverlib_3_21_00_05\driverlib\MSP432P4xx\ccs\</path>
         <kind>archive</kind>
         <file>msp432p4xx_driverlib.lib</file>
         <name>gpio.o</name>
      </input_file>
      <input_file id="fl-d4">
         <path>C:\ti\msp432_driverlib_3_21_00_05\driverlib\MSP432P4xx\ccs\</path>
         <kind>archive</kind>
         <file>msp432p4xx_driverlib.lib</file>
         <name>interrupt.o</name>
      </input_file>
      <input_file id="fl-d5">
         <path>C:\ti\msp432_driverlib_3_21_00_05\driverlib\MSP432P4xx\ccs\</path>
         <kind>archive</kind>
         <file>msp432p4xx_driverlib.lib</file>
         <name>sysctl.o</name>
      </input_file>
      <input_file id="fl-d6">
         <path>C:\ti\msp432_driverlib_3_21_00_05\driverlib\MSP432P4xx\ccs\</path>
         <kind>archive</kind>
         <file>msp432p4xx_driverlib.lib</file>
         <name>timer_a.o</name>
      </input_file>
      <input_file id="fl-d7">
         <path>C:\ti\msp432_driverlib_3_21_00_05\driverlib\MSP432P4xx\ccs\</path>
         <kind>archive</kind>
         <file>msp432p4xx_driverlib.lib</file>
         <name>uart.o</name>
      </input_file>
      <input_file id="fl-d8">
         <path>C:\ti\msp432_driverlib_3_21_00_05\driverlib\MSP432P4xx\ccs\</path>
         <kind>archive</kind>
         <file>msp432p4xx_driverlib.lib</file>
         <name>cpu.o</name>
      </input_file>
   </input_file_list>
   <object_component_list>
      <object_component id="oc-26">
         <name>.intvecs:retain</name>
         <load_address>0x0</load_address>
         <run_address>0x0</run_address>
         <size>0xe8</size>
         <input_file_ref idref="fl-3"/>
      </object_component>
      <object_component id="oc-6d">
         <name>.text</name>
         <load_address>0xe8</load_address>
         <run_address>0xe8</run_address>
         <size>0x774</size>
         <input_file_ref idref="fl-2"/>
      </object_component>
      <object_component id="oc-a5">
         <name>.text</name>
         <load_address>0x85c</load_address>
         <run_address>0x85c</run_address>
         <size>0x350</size>
         <input_file_ref idref="fl-4"/>
      </object_component>
      <object_component id="oc-12b">
         <name>.text</name>
         <load_address>0xbac</load_address>
         <run_address>0xbac</run_address>
         <size>0x1b6</size>
         <input_file_ref idref="fl-bf"/>
      </object_component>
      <object_component id="oc-ac">
         <name>.text:CS_setDCOFrequency</name>
         <load_address>0xd64</load_address>
         <run_address>0xd64</run_address>
         <size>0x14c</size>
         <input_file_ref idref="fl-d2"/>
      </object_component>
      <object_component id="oc-126">
         <name>.text</name>
         <load_address>0xeb0</load_address>
         <run_address>0xeb0</run_address>
         <size>0xfc</size>
         <input_file_ref idref="fl-c0"/>
      </object_component>
      <object_component id="oc-ca">
         <name>.text:CS_initClockSignal</name>
         <load_address>0xfac</load_address>
         <run_address>0xfac</run_address>
         <size>0xe0</size>
         <input_file_ref idref="fl-d2"/>
      </object_component>
      <object_component id="oc-218">
         <name>.text:privateTimer_AProcessClockSourceDivider</name>
         <load_address>0x108c</load_address>
         <run_address>0x108c</run_address>
         <size>0xb2</size>
         <input_file_ref idref="fl-d6"/>
      </object_component>
      <object_component id="oc-37">
         <name>.text</name>
         <load_address>0x113e</load_address>
         <run_address>0x113e</run_address>
         <size>0x9c</size>
         <input_file_ref idref="fl-ca"/>
      </object_component>
      <object_component id="oc-106">
         <name>.text:UART_initModule</name>
         <load_address>0x11dc</load_address>
         <run_address>0x11dc</run_address>
         <size>0x94</size>
         <input_file_ref idref="fl-d7"/>
      </object_component>
      <object_component id="oc-130">
         <name>.text</name>
         <load_address>0x1270</load_address>
         <run_address>0x1270</run_address>
         <size>0x6e</size>
         <input_file_ref idref="fl-c1"/>
      </object_component>
      <object_component id="oc-17">
         <name>.text:decompress:lzss:__TI_decompress_lzss</name>
         <load_address>0x12de</load_address>
         <run_address>0x12de</run_address>
         <size>0x68</size>
         <input_file_ref idref="fl-c5"/>
      </object_component>
      <object_component id="oc-135">
         <name>.text:Interrupt_disableInterrupt</name>
         <load_address>0x1348</load_address>
         <run_address>0x1348</run_address>
         <size>0x64</size>
         <input_file_ref idref="fl-d4"/>
      </object_component>
      <object_component id="oc-dc">
         <name>.text:Interrupt_enableInterrupt</name>
         <load_address>0x13ac</load_address>
         <run_address>0x13ac</run_address>
         <size>0x64</size>
         <input_file_ref idref="fl-d4"/>
      </object_component>
      <object_component id="oc-201">
         <name>.text:CS_tuneDCOFrequency</name>
         <load_address>0x1410</load_address>
         <run_address>0x1410</run_address>
         <size>0x54</size>
         <input_file_ref idref="fl-d2"/>
      </object_component>
      <object_component id="oc-1fb">
         <name>.text:SysCtl_getTLVInfo</name>
         <load_address>0x1464</load_address>
         <run_address>0x1464</run_address>
         <size>0x50</size>
         <input_file_ref idref="fl-d5"/>
      </object_component>
      <object_component id="oc-16b">
         <name>.text:atoi</name>
         <load_address>0x14b4</load_address>
         <run_address>0x14b4</run_address>
         <size>0x4c</size>
         <input_file_ref idref="fl-c6"/>
      </object_component>
      <object_component id="oc-100">
         <name>.text:GPIO_setAsPeripheralModuleFunctionInputPin</name>
         <load_address>0x1500</load_address>
         <run_address>0x1500</run_address>
         <size>0x48</size>
         <input_file_ref idref="fl-d3"/>
      </object_component>
      <object_component id="oc-d0">
         <name>.text:Timer_A_configureUpMode</name>
         <load_address>0x1548</load_address>
         <run_address>0x1548</run_address>
         <size>0x44</size>
         <input_file_ref idref="fl-d6"/>
      </object_component>
      <object_component id="oc-1bf">
         <name>.text:__TI_auto_init_nobinit_nopinit:__TI_auto_init_nobinit_nopinit</name>
         <load_address>0x158c</load_address>
         <run_address>0x158c</run_address>
         <size>0x44</size>
         <input_file_ref idref="fl-cc"/>
      </object_component>
      <object_component id="oc-121">
         <name>.text</name>
         <load_address>0x15d0</load_address>
         <run_address>0x15d0</run_address>
         <size>0x38</size>
         <input_file_ref idref="fl-c2"/>
      </object_component>
      <object_component id="oc-165">
         <name>.text:strncpy</name>
         <load_address>0x1608</load_address>
         <run_address>0x1608</run_address>
         <size>0x36</size>
         <input_file_ref idref="fl-c8"/>
      </object_component>
      <object_component id="oc-55">
         <name>.text:_c_int00_noargs:_c_int00_noargs</name>
         <load_address>0x1640</load_address>
         <run_address>0x1640</run_address>
         <size>0x34</size>
         <input_file_ref idref="fl-c9"/>
      </object_component>
      <object_component id="oc-b2">
         <name>.text:GPIO_setAsInputPinWithPullUpResistor</name>
         <load_address>0x1674</load_address>
         <run_address>0x1674</run_address>
         <size>0x30</size>
         <input_file_ref idref="fl-d3"/>
      </object_component>
      <object_component id="oc-153">
         <name>.text:UART_getEnabledInterruptStatus</name>
         <load_address>0x16a4</load_address>
         <run_address>0x16a4</run_address>
         <size>0x30</size>
         <input_file_ref idref="fl-d7"/>
      </object_component>
      <object_component id="oc-1f5">
         <name>.text:CS_setDCOCenteredFrequency</name>
         <load_address>0x16d4</load_address>
         <run_address>0x16d4</run_address>
         <size>0x24</size>
         <input_file_ref idref="fl-d2"/>
      </object_component>
      <object_component id="oc-b8">
         <name>.text:GPIO_setAsOutputPin</name>
         <load_address>0x16f8</load_address>
         <run_address>0x16f8</run_address>
         <size>0x24</size>
         <input_file_ref idref="fl-d3"/>
      </object_component>
      <object_component id="oc-fa">
         <name>.text:Interrupt_setPriority</name>
         <load_address>0x171c</load_address>
         <run_address>0x171c</run_address>
         <size>0x24</size>
         <input_file_ref idref="fl-d4"/>
      </object_component>
      <object_component id="oc-15f">
         <name>.text:UART_receiveData</name>
         <load_address>0x1740</load_address>
         <run_address>0x1740</run_address>
         <size>0x24</size>
         <input_file_ref idref="fl-d7"/>
      </object_component>
      <object_component id="oc-e8">
         <name>.text:GPIO_interruptEdgeSelect</name>
         <load_address>0x1764</load_address>
         <run_address>0x1764</run_address>
         <size>0x20</size>
         <input_file_ref idref="fl-d3"/>
      </object_component>
      <object_component id="oc-43">
         <name>.text:decompress:ZI:__TI_zero_init_nomemset:__TI_zero_init_nomemset</name>
         <load_address>0x1784</load_address>
         <run_address>0x1784</run_address>
         <size>0x1c</size>
         <input_file_ref idref="fl-c3"/>
      </object_component>
      <object_component id="oc-13b">
         <name>.text:Timer_A_clearCaptureCompareInterrupt</name>
         <load_address>0x17a0</load_address>
         <run_address>0x17a0</run_address>
         <size>0x1a</size>
         <input_file_ref idref="fl-d6"/>
      </object_component>
      <object_component id="oc-ee">
         <name>.text:GPIO_clearInterruptFlag</name>
         <load_address>0x17bc</load_address>
         <run_address>0x17bc</run_address>
         <size>0x18</size>
         <input_file_ref idref="fl-d3"/>
      </object_component>
      <object_component id="oc-183">
         <name>.text:GPIO_getInputPinValue</name>
         <load_address>0x17d4</load_address>
         <run_address>0x17d4</run_address>
         <size>0x18</size>
         <input_file_ref idref="fl-d3"/>
      </object_component>
      <object_component id="oc-be">
         <name>.text:GPIO_setOutputLowOnPin</name>
         <load_address>0x17ec</load_address>
         <run_address>0x17ec</run_address>
         <size>0x18</size>
         <input_file_ref idref="fl-d3"/>
      </object_component>
      <object_component id="oc-112">
         <name>.text:UART_enableInterrupt</name>
         <load_address>0x1804</load_address>
         <run_address>0x1804</run_address>
         <size>0x16</size>
         <input_file_ref idref="fl-d7"/>
      </object_component>
      <object_component id="oc-f4">
         <name>.text:GPIO_enableInterrupt</name>
         <load_address>0x181c</load_address>
         <run_address>0x181c</run_address>
         <size>0x14</size>
         <input_file_ref idref="fl-d3"/>
      </object_component>
      <object_component id="oc-c4">
         <name>.text:GPIO_setOutputHighOnPin</name>
         <load_address>0x1830</load_address>
         <run_address>0x1830</run_address>
         <size>0x14</size>
         <input_file_ref idref="fl-d3"/>
      </object_component>
      <object_component id="oc-179">
         <name>.text:GPIO_toggleOutputOnPin</name>
         <load_address>0x1844</load_address>
         <run_address>0x1844</run_address>
         <size>0x14</size>
         <input_file_ref idref="fl-d3"/>
      </object_component>
      <object_component id="oc-e2">
         <name>.text:Interrupt_disableMaster</name>
         <load_address>0x1858</load_address>
         <run_address>0x1858</run_address>
         <size>0x10</size>
         <input_file_ref idref="fl-d4"/>
      </object_component>
      <object_component id="oc-118">
         <name>.text:Interrupt_enableMaster</name>
         <load_address>0x1868</load_address>
         <run_address>0x1868</run_address>
         <size>0x10</size>
         <input_file_ref idref="fl-d4"/>
      </object_component>
      <object_component id="oc-14d">
         <name>.text:Timer_A_disableInterrupt</name>
         <load_address>0x1878</load_address>
         <run_address>0x1878</run_address>
         <size>0x10</size>
         <input_file_ref idref="fl-d6"/>
      </object_component>
      <object_component id="oc-172">
         <name>.text:Timer_A_enableInterrupt</name>
         <load_address>0x1888</load_address>
         <run_address>0x1888</run_address>
         <size>0x10</size>
         <input_file_ref idref="fl-d6"/>
      </object_component>
      <object_component id="oc-159">
         <name>.text:UART_clearInterruptFlag</name>
         <load_address>0x1898</load_address>
         <run_address>0x1898</run_address>
         <size>0xe</size>
         <input_file_ref idref="fl-d7"/>
      </object_component>
      <object_component id="oc-1d">
         <name>.text:decompress:none:__TI_decompress_none</name>
         <load_address>0x18a6</load_address>
         <run_address>0x18a6</run_address>
         <size>0xe</size>
         <input_file_ref idref="fl-c4"/>
      </object_component>
      <object_component id="oc-67">
         <name>.text</name>
         <load_address>0x18b4</load_address>
         <run_address>0x18b4</run_address>
         <size>0xe</size>
         <input_file_ref idref="fl-3"/>
      </object_component>
      <object_component id="oc-226">
         <name>.text:CPU_cpsid</name>
         <load_address>0x18c2</load_address>
         <run_address>0x18c2</run_address>
         <size>0xc</size>
         <input_file_ref idref="fl-d8"/>
      </object_component>
      <object_component id="oc-239">
         <name>.text:CPU_cpsie</name>
         <load_address>0x18ce</load_address>
         <run_address>0x18ce</run_address>
         <size>0xc</size>
         <input_file_ref idref="fl-d8"/>
      </object_component>
      <object_component id="oc-10c">
         <name>.text:UART_enableModule</name>
         <load_address>0x18da</load_address>
         <run_address>0x18da</run_address>
         <size>0xc</size>
         <input_file_ref idref="fl-d7"/>
      </object_component>
      <object_component id="oc-d6">
         <name>.text:Timer_A_startCounter</name>
         <load_address>0x18e6</load_address>
         <run_address>0x18e6</run_address>
         <size>0x8</size>
         <input_file_ref idref="fl-d6"/>
      </object_component>
      <object_component id="oc-274">
         <name>.text:UART_getInterruptStatus</name>
         <load_address>0x18ee</load_address>
         <run_address>0x18ee</run_address>
         <size>0x6</size>
         <input_file_ref idref="fl-d7"/>
      </object_component>
      <object_component id="oc-93">
         <name>.text:_system_pre_init</name>
         <load_address>0x18f4</load_address>
         <run_address>0x18f4</run_address>
         <size>0x4</size>
         <input_file_ref idref="fl-cd"/>
      </object_component>
      <object_component id="oc-1b3">
         <name>.text:abort:abort</name>
         <load_address>0x18f8</load_address>
         <run_address>0x18f8</run_address>
         <size>0x4</size>
         <input_file_ref idref="fl-cf"/>
      </object_component>
      <object_component id="oc-27f">
         <name>.const:.string:_ctypes_</name>
         <load_address>0x18fc</load_address>
         <run_address>0x18fc</run_address>
         <size>0x101</size>
         <input_file_ref idref="fl-c7"/>
      </object_component>
      <object_component id="oc-230">
         <name>.const:g_pulRegs</name>
         <load_address>0x1a00</load_address>
         <run_address>0x1a00</run_address>
         <size>0x50</size>
         <input_file_ref idref="fl-d4"/>
      </object_component>
      <object_component id="oc-221">
         <name>.const</name>
         <load_address>0x1a50</load_address>
         <run_address>0x1a50</run_address>
         <size>0x40</size>
         <input_file_ref idref="fl-d4"/>
      </object_component>
      <object_component id="oc-144">
         <name>.const:UART_init</name>
         <load_address>0x1a90</load_address>
         <run_address>0x1a90</run_address>
         <size>0x24</size>
         <input_file_ref idref="fl-2"/>
      </object_component>
      <object_component id="oc-11e">
         <name>.const:upConfig_0</name>
         <load_address>0x1ab4</load_address>
         <run_address>0x1ab4</run_address>
         <size>0x18</size>
         <input_file_ref idref="fl-2"/>
      </object_component>
      <object_component id="oc-141">
         <name>.const:upConfig_1</name>
         <load_address>0x1acc</load_address>
         <run_address>0x1acc</run_address>
         <size>0x18</size>
         <input_file_ref idref="fl-2"/>
      </object_component>
      <object_component id="oc-346">
         <name>.cinit..data.load</name>
         <load_address>0x1ae8</load_address>
         <run_address>0x1ae8</run_address>
         <size>0x4d</size>
      </object_component>
      <object_component id="oc-344">
         <name>__TI_handler_table</name>
         <load_address>0x1b38</load_address>
         <run_address>0x1b38</run_address>
         <size>0xc</size>
      </object_component>
      <object_component id="oc-347">
         <name>.cinit..bss.load</name>
         <load_address>0x1b48</load_address>
         <run_address>0x1b48</run_address>
         <size>0x8</size>
      </object_component>
      <object_component id="oc-345">
         <name>__TI_cinit_table</name>
         <load_address>0x1b50</load_address>
         <run_address>0x1b50</run_address>
         <size>0x10</size>
      </object_component>
      <object_component id="oc-318">
         <name>.binit</name>
         <load_address>0x0</load_address>
         <run_address>0x0</run_address>
         <size>0x0</size>
      </object_component>
      <object_component id="oc-14a">
         <name>.data</name>
         <load_address>0x20000030</load_address>
         <run_address>0x20000030</run_address>
         <size>0x20</size>
         <input_file_ref idref="fl-2"/>
      </object_component>
      <object_component id="oc-1f1">
         <name>.data</name>
         <load_address>0x20000050</load_address>
         <run_address>0x20000050</run_address>
         <size>0x4</size>
         <input_file_ref idref="fl-4"/>
      </object_component>
      <object_component id="oc-20f">
         <name>.data:GPIO_PORT_TO_BASE</name>
         <load_address>0x20000000</load_address>
         <run_address>0x20000000</run_address>
         <size>0x30</size>
         <input_file_ref idref="fl-d3"/>
      </object_component>
      <object_component id="oc-189">
         <name>.common:letter</name>
         <uninitialized>true</uninitialized>
         <run_address>0x2000008e</run_address>
         <size>0x1</size>
      </object_component>
      <object_component id="oc-18b">
         <name>.common:buffer</name>
         <uninitialized>true</uninitialized>
         <run_address>0x20000054</run_address>
         <size>0x10</size>
      </object_component>
      <object_component id="oc-18a">
         <name>.common:string</name>
         <uninitialized>true</uninitialized>
         <run_address>0x2000008f</run_address>
         <size>0x1</size>
      </object_component>
      <object_component id="oc-171">
         <name>.common:shoulderAng</name>
         <uninitialized>true</uninitialized>
         <run_address>0x20000088</run_address>
         <size>0x4</size>
      </object_component>
      <object_component id="oc-182">
         <name>.common:elbowAng</name>
         <uninitialized>true</uninitialized>
         <run_address>0x20000078</run_address>
         <size>0x4</size>
      </object_component>
      <object_component id="oc-18c">
         <name>.common:Astat</name>
         <uninitialized>true</uninitialized>
         <run_address>0x20000064</run_address>
         <size>0x4</size>
      </object_component>
      <object_component id="oc-18d">
         <name>.common:Bstat</name>
         <uninitialized>true</uninitialized>
         <run_address>0x20000068</run_address>
         <size>0x4</size>
      </object_component>
      <object_component id="oc-18e">
         <name>.common:prevA</name>
         <uninitialized>true</uninitialized>
         <run_address>0x20000080</run_address>
         <size>0x4</size>
      </object_component>
      <object_component id="oc-18f">
         <name>.common:prevB</name>
         <uninitialized>true</uninitialized>
         <run_address>0x20000084</run_address>
         <size>0x4</size>
      </object_component>
      <object_component id="oc-190">
         <name>.common:encDirection</name>
         <uninitialized>true</uninitialized>
         <run_address>0x2000008d</run_address>
         <size>0x1</size>
      </object_component>
      <object_component id="oc-17f">
         <name>.common:PWM</name>
         <uninitialized>true</uninitialized>
         <run_address>0x2000006c</run_address>
         <size>0x4</size>
      </object_component>
      <object_component id="oc-180">
         <name>.common:direction</name>
         <uninitialized>true</uninitialized>
         <run_address>0x2000008c</run_address>
         <size>0x1</size>
      </object_component>
      <object_component id="oc-147">
         <name>.common:error</name>
         <uninitialized>true</uninitialized>
         <run_address>0x2000007c</run_address>
         <size>0x4</size>
      </object_component>
      <object_component id="oc-178">
         <name>.common:accError</name>
         <uninitialized>true</uninitialized>
         <run_address>0x20000070</run_address>
         <size>0x4</size>
      </object_component>
      <object_component id="oc-181">
         <name>.common:elbow</name>
         <uninitialized>true</uninitialized>
         <run_address>0x20000074</run_address>
         <size>0x4</size>
      </object_component>
      <object_component id="oc-29">
         <name>.stack</name>
         <uninitialized>true</uninitialized>
         <run_address>0x2003fe00</run_address>
         <size>0x4</size>
         <input_file_ref idref="fl-c9"/>
      </object_component>
      <object_component id="oc-349">
         <name>.stack</name>
         <uninitialized>true</uninitialized>
         <run_address>0x2003fe00</run_address>
         <size>0x0</size>
      </object_component>
      <object_component id="oc-148">
         <name>.debug_info</name>
         <load_address>0x0</load_address>
         <run_address>0x0</run_address>
         <size>0xf8e</size>
         <input_file_ref idref="fl-2"/>
      </object_component>
      <object_component id="oc-145">
         <name>.debug_info</name>
         <load_address>0xf8e</load_address>
         <run_address>0xf8e</run_address>
         <size>0xf2</size>
         <input_file_ref idref="fl-2"/>
      </object_component>
      <object_component id="oc-11f">
         <name>.debug_info</name>
         <load_address>0x1080</load_address>
         <run_address>0x1080</run_address>
         <size>0xf4</size>
         <input_file_ref idref="fl-2"/>
      </object_component>
      <object_component id="oc-142">
         <name>.debug_info</name>
         <load_address>0x1174</load_address>
         <run_address>0x1174</run_address>
         <size>0xf4</size>
         <input_file_ref idref="fl-2"/>
      </object_component>
      <object_component id="oc-14b">
         <name>.debug_info</name>
         <load_address>0x1268</load_address>
         <run_address>0x1268</run_address>
         <size>0x1ce</size>
         <input_file_ref idref="fl-2"/>
      </object_component>
      <object_component id="oc-6e">
         <name>.debug_info</name>
         <load_address>0x1436</load_address>
         <run_address>0x1436</run_address>
         <size>0xcb0</size>
         <input_file_ref idref="fl-2"/>
      </object_component>
      <object_component id="oc-24e">
         <name>.debug_info</name>
         <load_address>0x20e6</load_address>
         <run_address>0x20e6</run_address>
         <size>0x3c27</size>
         <input_file_ref idref="fl-2"/>
      </object_component>
      <object_component id="oc-19e">
         <name>.debug_info</name>
         <load_address>0x5d0d</load_address>
         <run_address>0x5d0d</run_address>
         <size>0x26b</size>
         <input_file_ref idref="fl-2"/>
      </object_component>
      <object_component id="oc-253">
         <name>.debug_info</name>
         <load_address>0x5f78</load_address>
         <run_address>0x5f78</run_address>
         <size>0x1055</size>
         <input_file_ref idref="fl-2"/>
      </object_component>
      <object_component id="oc-258">
         <name>.debug_info</name>
         <load_address>0x6fcd</load_address>
         <run_address>0x6fcd</run_address>
         <size>0x341</size>
         <input_file_ref idref="fl-2"/>
      </object_component>
      <object_component id="oc-197">
         <name>.debug_info</name>
         <load_address>0x730e</load_address>
         <run_address>0x730e</run_address>
         <size>0x8b</size>
         <input_file_ref idref="fl-2"/>
      </object_component>
      <object_component id="oc-287">
         <name>.debug_info</name>
         <load_address>0x7399</load_address>
         <run_address>0x7399</run_address>
         <size>0x2a4</size>
         <input_file_ref idref="fl-2"/>
      </object_component>
      <object_component id="oc-26c">
         <name>.debug_info</name>
         <load_address>0x763d</load_address>
         <run_address>0x763d</run_address>
         <size>0xef</size>
         <input_file_ref idref="fl-2"/>
      </object_component>
      <object_component id="oc-192">
         <name>.debug_info</name>
         <load_address>0x772c</load_address>
         <run_address>0x772c</run_address>
         <size>0xbb</size>
         <input_file_ref idref="fl-2"/>
      </object_component>
      <object_component id="oc-267">
         <name>.debug_info</name>
         <load_address>0x77e7</load_address>
         <run_address>0x77e7</run_address>
         <size>0xcc</size>
         <input_file_ref idref="fl-2"/>
      </object_component>
      <object_component id="oc-25d">
         <name>.debug_info</name>
         <load_address>0x78b3</load_address>
         <run_address>0x78b3</run_address>
         <size>0xee</size>
         <input_file_ref idref="fl-2"/>
      </object_component>
      <object_component id="oc-262">
         <name>.debug_info</name>
         <load_address>0x79a1</load_address>
         <run_address>0x79a1</run_address>
         <size>0x35</size>
         <input_file_ref idref="fl-2"/>
      </object_component>
      <object_component id="oc-75">
         <name>.debug_info</name>
         <load_address>0x79d6</load_address>
         <run_address>0x79d6</run_address>
         <size>0x2e2</size>
         <input_file_ref idref="fl-3"/>
      </object_component>
      <object_component id="oc-27">
         <name>.debug_info</name>
         <load_address>0x7cb8</load_address>
         <run_address>0x7cb8</run_address>
         <size>0x10e</size>
         <input_file_ref idref="fl-3"/>
      </object_component>
      <object_component id="oc-6a">
         <name>.debug_info</name>
         <load_address>0x7dc6</load_address>
         <run_address>0x7dc6</run_address>
         <size>0x1d5</size>
         <input_file_ref idref="fl-3"/>
      </object_component>
      <object_component id="oc-32">
         <name>.debug_info</name>
         <load_address>0x7f9b</load_address>
         <run_address>0x7f9b</run_address>
         <size>0x84</size>
         <input_file_ref idref="fl-3"/>
      </object_component>
      <object_component id="oc-1f2">
         <name>.debug_info</name>
         <load_address>0x801f</load_address>
         <run_address>0x801f</run_address>
         <size>0x107</size>
         <input_file_ref idref="fl-4"/>
      </object_component>
      <object_component id="oc-a6">
         <name>.debug_info</name>
         <load_address>0x8126</load_address>
         <run_address>0x8126</run_address>
         <size>0x279</size>
         <input_file_ref idref="fl-4"/>
      </object_component>
      <object_component id="oc-12c">
         <name>.debug_info</name>
         <load_address>0x839f</load_address>
         <run_address>0x839f</run_address>
         <size>0x14c</size>
         <input_file_ref idref="fl-bf"/>
      </object_component>
      <object_component id="oc-129">
         <name>.debug_info</name>
         <load_address>0x84eb</load_address>
         <run_address>0x84eb</run_address>
         <size>0x13a</size>
         <input_file_ref idref="fl-c0"/>
      </object_component>
      <object_component id="oc-132">
         <name>.debug_info</name>
         <load_address>0x8625</load_address>
         <run_address>0x8625</run_address>
         <size>0x13e</size>
         <input_file_ref idref="fl-c1"/>
      </object_component>
      <object_component id="oc-122">
         <name>.debug_info</name>
         <load_address>0x8763</load_address>
         <run_address>0x8763</run_address>
         <size>0x12c</size>
         <input_file_ref idref="fl-c2"/>
      </object_component>
      <object_component id="oc-8c">
         <name>.debug_info</name>
         <load_address>0x888f</load_address>
         <run_address>0x888f</run_address>
         <size>0x2d4</size>
         <input_file_ref idref="fl-c3"/>
      </object_component>
      <object_component id="oc-47">
         <name>.debug_info</name>
         <load_address>0x8b63</load_address>
         <run_address>0x8b63</run_address>
         <size>0x1d2</size>
         <input_file_ref idref="fl-c3"/>
      </object_component>
      <object_component id="oc-87">
         <name>.debug_info</name>
         <load_address>0x8d35</load_address>
         <run_address>0x8d35</run_address>
         <size>0x46</size>
         <input_file_ref idref="fl-c3"/>
      </object_component>
      <object_component id="oc-1aa">
         <name>.debug_info</name>
         <load_address>0x8d7b</load_address>
         <run_address>0x8d7b</run_address>
         <size>0x2c</size>
         <input_file_ref idref="fl-c3"/>
      </object_component>
      <object_component id="oc-42">
         <name>.debug_info</name>
         <load_address>0x8da7</load_address>
         <run_address>0x8da7</run_address>
         <size>0x2a8</size>
         <input_file_ref idref="fl-c4"/>
      </object_component>
      <object_component id="oc-20">
         <name>.debug_info</name>
         <load_address>0x904f</load_address>
         <run_address>0x904f</run_address>
         <size>0x1ea</size>
         <input_file_ref idref="fl-c4"/>
      </object_component>
      <object_component id="oc-3d">
         <name>.debug_info</name>
         <load_address>0x9239</load_address>
         <run_address>0x9239</run_address>
         <size>0x46</size>
         <input_file_ref idref="fl-c4"/>
      </object_component>
      <object_component id="oc-7f">
         <name>.debug_info</name>
         <load_address>0x927f</load_address>
         <run_address>0x927f</run_address>
         <size>0x2c</size>
         <input_file_ref idref="fl-c4"/>
      </object_component>
      <object_component id="oc-7d">
         <name>.debug_info</name>
         <load_address>0x92ab</load_address>
         <run_address>0x92ab</run_address>
         <size>0x29e</size>
         <input_file_ref idref="fl-c5"/>
      </object_component>
      <object_component id="oc-18">
         <name>.debug_info</name>
         <load_address>0x9549</load_address>
         <run_address>0x9549</run_address>
         <size>0x250</size>
         <input_file_ref idref="fl-c5"/>
      </object_component>
      <object_component id="oc-2d">
         <name>.debug_info</name>
         <load_address>0x9799</load_address>
         <run_address>0x9799</run_address>
         <size>0x60</size>
         <input_file_ref idref="fl-c5"/>
      </object_component>
      <object_component id="oc-1a3">
         <name>.debug_info</name>
         <load_address>0x97f9</load_address>
         <run_address>0x97f9</run_address>
         <size>0x46</size>
         <input_file_ref idref="fl-c5"/>
      </object_component>
      <object_component id="oc-78">
         <name>.debug_info</name>
         <load_address>0x983f</load_address>
         <run_address>0x983f</run_address>
         <size>0x39</size>
         <input_file_ref idref="fl-c5"/>
      </object_component>
      <object_component id="oc-283">
         <name>.debug_info</name>
         <load_address>0x9878</load_address>
         <run_address>0x9878</run_address>
         <size>0x2b9</size>
         <input_file_ref idref="fl-c6"/>
      </object_component>
      <object_component id="oc-16e">
         <name>.debug_info</name>
         <load_address>0x9b31</load_address>
         <run_address>0x9b31</run_address>
         <size>0x17c</size>
         <input_file_ref idref="fl-c6"/>
      </object_component>
      <object_component id="oc-2de">
         <name>.debug_info</name>
         <load_address>0x9cad</load_address>
         <run_address>0x9cad</run_address>
         <size>0xf9</size>
         <input_file_ref idref="fl-c7"/>
      </object_component>
      <object_component id="oc-280">
         <name>.debug_info</name>
         <load_address>0x9da6</load_address>
         <run_address>0x9da6</run_address>
         <size>0x105</size>
         <input_file_ref idref="fl-c7"/>
      </object_component>
      <object_component id="oc-27e">
         <name>.debug_info</name>
         <load_address>0x9eab</load_address>
         <run_address>0x9eab</run_address>
         <size>0x2af</size>
         <input_file_ref idref="fl-c8"/>
      </object_component>
      <object_component id="oc-169">
         <name>.debug_info</name>
         <load_address>0xa15a</load_address>
         <run_address>0xa15a</run_address>
         <size>0x277</size>
         <input_file_ref idref="fl-c8"/>
      </object_component>
      <object_component id="oc-2a">
         <name>.debug_info</name>
         <load_address>0xa3d1</load_address>
         <run_address>0xa3d1</run_address>
         <size>0x10b</size>
         <input_file_ref idref="fl-c9"/>
      </object_component>
      <object_component id="oc-56">
         <name>.debug_info</name>
         <load_address>0xa4dc</load_address>
         <run_address>0xa4dc</run_address>
         <size>0x1a9</size>
         <input_file_ref idref="fl-c9"/>
      </object_component>
      <object_component id="oc-39">
         <name>.debug_info</name>
         <load_address>0xa685</load_address>
         <run_address>0xa685</run_address>
         <size>0x119</size>
         <input_file_ref idref="fl-ca"/>
      </object_component>
      <object_component id="oc-297">
         <name>.debug_info</name>
         <load_address>0xa79e</load_address>
         <run_address>0xa79e</run_address>
         <size>0x4b3</size>
         <input_file_ref idref="fl-cc"/>
      </object_component>
      <object_component id="oc-1c1">
         <name>.debug_info</name>
         <load_address>0xac51</load_address>
         <run_address>0xac51</run_address>
         <size>0x1a6</size>
         <input_file_ref idref="fl-cc"/>
      </object_component>
      <object_component id="oc-2f1">
         <name>.debug_info</name>
         <load_address>0xadf7</load_address>
         <run_address>0xadf7</run_address>
         <size>0x39</size>
         <input_file_ref idref="fl-cc"/>
      </object_component>
      <object_component id="oc-309">
         <name>.debug_info</name>
         <load_address>0xae30</load_address>
         <run_address>0xae30</run_address>
         <size>0x39</size>
         <input_file_ref idref="fl-cc"/>
      </object_component>
      <object_component id="oc-2f6">
         <name>.debug_info</name>
         <load_address>0xae69</load_address>
         <run_address>0xae69</run_address>
         <size>0x39</size>
         <input_file_ref idref="fl-cc"/>
      </object_component>
      <object_component id="oc-2fb">
         <name>.debug_info</name>
         <load_address>0xaea2</load_address>
         <run_address>0xaea2</run_address>
         <size>0xcd</size>
         <input_file_ref idref="fl-cc"/>
      </object_component>
      <object_component id="oc-95">
         <name>.debug_info</name>
         <load_address>0xaf6f</load_address>
         <run_address>0xaf6f</run_address>
         <size>0x153</size>
         <input_file_ref idref="fl-cd"/>
      </object_component>
      <object_component id="oc-1b5">
         <name>.debug_info</name>
         <load_address>0xb0c2</load_address>
         <run_address>0xb0c2</run_address>
         <size>0x122</size>
         <input_file_ref idref="fl-cf"/>
      </object_component>
      <object_component id="oc-20d">
         <name>.debug_info</name>
         <load_address>0xb1e4</load_address>
         <run_address>0xb1e4</run_address>
         <size>0x5ef</size>
         <input_file_ref idref="fl-d2"/>
      </object_component>
      <object_component id="oc-202">
         <name>.debug_info</name>
         <load_address>0xb7d3</load_address>
         <run_address>0xb7d3</run_address>
         <size>0x17e</size>
         <input_file_ref idref="fl-d2"/>
      </object_component>
      <object_component id="oc-1f6">
         <name>.debug_info</name>
         <load_address>0xb951</load_address>
         <run_address>0xb951</run_address>
         <size>0x132</size>
         <input_file_ref idref="fl-d2"/>
      </object_component>
      <object_component id="oc-ae">
         <name>.debug_info</name>
         <load_address>0xba83</load_address>
         <run_address>0xba83</run_address>
         <size>0x22b</size>
         <input_file_ref idref="fl-d2"/>
      </object_component>
      <object_component id="oc-cc">
         <name>.debug_info</name>
         <load_address>0xbcae</load_address>
         <run_address>0xbcae</run_address>
         <size>0x1b9</size>
         <input_file_ref idref="fl-d2"/>
      </object_component>
      <object_component id="oc-2b4">
         <name>.debug_info</name>
         <load_address>0xbe67</load_address>
         <run_address>0xbe67</run_address>
         <size>0x1b5</size>
         <input_file_ref idref="fl-d2"/>
      </object_component>
      <object_component id="oc-2b9">
         <name>.debug_info</name>
         <load_address>0xc01c</load_address>
         <run_address>0xc01c</run_address>
         <size>0x103e</size>
         <input_file_ref idref="fl-d2"/>
      </object_component>
      <object_component id="oc-208">
         <name>.debug_info</name>
         <load_address>0xd05a</load_address>
         <run_address>0xd05a</run_address>
         <size>0x18b</size>
         <input_file_ref idref="fl-d2"/>
      </object_component>
      <object_component id="oc-213">
         <name>.debug_info</name>
         <load_address>0xd1e5</load_address>
         <run_address>0xd1e5</run_address>
         <size>0x4a4</size>
         <input_file_ref idref="fl-d3"/>
      </object_component>
      <object_component id="oc-210">
         <name>.debug_info</name>
         <load_address>0xd689</load_address>
         <run_address>0xd689</run_address>
         <size>0xd0</size>
         <input_file_ref idref="fl-d3"/>
      </object_component>
      <object_component id="oc-17b">
         <name>.debug_info</name>
         <load_address>0xd759</load_address>
         <run_address>0xd759</run_address>
         <size>0x183</size>
         <input_file_ref idref="fl-d3"/>
      </object_component>
      <object_component id="oc-bf">
         <name>.debug_info</name>
         <load_address>0xd8dc</load_address>
         <run_address>0xd8dc</run_address>
         <size>0x183</size>
         <input_file_ref idref="fl-d3"/>
      </object_component>
      <object_component id="oc-c6">
         <name>.debug_info</name>
         <load_address>0xda5f</load_address>
         <run_address>0xda5f</run_address>
         <size>0x185</size>
         <input_file_ref idref="fl-d3"/>
      </object_component>
      <object_component id="oc-101">
         <name>.debug_info</name>
         <load_address>0xdbe4</load_address>
         <run_address>0xdbe4</run_address>
         <size>0x1db</size>
         <input_file_ref idref="fl-d3"/>
      </object_component>
      <object_component id="oc-b9">
         <name>.debug_info</name>
         <load_address>0xddbf</load_address>
         <run_address>0xddbf</run_address>
         <size>0x19c</size>
         <input_file_ref idref="fl-d3"/>
      </object_component>
      <object_component id="oc-b3">
         <name>.debug_info</name>
         <load_address>0xdf5b</load_address>
         <run_address>0xdf5b</run_address>
         <size>0x1be</size>
         <input_file_ref idref="fl-d3"/>
      </object_component>
      <object_component id="oc-e9">
         <name>.debug_info</name>
         <load_address>0xe119</load_address>
         <run_address>0xe119</run_address>
         <size>0x1e3</size>
         <input_file_ref idref="fl-d3"/>
      </object_component>
      <object_component id="oc-184">
         <name>.debug_info</name>
         <load_address>0xe2fc</load_address>
         <run_address>0xe2fc</run_address>
         <size>0x185</size>
         <input_file_ref idref="fl-d3"/>
      </object_component>
      <object_component id="oc-f5">
         <name>.debug_info</name>
         <load_address>0xe481</load_address>
         <run_address>0xe481</run_address>
         <size>0x17f</size>
         <input_file_ref idref="fl-d3"/>
      </object_component>
      <object_component id="oc-ef">
         <name>.debug_info</name>
         <load_address>0xe600</load_address>
         <run_address>0xe600</run_address>
         <size>0x188</size>
         <input_file_ref idref="fl-d3"/>
      </object_component>
      <object_component id="oc-225">
         <name>.debug_info</name>
         <load_address>0xe788</load_address>
         <run_address>0xe788</run_address>
         <size>0x432</size>
         <input_file_ref idref="fl-d4"/>
      </object_component>
      <object_component id="oc-222">
         <name>.debug_info</name>
         <load_address>0xebba</load_address>
         <run_address>0xebba</run_address>
         <size>0x173</size>
         <input_file_ref idref="fl-d4"/>
      </object_component>
      <object_component id="oc-231">
         <name>.debug_info</name>
         <load_address>0xed2d</load_address>
         <run_address>0xed2d</run_address>
         <size>0xc5</size>
         <input_file_ref idref="fl-d4"/>
      </object_component>
      <object_component id="oc-fb">
         <name>.debug_info</name>
         <load_address>0xedf2</load_address>
         <run_address>0xedf2</run_address>
         <size>0x1a4</size>
         <input_file_ref idref="fl-d4"/>
      </object_component>
      <object_component id="oc-119">
         <name>.debug_info</name>
         <load_address>0xef96</load_address>
         <run_address>0xef96</run_address>
         <size>0x122</size>
         <input_file_ref idref="fl-d4"/>
      </object_component>
      <object_component id="oc-dd">
         <name>.debug_info</name>
         <load_address>0xf0b8</load_address>
         <run_address>0xf0b8</run_address>
         <size>0x16b</size>
         <input_file_ref idref="fl-d4"/>
      </object_component>
      <object_component id="oc-e3">
         <name>.debug_info</name>
         <load_address>0xf223</load_address>
         <run_address>0xf223</run_address>
         <size>0x124</size>
         <input_file_ref idref="fl-d4"/>
      </object_component>
      <object_component id="oc-136">
         <name>.debug_info</name>
         <load_address>0xf347</load_address>
         <run_address>0xf347</run_address>
         <size>0x16d</size>
         <input_file_ref idref="fl-d4"/>
      </object_component>
      <object_component id="oc-2b0">
         <name>.debug_info</name>
         <load_address>0xf4b4</load_address>
         <run_address>0xf4b4</run_address>
         <size>0x379</size>
         <input_file_ref idref="fl-d5"/>
      </object_component>
      <object_component id="oc-1fd">
         <name>.debug_info</name>
         <load_address>0xf82d</load_address>
         <run_address>0xf82d</run_address>
         <size>0x1d6</size>
         <input_file_ref idref="fl-d5"/>
      </object_component>
      <object_component id="oc-21f">
         <name>.debug_info</name>
         <load_address>0xfa03</load_address>
         <run_address>0xfa03</run_address>
         <size>0x4f5</size>
         <input_file_ref idref="fl-d6"/>
      </object_component>
      <object_component id="oc-d8">
         <name>.debug_info</name>
         <load_address>0xfef8</load_address>
         <run_address>0xfef8</run_address>
         <size>0x160</size>
         <input_file_ref idref="fl-d6"/>
      </object_component>
      <object_component id="oc-21a">
         <name>.debug_info</name>
         <load_address>0x10058</load_address>
         <run_address>0x10058</run_address>
         <size>0x1af</size>
         <input_file_ref idref="fl-d6"/>
      </object_component>
      <object_component id="oc-174">
         <name>.debug_info</name>
         <load_address>0x10207</load_address>
         <run_address>0x10207</run_address>
         <size>0x133</size>
         <input_file_ref idref="fl-d6"/>
      </object_component>
      <object_component id="oc-14f">
         <name>.debug_info</name>
         <load_address>0x1033a</load_address>
         <run_address>0x1033a</run_address>
         <size>0x135</size>
         <input_file_ref idref="fl-d6"/>
      </object_component>
      <object_component id="oc-d2">
         <name>.debug_info</name>
         <load_address>0x1046f</load_address>
         <run_address>0x1046f</run_address>
         <size>0x188</size>
         <input_file_ref idref="fl-d6"/>
      </object_component>
      <object_component id="oc-13d">
         <name>.debug_info</name>
         <load_address>0x105f7</load_address>
         <run_address>0x105f7</run_address>
         <size>0x1b7</size>
         <input_file_ref idref="fl-d6"/>
      </object_component>
      <object_component id="oc-2c5">
         <name>.debug_info</name>
         <load_address>0x107ae</load_address>
         <run_address>0x107ae</run_address>
         <size>0x341</size>
         <input_file_ref idref="fl-d6"/>
      </object_component>
      <object_component id="oc-236">
         <name>.debug_info</name>
         <load_address>0x10aef</load_address>
         <run_address>0x10aef</run_address>
         <size>0x498</size>
         <input_file_ref idref="fl-d7"/>
      </object_component>
      <object_component id="oc-160">
         <name>.debug_info</name>
         <load_address>0x10f87</load_address>
         <run_address>0x10f87</run_address>
         <size>0x141</size>
         <input_file_ref idref="fl-d7"/>
      </object_component>
      <object_component id="oc-107">
         <name>.debug_info</name>
         <load_address>0x110c8</load_address>
         <run_address>0x110c8</run_address>
         <size>0x169</size>
         <input_file_ref idref="fl-d7"/>
      </object_component>
      <object_component id="oc-275">
         <name>.debug_info</name>
         <load_address>0x11231</load_address>
         <run_address>0x11231</run_address>
         <size>0x174</size>
         <input_file_ref idref="fl-d7"/>
      </object_component>
      <object_component id="oc-154">
         <name>.debug_info</name>
         <load_address>0x113a5</load_address>
         <run_address>0x113a5</run_address>
         <size>0x1d3</size>
         <input_file_ref idref="fl-d7"/>
      </object_component>
      <object_component id="oc-10d">
         <name>.debug_info</name>
         <load_address>0x11578</load_address>
         <run_address>0x11578</run_address>
         <size>0x13f</size>
         <input_file_ref idref="fl-d7"/>
      </object_component>
      <object_component id="oc-113">
         <name>.debug_info</name>
         <load_address>0x116b7</load_address>
         <run_address>0x116b7</run_address>
         <size>0x168</size>
         <input_file_ref idref="fl-d7"/>
      </object_component>
      <object_component id="oc-15a">
         <name>.debug_info</name>
         <load_address>0x1181f</load_address>
         <run_address>0x1181f</run_address>
         <size>0x170</size>
         <input_file_ref idref="fl-d7"/>
      </object_component>
      <object_component id="oc-2d3">
         <name>.debug_info</name>
         <load_address>0x1198f</load_address>
         <run_address>0x1198f</run_address>
         <size>0xee</size>
         <input_file_ref idref="fl-d7"/>
      </object_component>
      <object_component id="oc-23a">
         <name>.debug_info</name>
         <load_address>0x11a7d</load_address>
         <run_address>0x11a7d</run_address>
         <size>0xe7</size>
         <input_file_ref idref="fl-d8"/>
      </object_component>
      <object_component id="oc-228">
         <name>.debug_info</name>
         <load_address>0x11b64</load_address>
         <run_address>0x11b64</run_address>
         <size>0xe6</size>
         <input_file_ref idref="fl-d8"/>
      </object_component>
      <object_component id="oc-34a">
         <name>.debug_info</name>
         <load_address>0x11c4a</load_address>
         <run_address>0x11c4a</run_address>
         <size>0xba</size>
      </object_component>
      <object_component id="oc-24d">
         <name>.debug_line</name>
         <load_address>0x0</load_address>
         <run_address>0x0</run_address>
         <size>0x1c8</size>
         <input_file_ref idref="fl-2"/>
      </object_component>
      <object_component id="oc-24b">
         <name>.debug_line</name>
         <load_address>0x1c8</load_address>
         <run_address>0x1c8</run_address>
         <size>0x32</size>
         <input_file_ref idref="fl-2"/>
      </object_component>
      <object_component id="oc-241">
         <name>.debug_line</name>
         <load_address>0x1fa</load_address>
         <run_address>0x1fa</run_address>
         <size>0x32</size>
         <input_file_ref idref="fl-2"/>
      </object_component>
      <object_component id="oc-249">
         <name>.debug_line</name>
         <load_address>0x22c</load_address>
         <run_address>0x22c</run_address>
         <size>0x32</size>
         <input_file_ref idref="fl-2"/>
      </object_component>
      <object_component id="oc-272">
         <name>.debug_line</name>
         <load_address>0x25e</load_address>
         <run_address>0x25e</run_address>
         <size>0x32</size>
         <input_file_ref idref="fl-2"/>
      </object_component>
      <object_component id="oc-72">
         <name>.debug_line</name>
         <load_address>0x290</load_address>
         <run_address>0x290</run_address>
         <size>0x1e2</size>
         <input_file_ref idref="fl-2"/>
      </object_component>
      <object_component id="oc-251">
         <name>.debug_line</name>
         <load_address>0x472</load_address>
         <run_address>0x472</run_address>
         <size>0x58</size>
         <input_file_ref idref="fl-2"/>
      </object_component>
      <object_component id="oc-1a1">
         <name>.debug_line</name>
         <load_address>0x4ca</load_address>
         <run_address>0x4ca</run_address>
         <size>0x6f</size>
         <input_file_ref idref="fl-2"/>
      </object_component>
      <object_component id="oc-256">
         <name>.debug_line</name>
         <load_address>0x539</load_address>
         <run_address>0x539</run_address>
         <size>0x5b</size>
         <input_file_ref idref="fl-2"/>
      </object_component>
      <object_component id="oc-25b">
         <name>.debug_line</name>
         <load_address>0x594</load_address>
         <run_address>0x594</run_address>
         <size>0x64</size>
         <input_file_ref idref="fl-2"/>
      </object_component>
      <object_component id="oc-19a">
         <name>.debug_line</name>
         <load_address>0x5f8</load_address>
         <run_address>0x5f8</run_address>
         <size>0x20</size>
         <input_file_ref idref="fl-2"/>
      </object_component>
      <object_component id="oc-28a">
         <name>.debug_line</name>
         <load_address>0x618</load_address>
         <run_address>0x618</run_address>
         <size>0x73</size>
         <input_file_ref idref="fl-2"/>
      </object_component>
      <object_component id="oc-26f">
         <name>.debug_line</name>
         <load_address>0x68b</load_address>
         <run_address>0x68b</run_address>
         <size>0x6f</size>
         <input_file_ref idref="fl-2"/>
      </object_component>
      <object_component id="oc-195">
         <name>.debug_line</name>
         <load_address>0x6fa</load_address>
         <run_address>0x6fa</run_address>
         <size>0x70</size>
         <input_file_ref idref="fl-2"/>
      </object_component>
      <object_component id="oc-26a">
         <name>.debug_line</name>
         <load_address>0x76a</load_address>
         <run_address>0x76a</run_address>
         <size>0x6a</size>
         <input_file_ref idref="fl-2"/>
      </object_component>
      <object_component id="oc-260">
         <name>.debug_line</name>
         <load_address>0x7d4</load_address>
         <run_address>0x7d4</run_address>
         <size>0x61</size>
         <input_file_ref idref="fl-2"/>
      </object_component>
      <object_component id="oc-265">
         <name>.debug_line</name>
         <load_address>0x835</load_address>
         <run_address>0x835</run_address>
         <size>0x74</size>
         <input_file_ref idref="fl-2"/>
      </object_component>
      <object_component id="oc-19d">
         <name>.debug_line</name>
         <load_address>0x8a9</load_address>
         <run_address>0x8a9</run_address>
         <size>0x40</size>
         <input_file_ref idref="fl-3"/>
      </object_component>
      <object_component id="oc-74">
         <name>.debug_line</name>
         <load_address>0x8e9</load_address>
         <run_address>0x8e9</run_address>
         <size>0x40</size>
         <input_file_ref idref="fl-3"/>
      </object_component>
      <object_component id="oc-68">
         <name>.debug_line</name>
         <load_address>0x929</load_address>
         <run_address>0x929</run_address>
         <size>0x71</size>
         <input_file_ref idref="fl-3"/>
      </object_component>
      <object_component id="oc-35">
         <name>.debug_line</name>
         <load_address>0x99a</load_address>
         <run_address>0x99a</run_address>
         <size>0x20</size>
         <input_file_ref idref="fl-3"/>
      </object_component>
      <object_component id="oc-2ad">
         <name>.debug_line</name>
         <load_address>0x9ba</load_address>
         <run_address>0x9ba</run_address>
         <size>0x3b</size>
         <input_file_ref idref="fl-4"/>
      </object_component>
      <object_component id="oc-a9">
         <name>.debug_line</name>
         <load_address>0x9f5</load_address>
         <run_address>0x9f5</run_address>
         <size>0x140</size>
         <input_file_ref idref="fl-4"/>
      </object_component>
      <object_component id="oc-12f">
         <name>.debug_line</name>
         <load_address>0xb35</load_address>
         <run_address>0xb35</run_address>
         <size>0xd2</size>
         <input_file_ref idref="fl-bf"/>
      </object_component>
      <object_component id="oc-127">
         <name>.debug_line</name>
         <load_address>0xc07</load_address>
         <run_address>0xc07</run_address>
         <size>0x8e</size>
         <input_file_ref idref="fl-c0"/>
      </object_component>
      <object_component id="oc-134">
         <name>.debug_line</name>
         <load_address>0xc95</load_address>
         <run_address>0xc95</run_address>
         <size>0x67</size>
         <input_file_ref idref="fl-c1"/>
      </object_component>
      <object_component id="oc-125">
         <name>.debug_line</name>
         <load_address>0xcfc</load_address>
         <run_address>0xcfc</run_address>
         <size>0x57</size>
         <input_file_ref idref="fl-c2"/>
      </object_component>
      <object_component id="oc-1b0">
         <name>.debug_line</name>
         <load_address>0xd53</load_address>
         <run_address>0xd53</run_address>
         <size>0x92</size>
         <input_file_ref idref="fl-c3"/>
      </object_component>
      <object_component id="oc-44">
         <name>.debug_line</name>
         <load_address>0xde5</load_address>
         <run_address>0xde5</run_address>
         <size>0x4c</size>
         <input_file_ref idref="fl-c3"/>
      </object_component>
      <object_component id="oc-8a">
         <name>.debug_line</name>
         <load_address>0xe31</load_address>
         <run_address>0xe31</run_address>
         <size>0x34</size>
         <input_file_ref idref="fl-c3"/>
      </object_component>
      <object_component id="oc-1ad">
         <name>.debug_line</name>
         <load_address>0xe65</load_address>
         <run_address>0xe65</run_address>
         <size>0x92</size>
         <input_file_ref idref="fl-c3"/>
      </object_component>
      <object_component id="oc-85">
         <name>.debug_line</name>
         <load_address>0xef7</load_address>
         <run_address>0xef7</run_address>
         <size>0x20</size>
         <input_file_ref idref="fl-c4"/>
      </object_component>
      <object_component id="oc-1e">
         <name>.debug_line</name>
         <load_address>0xf17</load_address>
         <run_address>0xf17</run_address>
         <size>0x55</size>
         <input_file_ref idref="fl-c4"/>
      </object_component>
      <object_component id="oc-40">
         <name>.debug_line</name>
         <load_address>0xf6c</load_address>
         <run_address>0xf6c</run_address>
         <size>0x3a</size>
         <input_file_ref idref="fl-c4"/>
      </object_component>
      <object_component id="oc-82">
         <name>.debug_line</name>
         <load_address>0xfa6</load_address>
         <run_address>0xfa6</run_address>
         <size>0x92</size>
         <input_file_ref idref="fl-c4"/>
      </object_component>
      <object_component id="oc-1a9">
         <name>.debug_line</name>
         <load_address>0x1038</load_address>
         <run_address>0x1038</run_address>
         <size>0x20</size>
         <input_file_ref idref="fl-c5"/>
      </object_component>
      <object_component id="oc-1b">
         <name>.debug_line</name>
         <load_address>0x1058</load_address>
         <run_address>0x1058</run_address>
         <size>0xa9</size>
         <input_file_ref idref="fl-c5"/>
      </object_component>
      <object_component id="oc-30">
         <name>.debug_line</name>
         <load_address>0x1101</load_address>
         <run_address>0x1101</run_address>
         <size>0x3a</size>
         <input_file_ref idref="fl-c5"/>
      </object_component>
      <object_component id="oc-1a6">
         <name>.debug_line</name>
         <load_address>0x113b</load_address>
         <run_address>0x113b</run_address>
         <size>0x9a</size>
         <input_file_ref idref="fl-c5"/>
      </object_component>
      <object_component id="oc-7b">
         <name>.debug_line</name>
         <load_address>0x11d5</load_address>
         <run_address>0x11d5</run_address>
         <size>0x96</size>
         <input_file_ref idref="fl-c5"/>
      </object_component>
      <object_component id="oc-2e0">
         <name>.debug_line</name>
         <load_address>0x126b</load_address>
         <run_address>0x126b</run_address>
         <size>0x91</size>
         <input_file_ref idref="fl-c6"/>
      </object_component>
      <object_component id="oc-170">
         <name>.debug_line</name>
         <load_address>0x12fc</load_address>
         <run_address>0x12fc</run_address>
         <size>0x62</size>
         <input_file_ref idref="fl-c6"/>
      </object_component>
      <object_component id="oc-305">
         <name>.debug_line</name>
         <load_address>0x135e</load_address>
         <run_address>0x135e</run_address>
         <size>0x20</size>
         <input_file_ref idref="fl-c7"/>
      </object_component>
      <object_component id="oc-2dd">
         <name>.debug_line</name>
         <load_address>0x137e</load_address>
         <run_address>0x137e</run_address>
         <size>0x2b</size>
         <input_file_ref idref="fl-c7"/>
      </object_component>
      <object_component id="oc-2db">
         <name>.debug_line</name>
         <load_address>0x13a9</load_address>
         <run_address>0x13a9</run_address>
         <size>0x20</size>
         <input_file_ref idref="fl-c8"/>
      </object_component>
      <object_component id="oc-166">
         <name>.debug_line</name>
         <load_address>0x13c9</load_address>
         <run_address>0x13c9</run_address>
         <size>0xb7</size>
         <input_file_ref idref="fl-c8"/>
      </object_component>
      <object_component id="oc-77">
         <name>.debug_line</name>
         <load_address>0x1480</load_address>
         <run_address>0x1480</run_address>
         <size>0x33</size>
         <input_file_ref idref="fl-c9"/>
      </object_component>
      <object_component id="oc-59">
         <name>.debug_line</name>
         <load_address>0x14b3</load_address>
         <run_address>0x14b3</run_address>
         <size>0x45</size>
         <input_file_ref idref="fl-c9"/>
      </object_component>
      <object_component id="oc-38">
         <name>.debug_line</name>
         <load_address>0x14f8</load_address>
         <run_address>0x14f8</run_address>
         <size>0x88</size>
         <input_file_ref idref="fl-ca"/>
      </object_component>
      <object_component id="oc-2f0">
         <name>.debug_line</name>
         <load_address>0x1580</load_address>
         <run_address>0x1580</run_address>
         <size>0xbf</size>
         <input_file_ref idref="fl-cc"/>
      </object_component>
      <object_component id="oc-1c4">
         <name>.debug_line</name>
         <load_address>0x163f</load_address>
         <run_address>0x163f</run_address>
         <size>0x6f</size>
         <input_file_ref idref="fl-cc"/>
      </object_component>
      <object_component id="oc-2f4">
         <name>.debug_line</name>
         <load_address>0x16ae</load_address>
         <run_address>0x16ae</run_address>
         <size>0x2e</size>
         <input_file_ref idref="fl-cc"/>
      </object_component>
      <object_component id="oc-30c">
         <name>.debug_line</name>
         <load_address>0x16dc</load_address>
         <run_address>0x16dc</run_address>
         <size>0x9a</size>
         <input_file_ref idref="fl-cc"/>
      </object_component>
      <object_component id="oc-2f9">
         <name>.debug_line</name>
         <load_address>0x1776</load_address>
         <run_address>0x1776</run_address>
         <size>0x97</size>
         <input_file_ref idref="fl-cc"/>
      </object_component>
      <object_component id="oc-2fe">
         <name>.debug_line</name>
         <load_address>0x180d</load_address>
         <run_address>0x180d</run_address>
         <size>0x93</size>
         <input_file_ref idref="fl-cc"/>
      </object_component>
      <object_component id="oc-98">
         <name>.debug_line</name>
         <load_address>0x18a0</load_address>
         <run_address>0x18a0</run_address>
         <size>0x40</size>
         <input_file_ref idref="fl-cd"/>
      </object_component>
      <object_component id="oc-1b7">
         <name>.debug_line</name>
         <load_address>0x18e0</load_address>
         <run_address>0x18e0</run_address>
         <size>0x3c</size>
         <input_file_ref idref="fl-cf"/>
      </object_component>
      <object_component id="oc-2b3">
         <name>.debug_line</name>
         <load_address>0x191c</load_address>
         <run_address>0x191c</run_address>
         <size>0x47</size>
         <input_file_ref idref="fl-d2"/>
      </object_component>
      <object_component id="oc-206">
         <name>.debug_line</name>
         <load_address>0x1963</load_address>
         <run_address>0x1963</run_address>
         <size>0x58</size>
         <input_file_ref idref="fl-d2"/>
      </object_component>
      <object_component id="oc-1fa">
         <name>.debug_line</name>
         <load_address>0x19bb</load_address>
         <run_address>0x19bb</run_address>
         <size>0x41</size>
         <input_file_ref idref="fl-d2"/>
      </object_component>
      <object_component id="oc-b1">
         <name>.debug_line</name>
         <load_address>0x19fc</load_address>
         <run_address>0x19fc</run_address>
         <size>0xd9</size>
         <input_file_ref idref="fl-d2"/>
      </object_component>
      <object_component id="oc-cf">
         <name>.debug_line</name>
         <load_address>0x1ad5</load_address>
         <run_address>0x1ad5</run_address>
         <size>0x99</size>
         <input_file_ref idref="fl-d2"/>
      </object_component>
      <object_component id="oc-2b7">
         <name>.debug_line</name>
         <load_address>0x1b6e</load_address>
         <run_address>0x1b6e</run_address>
         <size>0x2e</size>
         <input_file_ref idref="fl-d2"/>
      </object_component>
      <object_component id="oc-2bc">
         <name>.debug_line</name>
         <load_address>0x1b9c</load_address>
         <run_address>0x1b9c</run_address>
         <size>0x5e</size>
         <input_file_ref idref="fl-d2"/>
      </object_component>
      <object_component id="oc-20b">
         <name>.debug_line</name>
         <load_address>0x1bfa</load_address>
         <run_address>0x1bfa</run_address>
         <size>0x69</size>
         <input_file_ref idref="fl-d2"/>
      </object_component>
      <object_component id="oc-2c1">
         <name>.debug_line</name>
         <load_address>0x1c63</load_address>
         <run_address>0x1c63</run_address>
         <size>0x31</size>
         <input_file_ref idref="fl-d3"/>
      </object_component>
      <object_component id="oc-2bf">
         <name>.debug_line</name>
         <load_address>0x1c94</load_address>
         <run_address>0x1c94</run_address>
         <size>0x2a</size>
         <input_file_ref idref="fl-d3"/>
      </object_component>
      <object_component id="oc-17a">
         <name>.debug_line</name>
         <load_address>0x1cbe</load_address>
         <run_address>0x1cbe</run_address>
         <size>0x3f</size>
         <input_file_ref idref="fl-d3"/>
      </object_component>
      <object_component id="oc-c2">
         <name>.debug_line</name>
         <load_address>0x1cfd</load_address>
         <run_address>0x1cfd</run_address>
         <size>0x3f</size>
         <input_file_ref idref="fl-d3"/>
      </object_component>
      <object_component id="oc-c5">
         <name>.debug_line</name>
         <load_address>0x1d3c</load_address>
         <run_address>0x1d3c</run_address>
         <size>0x3f</size>
         <input_file_ref idref="fl-d3"/>
      </object_component>
      <object_component id="oc-104">
         <name>.debug_line</name>
         <load_address>0x1d7b</load_address>
         <run_address>0x1d7b</run_address>
         <size>0x4e</size>
         <input_file_ref idref="fl-d3"/>
      </object_component>
      <object_component id="oc-bc">
         <name>.debug_line</name>
         <load_address>0x1dc9</load_address>
         <run_address>0x1dc9</run_address>
         <size>0x44</size>
         <input_file_ref idref="fl-d3"/>
      </object_component>
      <object_component id="oc-b6">
         <name>.debug_line</name>
         <load_address>0x1e0d</load_address>
         <run_address>0x1e0d</run_address>
         <size>0x46</size>
         <input_file_ref idref="fl-d3"/>
      </object_component>
      <object_component id="oc-ed">
         <name>.debug_line</name>
         <load_address>0x1e53</load_address>
         <run_address>0x1e53</run_address>
         <size>0x46</size>
         <input_file_ref idref="fl-d3"/>
      </object_component>
      <object_component id="oc-188">
         <name>.debug_line</name>
         <load_address>0x1e99</load_address>
         <run_address>0x1e99</run_address>
         <size>0x3f</size>
         <input_file_ref idref="fl-d3"/>
      </object_component>
      <object_component id="oc-f9">
         <name>.debug_line</name>
         <load_address>0x1ed8</load_address>
         <run_address>0x1ed8</run_address>
         <size>0x3f</size>
         <input_file_ref idref="fl-d3"/>
      </object_component>
      <object_component id="oc-f3">
         <name>.debug_line</name>
         <load_address>0x1f17</load_address>
         <run_address>0x1f17</run_address>
         <size>0x3f</size>
         <input_file_ref idref="fl-d3"/>
      </object_component>
      <object_component id="oc-2cd">
         <name>.debug_line</name>
         <load_address>0x1f56</load_address>
         <run_address>0x1f56</run_address>
         <size>0x2b</size>
         <input_file_ref idref="fl-d4"/>
      </object_component>
      <object_component id="oc-2cb">
         <name>.debug_line</name>
         <load_address>0x1f81</load_address>
         <run_address>0x1f81</run_address>
         <size>0x2f</size>
         <input_file_ref idref="fl-d4"/>
      </object_component>
      <object_component id="oc-2d0">
         <name>.debug_line</name>
         <load_address>0x1fb0</load_address>
         <run_address>0x1fb0</run_address>
         <size>0x2f</size>
         <input_file_ref idref="fl-d4"/>
      </object_component>
      <object_component id="oc-ff">
         <name>.debug_line</name>
         <load_address>0x1fdf</load_address>
         <run_address>0x1fdf</run_address>
         <size>0x46</size>
         <input_file_ref idref="fl-d4"/>
      </object_component>
      <object_component id="oc-11d">
         <name>.debug_line</name>
         <load_address>0x2025</load_address>
         <run_address>0x2025</run_address>
         <size>0x44</size>
         <input_file_ref idref="fl-d4"/>
      </object_component>
      <object_component id="oc-e0">
         <name>.debug_line</name>
         <load_address>0x2069</load_address>
         <run_address>0x2069</run_address>
         <size>0x6d</size>
         <input_file_ref idref="fl-d4"/>
      </object_component>
      <object_component id="oc-e7">
         <name>.debug_line</name>
         <load_address>0x20d6</load_address>
         <run_address>0x20d6</run_address>
         <size>0x44</size>
         <input_file_ref idref="fl-d4"/>
      </object_component>
      <object_component id="oc-139">
         <name>.debug_line</name>
         <load_address>0x211a</load_address>
         <run_address>0x211a</run_address>
         <size>0x6d</size>
         <input_file_ref idref="fl-d4"/>
      </object_component>
      <object_component id="oc-303">
         <name>.debug_line</name>
         <load_address>0x2187</load_address>
         <run_address>0x2187</run_address>
         <size>0x20</size>
         <input_file_ref idref="fl-d5"/>
      </object_component>
      <object_component id="oc-1fc">
         <name>.debug_line</name>
         <load_address>0x21a7</load_address>
         <run_address>0x21a7</run_address>
         <size>0x58</size>
         <input_file_ref idref="fl-d5"/>
      </object_component>
      <object_component id="oc-2c4">
         <name>.debug_line</name>
         <load_address>0x21ff</load_address>
         <run_address>0x21ff</run_address>
         <size>0x31</size>
         <input_file_ref idref="fl-d6"/>
      </object_component>
      <object_component id="oc-da">
         <name>.debug_line</name>
         <load_address>0x2230</load_address>
         <run_address>0x2230</run_address>
         <size>0x3f</size>
         <input_file_ref idref="fl-d6"/>
      </object_component>
      <object_component id="oc-21c">
         <name>.debug_line</name>
         <load_address>0x226f</load_address>
         <run_address>0x226f</run_address>
         <size>0x6c</size>
         <input_file_ref idref="fl-d6"/>
      </object_component>
      <object_component id="oc-176">
         <name>.debug_line</name>
         <load_address>0x22db</load_address>
         <run_address>0x22db</run_address>
         <size>0x42</size>
         <input_file_ref idref="fl-d6"/>
      </object_component>
      <object_component id="oc-151">
         <name>.debug_line</name>
         <load_address>0x231d</load_address>
         <run_address>0x231d</run_address>
         <size>0x42</size>
         <input_file_ref idref="fl-d6"/>
      </object_component>
      <object_component id="oc-d4">
         <name>.debug_line</name>
         <load_address>0x235f</load_address>
         <run_address>0x235f</run_address>
         <size>0x58</size>
         <input_file_ref idref="fl-d6"/>
      </object_component>
      <object_component id="oc-13f">
         <name>.debug_line</name>
         <load_address>0x23b7</load_address>
         <run_address>0x23b7</run_address>
         <size>0x42</size>
         <input_file_ref idref="fl-d6"/>
      </object_component>
      <object_component id="oc-2c8">
         <name>.debug_line</name>
         <load_address>0x23f9</load_address>
         <run_address>0x23f9</run_address>
         <size>0x2f</size>
         <input_file_ref idref="fl-d6"/>
      </object_component>
      <object_component id="oc-2d2">
[...]
      </symbol>
      <symbol id="sm-ff">
         <name>Astat</name>
         <value>0x20000064</value>
      </symbol>
      <symbol id="sm-100">
         <name>Bstat</name>
         <value>0x20000068</value>
      </symbol>
      <symbol id="sm-101">
         <name>prevA</name>
         <value>0x20000080</value>
      </symbol>
      <symbol id="sm-102">
         <name>prevB</name>
         <value>0x20000084</value>
      </symbol>
      <symbol id="sm-103">
         <name>encDirection</name>
         <value>0x2000008d</value>
      </symbol>
      <symbol id="sm-104">
         <name>PWM</name>
         <value>0x2000006c</value>
      </symbol>
      <symbol id="sm-105">
         <name>direction</name>
         <value>0x2000008c</value>
      </symbol>
      <symbol id="sm-106">
         <name>error</name>
         <value>0x2000007c</value>
      </symbol>
      <symbol id="sm-107">
         <name>accError</name>
         <value>0x20000070</value>
      </symbol>
      <symbol id="sm-108">
         <name>elbow</name>
         <value>0x20000074</value>
      </symbol>
      <symbol id="sm-109">
         <name>strcount</name>
         <value>0x20000030</value>
         <object_component_ref idref="oc-14a"/>
      </symbol>
      <symbol id="sm-10a">
         <name>PWM2</name>
         <value>0x2000004c</value>
         <object_component_ref idref="oc-14a"/>
      </symbol>
      <symbol id="sm-10b">
         <name>PORT1_IRQHandler</name>
         <value>0x7a1</value>
         <object_component_ref idref="oc-6d"/>
      </symbol>
      <symbol id="sm-10c">
         <name>dutyCycle</name>
         <value>0x20000048</value>
         <object_component_ref idref="oc-14a"/>
      </symbol>
      <symbol id="sm-10d">
         <name>TA0_0_IRQHandler</name>
         <value>0x2c1</value>
         <object_component_ref idref="oc-6d"/>
      </symbol>
      <symbol id="sm-10e">
         <name>main</name>
         <value>0xe9</value>
         <object_component_ref idref="oc-6d"/>
      </symbol>
      <symbol id="sm-10f">
         <name>kp</name>
         <value>0x20000040</value>
         <object_component_ref idref="oc-14a"/>
      </symbol>
      <symbol id="sm-110">
         <name>ki</name>
         <value>0x20000044</value>
         <object_component_ref idref="oc-14a"/>
      </symbol>
      <symbol id="sm-111">
         <name>UART_init</name>
         <value>0x1a90</value>
         <object_component_ref idref="oc-144"/>
      </symbol>
      <symbol id="sm-112">
         <name>upConfig_1</name>
         <value>0x1acc</value>
         <object_component_ref idref="oc-141"/>
      </symbol>
      <symbol id="sm-113">
         <name>upConfig_0</name>
         <value>0x1ab4</value>
         <object_component_ref idref="oc-11e"/>
      </symbol>
      <symbol id="sm-114">
         <name>EUSCIA0_IRQHandler</name>
         <value>0x519</value>
         <object_component_ref idref="oc-6d"/>
      </symbol>
      <symbol id="sm-115">
         <name>angle</name>
         <value>0x20000038</value>
         <object_component_ref idref="oc-14a"/>
      </symbol>
      <symbol id="sm-116">
         <name>PORT5_IRQHandler</name>
         <value>0x66d</value>
         <object_component_ref idref="oc-6d"/>
      </symbol>
      <symbol id="sm-117">
         <name>TA1_0_IRQHandler</name>
         <value>0x625</value>
         <object_component_ref idref="oc-6d"/>
      </symbol>
      <symbol id="sm-118">
         <name>count</name>
         <value>0x20000034</value>
         <object_component_ref idref="oc-14a"/>
      </symbol>
      <symbol id="sm-119">
         <name>running1</name>
         <value>0x2000003c</value>
         <object_component_ref idref="oc-14a"/>
      </symbol>
      <symbol id="sm-11a">
         <name>running2</name>
         <value>0x2000003d</value>
         <object_component_ref idref="oc-14a"/>
      </symbol>
      <symbol id="sm-134">
         <name>Reset_Handler</name>
         <value>0x18b5</value>
         <object_component_ref idref="oc-67"/>
      </symbol>
      <symbol id="sm-135">
         <name>Default_Handler</name>
         <value>0x18c1</value>
         <object_component_ref idref="oc-67"/>
      </symbol>
      <symbol id="sm-136">
         <name>interruptVectors</name>
         <value>0x0</value>
         <object_component_ref idref="oc-26"/>
      </symbol>
      <symbol id="sm-184">
         <name>SystemInit</name>
         <value>0xad5</value>
         <object_component_ref idref="oc-a5"/>
      </symbol>
      <symbol id="sm-185">
         <name>SystemCoreClockUpdate</name>
         <value>0x85d</value>
         <object_component_ref idref="oc-a5"/>
      </symbol>
      <symbol id="sm-186">
         <name>SystemCoreClock</name>
         <value>0x20000050</value>
         <object_component_ref idref="oc-1f1"/>
      </symbol>
      <symbol id="sm-19d">
         <name>__aeabi_dsub</name>
         <value>0xbad</value>
         <object_component_ref idref="oc-12b"/>
      </symbol>
      <symbol id="sm-19e">
         <name>__aeabi_dadd</name>
         <value>0xbb7</value>
         <object_component_ref idref="oc-12b"/>
      </symbol>
      <symbol id="sm-1a9">
         <name>__aeabi_dmul</name>
         <value>0xeb1</value>
         <object_component_ref idref="oc-126"/>
      </symbol>
      <symbol id="sm-1b5">
         <name>__aeabi_d2f</name>
         <value>0x1271</value>
         <object_component_ref idref="oc-130"/>
      </symbol>
      <symbol id="sm-1c0">
         <name>__aeabi_f2d</name>
         <value>0x15d1</value>
         <object_component_ref idref="oc-121"/>
      </symbol>
      <symbol id="sm-1d9">
         <name>__TI_zero_init_nomemset</name>
         <value>0x1785</value>
         <object_component_ref idref="oc-43"/>
      </symbol>
      <symbol id="sm-1f0">
         <name>__TI_decompress_none</name>
         <value>0x18a7</value>
         <object_component_ref idref="oc-1d"/>
      </symbol>
      <symbol id="sm-213">
         <name>__TI_decompress_lzss</name>
         <value>0x12df</value>
         <object_component_ref idref="oc-17"/>
      </symbol>
      <symbol id="sm-229">
         <name>atoi</name>
         <value>0x14b5</value>
         <object_component_ref idref="oc-16b"/>
      </symbol>
      <symbol id="sm-234">
         <name>_ctypes_</name>
         <value>0x18fc</value>
         <object_component_ref idref="oc-27f"/>
      </symbol>
      <symbol id="sm-244">
         <name>strncpy</name>
         <value>0x1609</value>
         <object_component_ref idref="oc-165"/>
      </symbol>
      <symbol id="sm-257">
         <name>__stack</name>
         <value>0x2003fe00</value>
         <object_component_ref idref="oc-29"/>
      </symbol>
      <symbol id="sm-258">
         <name>_c_int00_noargs</name>
         <value>0x1641</value>
         <object_component_ref idref="oc-55"/>
      </symbol>
      <symbol id="sm-273">
         <name>memcpy</name>
         <value>0x113f</value>
         <object_component_ref idref="oc-37"/>
      </symbol>
      <symbol id="sm-274">
         <name>__aeabi_memcpy</name>
         <value>0x113f</value>
         <object_component_ref idref="oc-37"/>
      </symbol>
      <symbol id="sm-275">
         <name>__aeabi_memcpy8</name>
         <value>0x113f</value>
         <object_component_ref idref="oc-37"/>
      </symbol>
      <symbol id="sm-276">
         <name>__aeabi_memcpy4</name>
         <value>0x113f</value>
         <object_component_ref idref="oc-37"/>
      </symbol>
      <symbol id="sm-29f">
         <name>__TI_auto_init_nobinit_nopinit</name>
         <value>0x158d</value>
         <object_component_ref idref="oc-1bf"/>
      </symbol>
      <symbol id="sm-2a9">
         <name>_system_pre_init</name>
         <value>0x18f5</value>
         <object_component_ref idref="oc-93"/>
      </symbol>
      <symbol id="sm-2b5">
         <name>C$$EXIT</name>
         <value>0x18f9</value>
         <object_component_ref idref="oc-1b3"/>
      </symbol>
      <symbol id="sm-2b6">
         <name>abort</name>
         <value>0x18f9</value>
         <object_component_ref idref="oc-1b3"/>
      </symbol>
      <symbol id="sm-326">
         <name>CS_setDCOFrequency</name>
         <value>0xd65</value>
         <object_component_ref idref="oc-ac"/>
      </symbol>
      <symbol id="sm-327">
         <name>CS_setDCOCenteredFrequency</name>
         <value>0x16d5</value>
         <object_component_ref idref="oc-1f5"/>
      </symbol>
      <symbol id="sm-328">
         <name>CS_tuneDCOFrequency</name>
         <value>0x1411</value>
         <object_component_ref idref="oc-201"/>
      </symbol>
      <symbol id="sm-329">
         <name>CS_initClockSignal</name>
         <value>0xfad</value>
         <object_component_ref idref="oc-ca"/>
      </symbol>
      <symbol id="sm-3a0">
         <name>GPIO_setOutputHighOnPin</name>
         <value>0x1831</value>
         <object_component_ref idref="oc-c4"/>
      </symbol>
      <symbol id="sm-3a1">
         <name>GPIO_setAsInputPinWithPullUpResistor</name>
         <value>0x1675</value>
         <object_component_ref idref="oc-b2"/>
      </symbol>
      <symbol id="sm-3a2">
         <name>GPIO_enableInterrupt</name>
         <value>0x181d</value>
         <object_component_ref idref="oc-f4"/>
      </symbol>
      <symbol id="sm-3a3">
         <name>GPIO_setAsOutputPin</name>
         <value>0x16f9</value>
         <object_component_ref idref="oc-b8"/>
      </symbol>
      <symbol id="sm-3a4">
         <name>GPIO_interruptEdgeSelect</name>
         <value>0x1765</value>
         <object_component_ref idref="oc-e8"/>
      </symbol>
      <symbol id="sm-3a5">
         <name>GPIO_setOutputLowOnPin</name>
         <value>0x17ed</value>
         <object_component_ref idref="oc-be"/>
      </symbol>
      <symbol id="sm-3a6">
         <name>GPIO_clearInterruptFlag</name>
         <value>0x17bd</value>
         <object_component_ref idref="oc-ee"/>
      </symbol>
      <symbol id="sm-3a7">
         <name>GPIO_toggleOutputOnPin</name>
         <value>0x1845</value>
         <object_component_ref idref="oc-179"/>
      </symbol>
      <symbol id="sm-3a8">
         <name>GPIO_getInputPinValue</name>
         <value>0x17d5</value>
         <object_component_ref idref="oc-183"/>
      </symbol>
      <symbol id="sm-3a9">
         <name>GPIO_setAsPeripheralModuleFunctionInputPin</name>
         <value>0x1501</value>
         <object_component_ref idref="oc-100"/>
      </symbol>
      <symbol id="sm-406">
         <name>Interrupt_disableMaster</name>
         <value>0x1859</value>
         <object_component_ref idref="oc-e2"/>
      </symbol>
      <symbol id="sm-407">
         <name>Interrupt_disableInterrupt</name>
         <value>0x1349</value>
         <object_component_ref idref="oc-135"/>
      </symbol>
      <symbol id="sm-408">
         <name>Interrupt_setPriority</name>
         <value>0x171d</value>
         <object_component_ref idref="oc-fa"/>
      </symbol>
      <symbol id="sm-409">
         <name>Interrupt_enableMaster</name>
         <value>0x1869</value>
         <object_component_ref idref="oc-118"/>
      </symbol>
      <symbol id="sm-40a">
         <name>Interrupt_enableInterrupt</name>
         <value>0x13ad</value>
         <object_component_ref idref="oc-dc"/>
      </symbol>
      <symbol id="sm-41f">
         <name>SysCtl_getTLVInfo</name>
         <value>0x1465</value>
         <object_component_ref idref="oc-1fb"/>
      </symbol>
      <symbol id="sm-46c">
         <name>Timer_A_clearCaptureCompareInterrupt</name>
         <value>0x17a1</value>
         <object_component_ref idref="oc-13b"/>
      </symbol>
      <symbol id="sm-46d">
         <name>Timer_A_startCounter</name>
         <value>0x18e7</value>
         <object_component_ref idref="oc-d6"/>
      </symbol>
      <symbol id="sm-46e">
         <name>Timer_A_configureUpMode</name>
         <value>0x1549</value>
         <object_component_ref idref="oc-d0"/>
      </symbol>
      <symbol id="sm-46f">
         <name>Timer_A_disableInterrupt</name>
         <value>0x1879</value>
         <object_component_ref idref="oc-14d"/>
      </symbol>
      <symbol id="sm-470">
         <name>Timer_A_enableInterrupt</name>
         <value>0x1889</value>
         <object_component_ref idref="oc-172"/>
      </symbol>
      <symbol id="sm-4bd">
         <name>UART_enableInterrupt</name>
         <value>0x1805</value>
         <object_component_ref idref="oc-112"/>
      </symbol>
      <symbol id="sm-4be">
         <name>UART_receiveData</name>
         <value>0x1741</value>
         <object_component_ref idref="oc-15f"/>
      </symbol>
      <symbol id="sm-4bf">
         <name>UART_enableModule</name>
         <value>0x18db</value>
         <object_component_ref idref="oc-10c"/>
      </symbol>
      <symbol id="sm-4c0">
         <name>UART_getEnabledInterruptStatus</name>
         <value>0x16a5</value>
         <object_component_ref idref="oc-153"/>
      </symbol>
      <symbol id="sm-4c1">
         <name>UART_getInterruptStatus</name>
         <value>0x18ef</value>
         <object_component_ref idref="oc-274"/>
      </symbol>
      <symbol id="sm-4c2">
         <name>UART_initModule</name>
         <value>0x11dd</value>
         <object_component_ref idref="oc-106"/>
      </symbol>
      <symbol id="sm-4c3">
         <name>UART_clearInterruptFlag</name>
         <value>0x1899</value>
         <object_component_ref idref="oc-159"/>
      </symbol>
      <symbol id="sm-4d5">
         <name>CPU_cpsie</name>
         <value>0x18cf</value>
         <object_component_ref idref="oc-239"/>
      </symbol>
      <symbol id="sm-4d6">
         <name>CPU_cpsid</name>
         <value>0x18c3</value>
         <object_component_ref idref="oc-226"/>
      </symbol>
      <symbol id="sm-4d7">
         <name>__TI_static_base__</name>
         <value>0x0</value>
      </symbol>
      <symbol id="sm-4da">
         <name>__mpu_init</name>
         <value>0x0</value>
      </symbol>
      <symbol id="sm-4db">
         <name>_system_post_cinit</name>
         <value>0x0</value>
      </symbol>
      <symbol id="sm-4dc">
         <name>NMI_Handler</name>
         <value>0x18c1</value>
      </symbol>
      <symbol id="sm-4dd">
         <name>HardFault_Handler</name>
         <value>0x18c1</value>
      </symbol>
      <symbol id="sm-4de">
         <name>MemManage_Handler</name>
         <value>0x18c1</value>
      </symbol>
      <symbol id="sm-4df">
         <name>BusFault_Handler</name>
         <value>0x18c1</value>
      </symbol>
      <symbol id="sm-4e0">
         <name>UsageFault_Handler</name>
         <value>0x18c1</value>
      </symbol>
      <symbol id="sm-4e1">
         <name>SVC_Handler</name>
         <value>0x18c1</value>
      </symbol>
      <symbol id="sm-4e2">
         <name>DebugMon_Handler</name>
         <value>0x18c1</value>
      </symbol>
      <symbol id="sm-4e3">
         <name>PendSV_Handler</name>
         <value>0x18c1</value>
      </symbol>
      <symbol id="sm-4e4">
         <name>SysTick_Handler</name>
         <value>0x18c1</value>
      </symbol>
      <symbol id="sm-4e5">
         <name>PSS_IRQHandler</name>
         <value>0x18c1</value>
      </symbol>
      <symbol id="sm-4e6">
         <name>CS_IRQHandler</name>
         <value>0x18c1</value>
      </symbol>
      <symbol id="sm-4e7">
         <name>PCM_IRQHandler</name>
         <value>0x18c1</value>
      </symbol>
      <symbol id="sm-4e8">
         <name>WDT_A_IRQHandler</name>
         <value>0x18c1</value>
      </symbol>
      <symbol id="sm-4e9">
         <name>FPU_IRQHandler</name>
         <value>0x18c1</value>
      </symbol>
      <symbol id="sm-4ea">
         <name>FLCTL_A_IRQHandler</name>
         <value>0x18c1</value>
      </symbol>
      <symbol id="sm-4eb">
         <name>COMP_E0_IRQHandler</name>
         <value>0x18c1</value>
      </symbol>
      <symbol id="sm-4ec">
         <name>COMP_E1_IRQHandler</name>
         <value>0x18c1</value>
      </symbol>
      <symbol id="sm-4ed">
         <name>TA0_0_IRQHandler</name>
         <value>0x2c1</value>
      </symbol>
      <symbol id="sm-4ee">
         <name>TA0_N_IRQHandler</name>
         <value>0x18c1</value>
      </symbol>
      <symbol id="sm-4ef">
         <name>TA1_0_IRQHandler</name>
         <value>0x625</value>
      </symbol>
      <symbol id="sm-4f0">
         <name>TA1_N_IRQHandler</name>
         <value>0x18c1</value>
      </symbol>
      <symbol id="sm-4f1">
         <name>TA2_0_IRQHandler</name>
         <value>0x18c1</value>
      </symbol>
      <symbol id="sm-4f2">
         <name>TA2_N_IRQHandler</name>
         <value>0x18c1</value>
      </symbol>
      <symbol id="sm-4f3">
         <name>TA3_0_IRQHandler</name>
         <value>0x18c1</value>
      </symbol>
      <symbol id="sm-4f4">
         <name>TA3_N_IRQHandler</name>
         <value>0x18c1</value>
      </symbol>
      <symbol id="sm-4f5">
         <name>EUSCIA0_IRQHandler</name>
         <value>0x519</value>
      </symbol>
      <symbol id="sm-4f6">
         <name>EUSCIA1_IRQHandler</name>
         <value>0x18c1</value>
      </symbol>
      <symbol id="sm-4f7">
         <name>EUSCIA2_IRQHandler</name>
         <value>0x18c1</value>
      </symbol>
      <symbol id="sm-4f8">
         <name>EUSCIA3_IRQHandler</name>
         <value>0x18c1</value>
      </symbol>
      <symbol id="sm-4f9">
         <name>EUSCIB0_IRQHandler</name>
         <value>0x18c1</value>
      </symbol>
      <symbol id="sm-4fa">
         <name>EUSCIB1_IRQHandler</name>
         <value>0x18c1</value>
      </symbol>
      <symbol id="sm-4fb">
         <name>EUSCIB2_IRQHandler</name>
         <value>0x18c1</value>
      </symbol>
      <symbol id="sm-4fc">
         <name>EUSCIB3_IRQHandler</name>
         <value>0x18c1</value>
      </symbol>
      <symbol id="sm-4fd">
         <name>ADC14_IRQHandler</name>
         <value>0x18c1</value>
      </symbol>
      <symbol id="sm-4fe">
         <name>T32_INT1_IRQHandler</name>
         <value>0x18c1</value>
      </symbol>
      <symbol id="sm-4ff">
         <name>T32_INT2_IRQHandler</name>
         <value>0x18c1</value>
      </symbol>
      <symbol id="sm-500">
         <name>T32_INTC_IRQHandler</name>
         <value>0x18c1</value>
      </symbol>
      <symbol id="sm-501">
         <name>AES256_IRQHandler</name>
         <value>0x18c1</value>
      </symbol>
      <symbol id="sm-502">
         <name>RTC_C_IRQHandler</name>
         <value>0x18c1</value>
      </symbol>
      <symbol id="sm-503">
         <name>DMA_ERR_IRQHandler</name>
         <value>0x18c1</value>
      </symbol>
      <symbol id="sm-504">
         <name>DMA_INT3_IRQHandler</name>
         <value>0x18c1</value>
      </symbol>
      <symbol id="sm-505">
         <name>DMA_INT2_IRQHandler</name>
         <value>0x18c1</value>
      </symbol>
      <symbol id="sm-506">
         <name>DMA_INT1_IRQHandler</name>
         <value>0x18c1</value>
      </symbol>
      <symbol id="sm-507">
         <name>DMA_INT0_IRQHandler</name>
         <value>0x18c1</value>
      </symbol>
      <symbol id="sm-508">
         <name>PORT1_IRQHandler</name>
         <value>0x7a1</value>
      </symbol>
      <symbol id="sm-509">
         <name>PORT2_IRQHandler</name>
         <value>0x18c1</value>
      </symbol>
      <symbol id="sm-50a">
         <name>PORT3_IRQHandler</name>
         <value>0x18c1</value>
      </symbol>
      <symbol id="sm-50b">
         <name>PORT4_IRQHandler</name>
         <value>0x18c1</value>
      </symbol>
      <symbol id="sm-50c">
         <name>PORT5_IRQHandler</name>
         <value>0x66d</value>
      </symbol>
      <symbol id="sm-50d">
         <name>PORT6_IRQHandler</name>
         <value>0x18c1</value>
      </symbol>
      <symbol id="sm-50e">
         <name>LCD_F_IRQHandler</name>
         <value>0x18c1</value>
      </symbol>
   </symbol_table>
   <title>Link successful</title>
</link_info>
