******************************************************************************
                  TI ARM Linker PC v20.2.7                     
******************************************************************************
>> Linked Fri Mar 31 10:16:44 2023

OUTPUT FILE NAME:   <Lab_7.out>
ENTRY POINT SYMBOL: "_c_int00_noargs"  address: 000010f1


MEMORY CONFIGURATION

         name            origin    length      used     unused   attr    fill
----------------------  --------  ---------  --------  --------  ----  --------
  MAIN                  00000000   00200000  00001501  001feaff  R  X
  INFO                  00200000   00008000  00000000  00008000  R  X
  SRAM_CODE             01000000   00040000  0000025d  0003fda3  RW X
  SRAM_DATA             20000000   00040000  0000025d  0003fda3  RW  


SEGMENT ALLOCATION MAP

run origin  load origin   length   init length attrs members
----------  ----------- ---------- ----------- ----- -------
00000000    00000000    00001508   00001508    r-x
  00000000    00000000    000000e8   000000e8    r-- .intvecs
  000000e8    000000e8    0000120c   0000120c    r-x .text
  000012f4    000012f4    000001ad   000001ad    r-- .const
  000014a8    000014a8    00000060   00000060    r-- .cinit
20000000    20000000    0000005d   00000000    rw-
  20000000    20000000    00000050   00000000    rw- .data
  20000050    20000050    0000000d   00000000    rw- .bss
2003fe00    2003fe00    00000200   00000000    rw-
  2003fe00    2003fe00    00000200   00000000    rw- .stack


SECTION ALLOCATION MAP

 output                                  attributes/
section   page    origin      length       input sections
--------  ----  ----------  ----------   ----------------
.intvecs   0    00000000    000000e8     
                  00000000    000000e8     startup_msp432p4111_ccs.obj (.intvecs:retain)

.text      0    000000e8    0000120c     
                  000000e8    000005b8     main.obj (.text)
                  000006a0    00000350     system_msp432p4111.obj (.text)
                  000009f0    0000014c     msp432p4xx_driverlib.lib : cs.o (.text:CS_setDCOFrequency)
                  00000b3c    000000e0                              : cs.o (.text:CS_initClockSignal)
                  00000c1c    000000b2                              : timer_a.o (.text:privateTimer_AProcessClockSourceDivider)
                  00000cce    0000009c     rtsv7M4_T_le_v4SPD16_eabi.lib : memcpy_t2.asm.obj (.text)
                  00000d6a    00000002     --HOLE-- [fill = 0]
                  00000d6c    00000094     msp432p4xx_driverlib.lib : uart.o (.text:UART_initModule)
                  00000e00    00000068     rtsv7M4_T_le_v4SPD16_eabi.lib : copy_decompress_lzss.c.obj (.text:decompress:lzss:__TI_decompress_lzss)
                  00000e68    00000064     msp432p4xx_driverlib.lib : interrupt.o (.text:Interrupt_disableInterrupt)
                  00000ecc    00000064                              : interrupt.o (.text:Interrupt_enableInterrupt)
                  00000f30    00000054                              : cs.o (.text:CS_tuneDCOFrequency)
                  00000f84    00000050                              : sysctl.o (.text:SysCtl_getTLVInfo)
                  00000fd4    0000004c     rtsv7M4_T_le_v4SPD16_eabi.lib : atoi.c.obj (.text:atoi)
                  00001020    00000048     msp432p4xx_driverlib.lib : gpio.o (.text:GPIO_setAsPeripheralModuleFunctionInputPin)
                  00001068    00000044                              : timer_a.o (.text:Timer_A_configureUpMode)
                  000010ac    00000044     rtsv7M4_T_le_v4SPD16_eabi.lib : autoinit.c.obj (.text:__TI_auto_init_nobinit_nopinit:__TI_auto_init_nobinit_nopinit)
                  000010f0    00000034                                   : boot_cortex_m.c.obj (.text:_c_int00_noargs:_c_int00_noargs)
                  00001124    00000030     msp432p4xx_driverlib.lib : uart.o (.text:UART_getEnabledInterruptStatus)
                  00001154    00000024                              : cs.o (.text:CS_setDCOCenteredFrequency)
                  00001178    00000024                              : gpio.o (.text:GPIO_setAsOutputPin)
                  0000119c    00000024                              : uart.o (.text:UART_receiveData)
                  000011c0    00000024                              : uart.o (.text:UART_transmitData)
                  000011e4    0000001c     rtsv7M4_T_le_v4SPD16_eabi.lib : copy_zero_init.c.obj (.text:decompress:ZI:__TI_zero_init_nomemset:__TI_zero_init_nomemset)
                  00001200    0000001a     msp432p4xx_driverlib.lib : timer_a.o (.text:Timer_A_clearCaptureCompareInterrupt)
                  0000121a    00000002     --HOLE-- [fill = 0]
                  0000121c    00000018                              : gpio.o (.text:GPIO_setOutputLowOnPin)
                  00001234    00000018                              : wdt_a.o (.text:WDT_A_holdTimer)
                  0000124c    00000016                              : uart.o (.text:UART_enableInterrupt)
                  00001262    00000002     --HOLE-- [fill = 0]
                  00001264    00000014                              : gpio.o (.text:GPIO_setOutputHighOnPin)
                  00001278    00000014                              : gpio.o (.text:GPIO_toggleOutputOnPin)
                  0000128c    00000010                              : interrupt.o (.text:Interrupt_enableMaster)
                  0000129c    0000000e                              : uart.o (.text:UART_clearInterruptFlag)
                  000012aa    0000000e     rtsv7M4_T_le_v4SPD16_eabi.lib : copy_decompress_none.c.obj (.text:decompress:none:__TI_decompress_none)
                  000012b8    0000000e     startup_msp432p4111_ccs.obj (.text)
                  000012c6    0000000c     msp432p4xx_driverlib.lib : cpu.o (.text:CPU_cpsie)
                  000012d2    0000000c                              : uart.o (.text:UART_enableModule)
                  000012de    00000008                              : timer_a.o (.text:Timer_A_startCounter)
                  000012e6    00000006                              : uart.o (.text:UART_getInterruptStatus)
                  000012ec    00000004     rtsv7M4_T_le_v4SPD16_eabi.lib : pre_init.c.obj (.text:_system_pre_init)
                  000012f0    00000004                                   : exit.c.obj (.text:abort:abort)

.const     0    000012f4    000001ad     
                  000012f4    00000101     rtsv7M4_T_le_v4SPD16_eabi.lib : ctype.c.obj (.const:.string:_ctypes_)
                  000013f5    00000003     --HOLE-- [fill = 0]
                  000013f8    00000040     msp432p4xx_driverlib.lib : interrupt.o (.const)
                  00001438    00000024     main.obj (.const:UART_init)
                  0000145c    00000021     main.obj (.const:.string:$P$T0$1)
                  0000147d    00000003     --HOLE-- [fill = 0]
                  00001480    00000018     main.obj (.const:upConfig_0)
                  00001498    00000009     main.obj (.const:.string:$P$T1$2)

.cinit     0    000014a8    00000060     
                  000014a8    0000003c     (.cinit..data.load) [load image, compression = lzss]
                  000014e4    0000000c     (__TI_handler_table)
                  000014f0    00000008     (.cinit..bss.load) [load image, compression = zero_init]
                  000014f8    00000010     (__TI_cinit_table)

.init_array 
*          0    00000000    00000000     UNINITIALIZED

.binit     0    00000000    00000000     

.data      0    20000000    00000050     UNINITIALIZED
                  20000000    00000030     msp432p4xx_driverlib.lib : gpio.o (.data:GPIO_PORT_TO_BASE)
                  20000030    0000001c     main.obj (.data)
                  2000004c    00000004     system_msp432p4111.obj (.data)

.bss       0    20000050    0000000d     UNINITIALIZED
                  20000050    00000004     (.common:buffer)
                  20000054    00000004     (.common:startpos)
                  20000058    00000004     (.common:startsteps)
                  2000005c    00000001     (.common:letter)

.stack     0    2003fe00    00000200     UNINITIALIZED
                  2003fe00    00000004     rtsv7M4_T_le_v4SPD16_eabi.lib : boot_cortex_m.c.obj (.stack)
                  2003fe04    000001fc     --HOLE--

__llvm_prf_cnts 
*          0    20000000    00000000     UNINITIALIZED

MODULE SUMMARY

       Module                        code   ro data   rw data
       ------                        ----   -------   -------
    .\
       main.obj                      1464   102       82     
       system_msp432p4111.obj        848    0         8      
       startup_msp432p4111_ccs.obj   14     232       0      
    +--+-----------------------------+------+---------+---------+
       Total:                        2326   334       90     
                                                             
    C:/ti/msp432_driverlib_3_21_00_05/driverlib/MSP432P4xx/ccs/msp432p4xx_driverlib.lib
       cs.o                          676    0         0      
       uart.o                        322    0         0      
       interrupt.o                   216    64        0      
       timer_a.o                     280    0         0      
       gpio.o                        172    0         96     
       sysctl.o                      80     0         0      
       wdt_a.o                       24     0         0      
       cpu.o                         12     0         0      
    +--+-----------------------------+------+---------+---------+
       Total:                        1782   64        96     
                                                             
    C:\ti\ccs1220\ccs\tools\compiler\ti-cgt-arm_20.2.7.LTS\lib\rtsv7M4_T_le_v4SPD16_eabi.lib
       ctype.c.obj                   0      257       0      
       memcpy_t2.asm.obj             156    0         0      
       copy_decompress_lzss.c.obj    104    0         0      
       atoi.c.obj                    76     0         0      
       autoinit.c.obj                68     0         0      
       boot_cortex_m.c.obj           52     0         0      
       copy_zero_init.c.obj          28     0         0      
       copy_decompress_none.c.obj    14     0         0      
       exit.c.obj                    4      0         0      
       pre_init.c.obj                4      0         0      
    +--+-----------------------------+------+---------+---------+
       Total:                        506    257       0      
                                                             
       Stack:                        0      0         1024   
       Linker Generated:             0      96        0      
    +--+-----------------------------+------+---------+---------+
       Grand Total:                  4614   751       1210   


LINKER GENERATED COPY TABLES

__TI_cinit_table @ 000014f8 records: 2, size/record: 8, table size: 16
	.data: load addr=000014a8, load size=0000003c bytes, run addr=20000000, run size=00000050 bytes, compression=lzss
	.bss: load addr=000014f0, load size=00000008 bytes, run addr=20000050, run size=0000000d bytes, compression=zero_init


LINKER GENERATED HANDLER TABLE

__TI_handler_table @ 000014e4 records: 3, size/record: 4, table size: 12
	index: 0, handler: __TI_decompress_lzss
	index: 1, handler: __TI_decompress_none
	index: 2, handler: __TI_zero_init


GLOBAL SYMBOLS: SORTED ALPHABETICALLY BY Name 

address   name                                      
-------   ----                                      
000012c5  ADC14_IRQHandler                          
000012c5  AES256_IRQHandler                         
000012c5  BusFault_Handler                          
000012f1  C$$EXIT                                   
000012c5  COMP_E0_IRQHandler                        
000012c5  COMP_E1_IRQHandler                        
000012c7  CPU_cpsie                                 
000012c5  CS_IRQHandler                             
00000b3d  CS_initClockSignal                        
00001155  CS_setDCOCenteredFrequency                
000009f1  CS_setDCOFrequency                        
00000f31  CS_tuneDCOFrequency                       
000012c5  DMA_ERR_IRQHandler                        
000012c5  DMA_INT0_IRQHandler                       
000012c5  DMA_INT1_IRQHandler                       
000012c5  DMA_INT2_IRQHandler                       
000012c5  DMA_INT3_IRQHandler                       
000012c5  DebugMon_Handler                          
000012c5  Default_Handler                           
00000591  EUSCIA0_IRQHandler                        
00000591  EUSCIA0_IRQHandler                        
000012c5  EUSCIA1_IRQHandler                        
000012c5  EUSCIA2_IRQHandler                        
000012c5  EUSCIA3_IRQHandler                        
000012c5  EUSCIB0_IRQHandler                        
000012c5  EUSCIB1_IRQHandler                        
000012c5  EUSCIB2_IRQHandler                        
000012c5  EUSCIB3_IRQHandler                        
000012c5  FLCTL_A_IRQHandler                        
000012c5  FPU_IRQHandler                            
00001179  GPIO_setAsOutputPin                       
00001021  GPIO_setAsPeripheralModuleFunctionInputPin
00001265  GPIO_setOutputHighOnPin                   
0000121d  GPIO_setOutputLowOnPin                    
00001279  GPIO_toggleOutputOnPin                    
000012c5  HardFault_Handler                         
00000e69  Interrupt_disableInterrupt                
00000ecd  Interrupt_enableInterrupt                 
0000128d  Interrupt_enableMaster                    
000012c5  LCD_F_IRQHandler                          
000012c5  MemManage_Handler                         
000012c5  NMI_Handler                               
000012c5  PCM_IRQHandler                            
000012c5  PORT1_IRQHandler                          
000012c5  PORT2_IRQHandler                          
000012c5  PORT3_IRQHandler                          
000012c5  PORT4_IRQHandler                          
000012c5  PORT5_IRQHandler                          
000012c5  PORT6_IRQHandler                          
000012c5  PSS_IRQHandler                            
000012c5  PendSV_Handler                            
000012c5  RTC_C_IRQHandler                          
000012b9  Reset_Handler                             
20000030  SMCLK_divider                             
000012c5  SVC_Handler                               
00000f85  SysCtl_getTLVInfo                         
000012c5  SysTick_Handler                           
2000004c  SystemCoreClock                           
000006a1  SystemCoreClockUpdate                     
00000919  SystemInit                                
000012c5  T32_INT1_IRQHandler                       
000012c5  T32_INT2_IRQHandler                       
000012c5  T32_INTC_IRQHandler                       
000004ab  TA0_0_IRQHandler                          
000004ab  TA0_0_IRQHandler                          
000012c5  TA0_N_IRQHandler                          
000012c5  TA1_0_IRQHandler                          
000012c5  TA1_N_IRQHandler                          
000012c5  TA2_0_IRQHandler                          
000012c5  TA2_N_IRQHandler                          
000012c5  TA3_0_IRQHandler                          
000012c5  TA3_N_IRQHandler                          
00001201  Timer_A_clearCaptureCompareInterrupt      
00001069  Timer_A_configureUpMode                   
000012df  Timer_A_startCounter                      
0000129d  UART_clearInterruptFlag                   
0000124d  UART_enableInterrupt                      
000012d3  UART_enableModule                         
00001125  UART_getEnabledInterruptStatus            
000012e7  UART_getInterruptStatus                   
00001438  UART_init                                 
00000d6d  UART_initModule                           
0000119d  UART_receiveData                          
000011c1  UART_transmitData                         
000012c5  UsageFault_Handler                        
4000480c  WDTCTL_SYM                                
000012c5  WDT_A_IRQHandler                          
00001235  WDT_A_holdTimer                           
20040000  __STACK_END                               
00000200  __STACK_SIZE                              
000014f8  __TI_CINIT_Base                           
00001508  __TI_CINIT_Limit                          
000014e4  __TI_Handler_Table_Base                   
000014f0  __TI_Handler_Table_Limit                  
000010ad  __TI_auto_init_nobinit_nopinit            
00000e01  __TI_decompress_lzss                      
000012ab  __TI_decompress_none                      
ffffffff  __TI_pprof_out_hndl                       
ffffffff  __TI_prof_data_size                       
ffffffff  __TI_prof_data_start                      
00000000  __TI_static_base__                        
000011e5  __TI_zero_init_nomemset                   
00000ccf  __aeabi_memcpy                            
00000ccf  __aeabi_memcpy4                           
00000ccf  __aeabi_memcpy8                           
ffffffff  __binit__                                 
ffffffff  __c_args__                                
UNDEFED   __mpu_init                                
2003fe00  __stack                                   
20000000  __start___llvm_prf_cnts                   
20000000  __stop___llvm_prf_cnts                    
000010f1  _c_int00_noargs                           
000012f4  _ctypes_                                  
UNDEFED   _system_post_cinit                        
000012ed  _system_pre_init                          
000012f1  abort                                     
00000fd5  atoi                                      
000000e9  backwardStep                              
ffffffff  binit                                     
20000050  buffer                                    
20000034  count                                     
2000003f  countingstate                             
20000038  curstep                                   
20000048  direction                                 
000001e3  forwardStep                               
2000003d  initstate                                 
00000000  interruptVectors                          
2000005c  letter                                    
000002db  main                                      
00000ccf  memcpy                                    
2000003e  movedstate                                
20000040  phasecount                                
20000054  startpos                                  
20000058  startsteps                                
20000044  timestep                                  
2000003c  transmitted                               
00001480  upConfig_0                                


GLOBAL SYMBOLS: SORTED BY Symbol Address 

address   name                                      
-------   ----                                      
00000000  __TI_static_base__                        
00000000  interruptVectors                          
000000e9  backwardStep                              
000001e3  forwardStep                               
00000200  __STACK_SIZE                              
000002db  main                                      
000004ab  TA0_0_IRQHandler                          
000004ab  TA0_0_IRQHandler                          
00000591  EUSCIA0_IRQHandler                        
00000591  EUSCIA0_IRQHandler                        
000006a1  SystemCoreClockUpdate                     
00000919  SystemInit                                
000009f1  CS_setDCOFrequency                        
00000b3d  CS_initClockSignal                        
00000ccf  __aeabi_memcpy                            
00000ccf  __aeabi_memcpy4                           
00000ccf  __aeabi_memcpy8                           
00000ccf  memcpy                                    
00000d6d  UART_initModule                           
00000e01  __TI_decompress_lzss                      
00000e69  Interrupt_disableInterrupt                
00000ecd  Interrupt_enableInterrupt                 
00000f31  CS_tuneDCOFrequency                       
00000f85  SysCtl_getTLVInfo                         
00000fd5  atoi                                      
00001021  GPIO_setAsPeripheralModuleFunctionInputPin
00001069  Timer_A_configureUpMode                   
000010ad  __TI_auto_init_nobinit_nopinit            
000010f1  _c_int00_noargs                           
00001125  UART_getEnabledInterruptStatus            
00001155  CS_setDCOCenteredFrequency                
00001179  GPIO_setAsOutputPin                       
0000119d  UART_receiveData                          
000011c1  UART_transmitData                         
000011e5  __TI_zero_init_nomemset                   
00001201  Timer_A_clearCaptureCompareInterrupt      
0000121d  GPIO_setOutputLowOnPin                    
00001235  WDT_A_holdTimer                           
0000124d  UART_enableInterrupt                      
00001265  GPIO_setOutputHighOnPin                   
00001279  GPIO_toggleOutputOnPin                    
0000128d  Interrupt_enableMaster                    
0000129d  UART_clearInterruptFlag                   
000012ab  __TI_decompress_none                      
000012b9  Reset_Handler                             
000012c5  ADC14_IRQHandler                          
000012c5  AES256_IRQHandler                         
000012c5  BusFault_Handler                          
000012c5  COMP_E0_IRQHandler                        
000012c5  COMP_E1_IRQHandler                        
000012c5  CS_IRQHandler                             
000012c5  DMA_ERR_IRQHandler                        
000012c5  DMA_INT0_IRQHandler                       
000012c5  DMA_INT1_IRQHandler                       
000012c5  DMA_INT2_IRQHandler                       
000012c5  DMA_INT3_IRQHandler                       
000012c5  DebugMon_Handler                          
000012c5  Default_Handler                           
000012c5  EUSCIA1_IRQHandler                        
000012c5  EUSCIA2_IRQHandler                        
000012c5  EUSCIA3_IRQHandler                        
000012c5  EUSCIB0_IRQHandler                        
000012c5  EUSCIB1_IRQHandler                        
000012c5  EUSCIB2_IRQHandler                        
000012c5  EUSCIB3_IRQHandler                        
000012c5  FLCTL_A_IRQHandler                        
000012c5  FPU_IRQHandler                            
000012c5  HardFault_Handler                         
000012c5  LCD_F_IRQHandler                          
000012c5  MemManage_Handler                         
000012c5  NMI_Handler                               
000012c5  PCM_IRQHandler                            
000012c5  PORT1_IRQHandler                          
000012c5  PORT2_IRQHandler                          
000012c5  PORT3_IRQHandler                          
000012c5  PORT4_IRQHandler                          
000012c5  PORT5_IRQHandler                          
000012c5  PORT6_IRQHandler                          
000012c5  PSS_IRQHandler                            
000012c5  PendSV_Handler                            
000012c5  RTC_C_IRQHandler                          
000012c5  SVC_Handler                               
000012c5  SysTick_Handler                           
000012c5  T32_INT1_IRQHandler                       
000012c5  T32_INT2_IRQHandler                       
000012c5  T32_INTC_IRQHandler                       
000012c5  TA0_N_IRQHandler                          
000012c5  TA1_0_IRQHandler                          
000012c5  TA1_N_IRQHandler                          
000012c5  TA2_0_IRQHandler                          
000012c5  TA2_N_IRQHandler                          
000012c5  TA3_0_IRQHandler                          
000012c5  TA3_N_IRQHandler                          
000012c5  UsageFault_Handler                        
000012c5  WDT_A_IRQHandler                          
000012c7  CPU_cpsie                                 
000012d3  UART_enableModule                         
000012df  Timer_A_startCounter                      
000012e7  UART_getInterruptStatus                   
000012ed  _system_pre_init                          
000012f1  C$$EXIT                                   
000012f1  abort                                     
000012f4  _ctypes_                                  
00001438  UART_init                                 
00001480  upConfig_0                                
000014e4  __TI_Handler_Table_Base                   
000014f0  __TI_Handler_Table_Limit                  
000014f8  __TI_CINIT_Base                           
00001508  __TI_CINIT_Limit                          
20000000  __start___llvm_prf_cnts                   
20000000  __stop___llvm_prf_cnts                    
20000030  SMCLK_divider                             
20000034  count                                     
20000038  curstep                                   
2000003c  transmitted                               
2000003d  initstate                                 
2000003e  movedstate                                
2000003f  countingstate                             
20000040  phasecount                                
20000044  timestep                                  
20000048  direction                                 
2000004c  SystemCoreClock                           
20000050  buffer                                    
20000054  startpos                                  
20000058  startsteps                                
2000005c  letter                                    
2003fe00  __stack                                   
20040000  __STACK_END                               
4000480c  WDTCTL_SYM                                
ffffffff  __TI_pprof_out_hndl                       
ffffffff  __TI_prof_data_size                       
ffffffff  __TI_prof_data_start                      
ffffffff  __binit__                                 
ffffffff  __c_args__                                
ffffffff  binit                                     
UNDEFED   __mpu_init                                
UNDEFED   _system_post_cinit                        

[137 symbols]
