<?xml version="1.0" encoding="ISO-8859-1" ?>
<link_info>
   <banner>TI ARM Linker PC v20.2.7.LTS</banner>
   <copyright>Copyright (c) 1996-2018 Texas Instruments Incorporated</copyright>
   <link_time>0x64126753</link_time>
   <link_errors>0x1</link_errors>
   <output_file>Lab_5.out</output_file>
   <entry_point>
      <name>_c_int00_noargs</name>
      <address>0x3561</address>
   </entry_point>
   <input_file_list>
      <input_file id="fl-2">
         <path>.\</path>
         <kind>object</kind>
         <file>main.obj</file>
         <name>main.obj</name>
      </input_file>
      <input_file id="fl-3">
         <path>.\</path>
         <kind>object</kind>
         <file>startup_msp432p4111_ccs.obj</file>
         <name>startup_msp432p4111_ccs.obj</name>
      </input_file>
      <input_file id="fl-4">
         <path>.\</path>
         <kind>object</kind>
         <file>system_msp432p4111.obj</file>
         <name>system_msp432p4111.obj</name>
      </input_file>
      <input_file id="fl-9">
         <kind>object</kind>
         <file>&lt;internal&gt;</file>
         <name>&lt;internal&gt;</name>
      </input_file>
      <input_file id="fl-bf">
         <path>C:\ti\ccs1220\ccs\tools\compiler\ti-cgt-arm_20.2.7.LTS\lib\</path>
         <kind>archive</kind>
         <file>rtsv7M4_T_le_v4SPD16_eabi.lib</file>
         <name>printf.c.obj</name>
      </input_file>
      <input_file id="fl-c0">
         <path>C:\ti\ccs1220\ccs\tools\compiler\ti-cgt-arm_20.2.7.LTS\lib\</path>
         <kind>archive</kind>
         <file>rtsv7M4_T_le_v4SPD16_eabi.lib</file>
         <name>_printfi.c.obj</name>
      </input_file>
      <input_file id="fl-c1">
         <path>C:\ti\ccs1220\ccs\tools\compiler\ti-cgt-arm_20.2.7.LTS\lib\</path>
         <kind>archive</kind>
         <file>rtsv7M4_T_le_v4SPD16_eabi.lib</file>
         <name>fputc.c.obj</name>
      </input_file>
      <input_file id="fl-c2">
         <path>C:\ti\ccs1220\ccs\tools\compiler\ti-cgt-arm_20.2.7.LTS\lib\</path>
         <kind>archive</kind>
         <file>rtsv7M4_T_le_v4SPD16_eabi.lib</file>
         <name>fputs.c.obj</name>
      </input_file>
      <input_file id="fl-c3">
         <path>C:\ti\ccs1220\ccs\tools\compiler\ti-cgt-arm_20.2.7.LTS\lib\</path>
         <kind>archive</kind>
         <file>rtsv7M4_T_le_v4SPD16_eabi.lib</file>
         <name>_io_perm.c.obj</name>
      </input_file>
      <input_file id="fl-c4">
         <path>C:\ti\ccs1220\ccs\tools\compiler\ti-cgt-arm_20.2.7.LTS\lib\</path>
         <kind>archive</kind>
         <file>rtsv7M4_T_le_v4SPD16_eabi.lib</file>
         <name>setvbuf.c.obj</name>
      </input_file>
      <input_file id="fl-c5">
         <path>C:\ti\ccs1220\ccs\tools\compiler\ti-cgt-arm_20.2.7.LTS\lib\</path>
         <kind>archive</kind>
         <file>rtsv7M4_T_le_v4SPD16_eabi.lib</file>
         <name>fd_add_t2.asm.obj</name>
      </input_file>
      <input_file id="fl-c6">
         <path>C:\ti\ccs1220\ccs\tools\compiler\ti-cgt-arm_20.2.7.LTS\lib\</path>
         <kind>archive</kind>
         <file>rtsv7M4_T_le_v4SPD16_eabi.lib</file>
         <name>fd_cmp_t2.asm.obj</name>
      </input_file>
      <input_file id="fl-c7">
         <path>C:\ti\ccs1220\ccs\tools\compiler\ti-cgt-arm_20.2.7.LTS\lib\</path>
         <kind>archive</kind>
         <file>rtsv7M4_T_le_v4SPD16_eabi.lib</file>
         <name>fd_div_t2.asm.obj</name>
      </input_file>
      <input_file id="fl-c8">
         <path>C:\ti\ccs1220\ccs\tools\compiler\ti-cgt-arm_20.2.7.LTS\lib\</path>
         <kind>archive</kind>
         <file>rtsv7M4_T_le_v4SPD16_eabi.lib</file>
         <name>fd_mul_t2.asm.obj</name>
      </input_file>
      <input_file id="fl-c9">
         <path>C:\ti\ccs1220\ccs\tools\compiler\ti-cgt-arm_20.2.7.LTS\lib\</path>
         <kind>archive</kind>
         <file>rtsv7M4_T_le_v4SPD16_eabi.lib</file>
         <name>fd_toi_t2.asm.obj</name>
      </input_file>
      <input_file id="fl-ca">
         <path>C:\ti\ccs1220\ccs\tools\compiler\ti-cgt-arm_20.2.7.LTS\lib\</path>
         <kind>archive</kind>
         <file>rtsv7M4_T_le_v4SPD16_eabi.lib</file>
         <name>fd_tos_t2.asm.obj</name>
      </input_file>
      <input_file id="fl-cb">
         <path>C:\ti\ccs1220\ccs\tools\compiler\ti-cgt-arm_20.2.7.LTS\lib\</path>
         <kind>archive</kind>
         <file>rtsv7M4_T_le_v4SPD16_eabi.lib</file>
         <name>fs_tod_t2.asm.obj</name>
      </input_file>
      <input_file id="fl-cc">
         <path>C:\ti\ccs1220\ccs\tools\compiler\ti-cgt-arm_20.2.7.LTS\lib\</path>
         <kind>archive</kind>
         <file>rtsv7M4_T_le_v4SPD16_eabi.lib</file>
         <name>i_tofd_t2.asm.obj</name>
      </input_file>
      <input_file id="fl-cd">
         <path>C:\ti\ccs1220\ccs\tools\compiler\ti-cgt-arm_20.2.7.LTS\lib\</path>
         <kind>archive</kind>
         <file>rtsv7M4_T_le_v4SPD16_eabi.lib</file>
         <name>memcpy_t2.asm.obj</name>
      </input_file>
      <input_file id="fl-ce">
         <path>C:\ti\ccs1220\ccs\tools\compiler\ti-cgt-arm_20.2.7.LTS\lib\</path>
         <kind>archive</kind>
         <file>rtsv7M4_T_le_v4SPD16_eabi.lib</file>
         <name>u_tofd_t2.asm.obj</name>
      </input_file>
      <input_file id="fl-cf">
         <path>C:\ti\ccs1220\ccs\tools\compiler\ti-cgt-arm_20.2.7.LTS\lib\</path>
         <kind>archive</kind>
         <file>rtsv7M4_T_le_v4SPD16_eabi.lib</file>
         <name>memset_t2.asm.obj</name>
      </input_file>
      <input_file id="fl-d0">
         <path>C:\ti\ccs1220\ccs\tools\compiler\ti-cgt-arm_20.2.7.LTS\lib\</path>
         <kind>archive</kind>
         <file>rtsv7M4_T_le_v4SPD16_eabi.lib</file>
         <name>ull_div_t2.asm.obj</name>
      </input_file>
      <input_file id="fl-d1">
         <path>C:\ti\ccs1220\ccs\tools\compiler\ti-cgt-arm_20.2.7.LTS\lib\</path>
         <kind>archive</kind>
         <file>rtsv7M4_T_le_v4SPD16_eabi.lib</file>
         <name>copy_zero_init.c.obj</name>
      </input_file>
      <input_file id="fl-d2">
         <path>C:\ti\ccs1220\ccs\tools\compiler\ti-cgt-arm_20.2.7.LTS\lib\</path>
         <kind>archive</kind>
         <file>rtsv7M4_T_le_v4SPD16_eabi.lib</file>
         <name>copy_decompress_none.c.obj</name>
      </input_file>
      <input_file id="fl-d3">
         <path>C:\ti\ccs1220\ccs\tools\compiler\ti-cgt-arm_20.2.7.LTS\lib\</path>
         <kind>archive</kind>
         <file>rtsv7M4_T_le_v4SPD16_eabi.lib</file>
         <name>copy_decompress_lzss.c.obj</name>
      </input_file>
      <input_file id="fl-d4">
         <path>C:\ti\ccs1220\ccs\tools\compiler\ti-cgt-arm_20.2.7.LTS\lib\</path>
         <kind>archive</kind>
         <file>rtsv7M4_T_le_v4SPD16_eabi.lib</file>
         <name>exit.c.obj</name>
      </input_file>
      <input_file id="fl-d5">
         <path>C:\ti\ccs1220\ccs\tools\compiler\ti-cgt-arm_20.2.7.LTS\lib\</path>
         <kind>archive</kind>
         <file>rtsv7M4_T_le_v4SPD16_eabi.lib</file>
         <name>_lock.c.obj</name>
      </input_file>
      <input_file id="fl-d6">
         <path>C:\ti\ccs1220\ccs\tools\compiler\ti-cgt-arm_20.2.7.LTS\lib\</path>
         <kind>archive</kind>
         <file>rtsv7M4_T_le_v4SPD16_eabi.lib</file>
         <name>_ltoa.c.obj</name>
      </input_file>
      <input_file id="fl-d7">
         <path>C:\ti\ccs1220\ccs\tools\compiler\ti-cgt-arm_20.2.7.LTS\lib\</path>
         <kind>archive</kind>
         <file>rtsv7M4_T_le_v4SPD16_eabi.lib</file>
         <name>atoi.c.obj</name>
      </input_file>
      <input_file id="fl-d8">
         <path>C:\ti\ccs1220\ccs\tools\compiler\ti-cgt-arm_20.2.7.LTS\lib\</path>
         <kind>archive</kind>
         <file>rtsv7M4_T_le_v4SPD16_eabi.lib</file>
         <name>ctype.c.obj</name>
      </input_file>
      <input_file id="fl-d9">
         <path>C:\ti\ccs1220\ccs\tools\compiler\ti-cgt-arm_20.2.7.LTS\lib\</path>
         <kind>archive</kind>
         <file>rtsv7M4_T_le_v4SPD16_eabi.lib</file>
         <name>defs.c.obj</name>
      </input_file>
      <input_file id="fl-da">
         <path>C:\ti\ccs1220\ccs\tools\compiler\ti-cgt-arm_20.2.7.LTS\lib\</path>
         <kind>archive</kind>
         <file>rtsv7M4_T_le_v4SPD16_eabi.lib</file>
         <name>memccpy.c.obj</name>
      </input_file>
      <input_file id="fl-db">
         <path>C:\ti\ccs1220\ccs\tools\compiler\ti-cgt-arm_20.2.7.LTS\lib\</path>
         <kind>archive</kind>
         <file>rtsv7M4_T_le_v4SPD16_eabi.lib</file>
         <name>memchr.c.obj</name>
      </input_file>
      <input_file id="fl-dc">
         <path>C:\ti\ccs1220\ccs\tools\compiler\ti-cgt-arm_20.2.7.LTS\lib\</path>
         <kind>archive</kind>
         <file>rtsv7M4_T_le_v4SPD16_eabi.lib</file>
         <name>memory.c.obj</name>
      </input_file>
      <input_file id="fl-dd">
         <path>C:\ti\ccs1220\ccs\tools\compiler\ti-cgt-arm_20.2.7.LTS\lib\</path>
         <kind>archive</kind>
         <file>rtsv7M4_T_le_v4SPD16_eabi.lib</file>
         <name>strchr.c.obj</name>
      </input_file>
      <input_file id="fl-de">
         <path>C:\ti\ccs1220\ccs\tools\compiler\ti-cgt-arm_20.2.7.LTS\lib\</path>
         <kind>archive</kind>
         <file>rtsv7M4_T_le_v4SPD16_eabi.lib</file>
         <name>strlen.c.obj</name>
      </input_file>
      <input_file id="fl-df">
         <path>C:\ti\ccs1220\ccs\tools\compiler\ti-cgt-arm_20.2.7.LTS\lib\</path>
         <kind>archive</kind>
         <file>rtsv7M4_T_le_v4SPD16_eabi.lib</file>
         <name>boot_cortex_m.c.obj</name>
      </input_file>
      <input_file id="fl-e0">
         <path>C:\ti\ccs1220\ccs\tools\compiler\ti-cgt-arm_20.2.7.LTS\lib\</path>
         <kind>archive</kind>
         <file>rtsv7M4_T_le_v4SPD16_eabi.lib</file>
         <name>write.c.obj</name>
      </input_file>
      <input_file id="fl-e1">
         <path>C:\ti\ccs1220\ccs\tools\compiler\ti-cgt-arm_20.2.7.LTS\lib\</path>
         <kind>archive</kind>
         <file>rtsv7M4_T_le_v4SPD16_eabi.lib</file>
         <name>host_device.c.obj</name>
      </input_file>
      <input_file id="fl-e2">
         <path>C:\ti\ccs1220\ccs\tools\compiler\ti-cgt-arm_20.2.7.LTS\lib\</path>
         <kind>archive</kind>
         <file>rtsv7M4_T_le_v4SPD16_eabi.lib</file>
         <name>errno.c.obj</name>
      </input_file>
      <input_file id="fl-e3">
         <path>C:\ti\ccs1220\ccs\tools\compiler\ti-cgt-arm_20.2.7.LTS\lib\</path>
         <kind>archive</kind>
         <file>rtsv7M4_T_le_v4SPD16_eabi.lib</file>
         <name>wcslen.c.obj</name>
      </input_file>
      <input_file id="fl-e4">
         <path>C:\ti\ccs1220\ccs\tools\compiler\ti-cgt-arm_20.2.7.LTS\lib\</path>
         <kind>archive</kind>
         <file>rtsv7M4_T_le_v4SPD16_eabi.lib</file>
         <name>s_frexp.c.obj</name>
      </input_file>
      <input_file id="fl-e5">
         <path>C:\ti\ccs1220\ccs\tools\compiler\ti-cgt-arm_20.2.7.LTS\lib\</path>
         <kind>archive</kind>
         <file>rtsv7M4_T_le_v4SPD16_eabi.lib</file>
         <name>s_scalbn.c.obj</name>
      </input_file>
      <input_file id="fl-e6">
         <path>C:\ti\ccs1220\ccs\tools\compiler\ti-cgt-arm_20.2.7.LTS\lib\</path>
         <kind>archive</kind>
         <file>rtsv7M4_T_le_v4SPD16_eabi.lib</file>
         <name>fflush.c.obj</name>
      </input_file>
      <input_file id="fl-e7">
         <path>C:\ti\ccs1220\ccs\tools\compiler\ti-cgt-arm_20.2.7.LTS\lib\</path>
         <kind>archive</kind>
         <file>rtsv7M4_T_le_v4SPD16_eabi.lib</file>
         <name>fopen.c.obj</name>
      </input_file>
      <input_file id="fl-e8">
         <path>C:\ti\ccs1220\ccs\tools\compiler\ti-cgt-arm_20.2.7.LTS\lib\</path>
         <kind>archive</kind>
         <file>rtsv7M4_T_le_v4SPD16_eabi.lib</file>
         <name>fseek.c.obj</name>
      </input_file>
      <input_file id="fl-e9">
         <path>C:\ti\ccs1220\ccs\tools\compiler\ti-cgt-arm_20.2.7.LTS\lib\</path>
         <kind>archive</kind>
         <file>rtsv7M4_T_le_v4SPD16_eabi.lib</file>
         <name>div0.asm.obj</name>
      </input_file>
      <input_file id="fl-ea">
         <path>C:\ti\ccs1220\ccs\tools\compiler\ti-cgt-arm_20.2.7.LTS\lib\</path>
         <kind>archive</kind>
         <file>rtsv7M4_T_le_v4SPD16_eabi.lib</file>
         <name>autoinit.c.obj</name>
      </input_file>
      <input_file id="fl-eb">
         <path>C:\ti\ccs1220\ccs\tools\compiler\ti-cgt-arm_20.2.7.LTS\lib\</path>
         <kind>archive</kind>
         <file>rtsv7M4_T_le_v4SPD16_eabi.lib</file>
         <name>pre_init.c.obj</name>
      </input_file>
      <input_file id="fl-ec">
         <path>C:\ti\ccs1220\ccs\tools\compiler\ti-cgt-arm_20.2.7.LTS\lib\</path>
         <kind>archive</kind>
         <file>rtsv7M4_T_le_v4SPD16_eabi.lib</file>
         <name>cpy_tbl.c.obj</name>
      </input_file>
      <input_file id="fl-ed">
         <path>C:\ti\ccs1220\ccs\tools\compiler\ti-cgt-arm_20.2.7.LTS\lib\</path>
         <kind>archive</kind>
         <file>rtsv7M4_T_le_v4SPD16_eabi.lib</file>
         <name>args_main.c.obj</name>
      </input_file>
      <input_file id="fl-ee">
         <path>C:\ti\ccs1220\ccs\tools\compiler\ti-cgt-arm_20.2.7.LTS\lib\</path>
         <kind>archive</kind>
         <file>rtsv7M4_T_le_v4SPD16_eabi.lib</file>
         <name>hostclose.c.obj</name>
      </input_file>
      <input_file id="fl-ef">
         <path>C:\ti\ccs1220\ccs\tools\compiler\ti-cgt-arm_20.2.7.LTS\lib\</path>
         <kind>archive</kind>
         <file>rtsv7M4_T_le_v4SPD16_eabi.lib</file>
         <name>hostlseek.c.obj</name>
      </input_file>
      <input_file id="fl-f0">
         <path>C:\ti\ccs1220\ccs\tools\compiler\ti-cgt-arm_20.2.7.LTS\lib\</path>
         <kind>archive</kind>
         <file>rtsv7M4_T_le_v4SPD16_eabi.lib</file>
         <name>hostopen.c.obj</name>
      </input_file>
      <input_file id="fl-f1">
         <path>C:\ti\ccs1220\ccs\tools\compiler\ti-cgt-arm_20.2.7.LTS\lib\</path>
         <kind>archive</kind>
         <file>rtsv7M4_T_le_v4SPD16_eabi.lib</file>
         <name>hostread.c.obj</name>
      </input_file>
      <input_file id="fl-f2">
         <path>C:\ti\ccs1220\ccs\tools\compiler\ti-cgt-arm_20.2.7.LTS\lib\</path>
         <kind>archive</kind>
         <file>rtsv7M4_T_le_v4SPD16_eabi.lib</file>
         <name>hostrename.c.obj</name>
      </input_file>
      <input_file id="fl-f3">
         <path>C:\ti\ccs1220\ccs\tools\compiler\ti-cgt-arm_20.2.7.LTS\lib\</path>
         <kind>archive</kind>
         <file>rtsv7M4_T_le_v4SPD16_eabi.lib</file>
         <name>hostunlink.c.obj</name>
      </input_file>
      <input_file id="fl-f4">
         <path>C:\ti\ccs1220\ccs\tools\compiler\ti-cgt-arm_20.2.7.LTS\lib\</path>
         <kind>archive</kind>
         <file>rtsv7M4_T_le_v4SPD16_eabi.lib</file>
         <name>hostwrite.c.obj</name>
      </input_file>
      <input_file id="fl-f5">
         <path>C:\ti\ccs1220\ccs\tools\compiler\ti-cgt-arm_20.2.7.LTS\lib\</path>
         <kind>archive</kind>
         <file>rtsv7M4_T_le_v4SPD16_eabi.lib</file>
         <name>trgmsg.c.obj</name>
      </input_file>
      <input_file id="fl-f6">
         <path>C:\ti\ccs1220\ccs\tools\compiler\ti-cgt-arm_20.2.7.LTS\lib\</path>
         <kind>archive</kind>
         <file>rtsv7M4_T_le_v4SPD16_eabi.lib</file>
         <name>open.c.obj</name>
      </input_file>
      <input_file id="fl-f7">
         <path>C:\ti\ccs1220\ccs\tools\compiler\ti-cgt-arm_20.2.7.LTS\lib\</path>
         <kind>archive</kind>
         <file>rtsv7M4_T_le_v4SPD16_eabi.lib</file>
         <name>lseek.c.obj</name>
      </input_file>
      <input_file id="fl-f8">
         <path>C:\ti\ccs1220\ccs\tools\compiler\ti-cgt-arm_20.2.7.LTS\lib\</path>
         <kind>archive</kind>
         <file>rtsv7M4_T_le_v4SPD16_eabi.lib</file>
         <name>s_copysign.c.obj</name>
      </input_file>
      <input_file id="fl-f9">
         <path>C:\ti\ccs1220\ccs\tools\compiler\ti-cgt-arm_20.2.7.LTS\lib\</path>
         <kind>archive</kind>
         <file>rtsv7M4_T_le_v4SPD16_eabi.lib</file>
         <name>fclose.c.obj</name>
      </input_file>
      <input_file id="fl-fa">
         <path>C:\ti\ccs1220\ccs\tools\compiler\ti-cgt-arm_20.2.7.LTS\lib\</path>
         <kind>archive</kind>
         <file>rtsv7M4_T_le_v4SPD16_eabi.lib</file>
         <name>getdevice.c.obj</name>
      </input_file>
      <input_file id="fl-fb">
         <path>C:\ti\ccs1220\ccs\tools\compiler\ti-cgt-arm_20.2.7.LTS\lib\</path>
         <kind>archive</kind>
         <file>rtsv7M4_T_le_v4SPD16_eabi.lib</file>
         <name>strcmp.c.obj</name>
      </input_file>
      <input_file id="fl-fc">
         <path>C:\ti\ccs1220\ccs\tools\compiler\ti-cgt-arm_20.2.7.LTS\lib\</path>
         <kind>archive</kind>
         <file>rtsv7M4_T_le_v4SPD16_eabi.lib</file>
         <name>strcpy.c.obj</name>
      </input_file>
      <input_file id="fl-fd">
         <path>C:\ti\ccs1220\ccs\tools\compiler\ti-cgt-arm_20.2.7.LTS\lib\</path>
         <kind>archive</kind>
         <file>rtsv7M4_T_le_v4SPD16_eabi.lib</file>
         <name>strncpy.c.obj</name>
      </input_file>
      <input_file id="fl-fe">
         <path>C:\ti\ccs1220\ccs\tools\compiler\ti-cgt-arm_20.2.7.LTS\lib\</path>
         <kind>archive</kind>
         <file>rtsv7M4_T_le_v4SPD16_eabi.lib</file>
         <name>remove.c.obj</name>
      </input_file>
      <input_file id="fl-ff">
         <path>C:\ti\ccs1220\ccs\tools\compiler\ti-cgt-arm_20.2.7.LTS\lib\</path>
         <kind>archive</kind>
         <file>rtsv7M4_T_le_v4SPD16_eabi.lib</file>
         <name>close.c.obj</name>
      </input_file>
      <input_file id="fl-100">
         <path>C:\ti\ccs1220\ccs\tools\compiler\ti-cgt-arm_20.2.7.LTS\lib\</path>
         <kind>archive</kind>
         <file>rtsv7M4_T_le_v4SPD16_eabi.lib</file>
         <name>unlink.c.obj</name>
      </input_file>
      <input_file id="fl-101">
         <path>C:\ti\msp432_driverlib_3_21_00_05\driverlib\MSP432P4xx\ccs\</path>
         <kind>archive</kind>
         <file>msp432p4xx_driverlib.lib</file>
         <name>adc14.o</name>
      </input_file>
      <input_file id="fl-102">
         <path>C:\ti\msp432_driverlib_3_21_00_05\driverlib\MSP432P4xx\ccs\</path>
         <kind>archive</kind>
         <file>msp432p4xx_driverlib.lib</file>
         <name>cs.o</name>
      </input_file>
      <input_file id="fl-103">
         <path>C:\ti\msp432_driverlib_3_21_00_05\driverlib\MSP432P4xx\ccs\</path>
         <kind>archive</kind>
         <file>msp432p4xx_driverlib.lib</file>
         <name>gpio.o</name>
      </input_file>
      <input_file id="fl-104">
         <path>C:\ti\msp432_driverlib_3_21_00_05\driverlib\MSP432P4xx\ccs\</path>
         <kind>archive</kind>
         <file>msp432p4xx_driverlib.lib</file>
         <name>interrupt.o</name>
      </input_file>
      <input_file id="fl-105">
         <path>C:\ti\msp432_driverlib_3_21_00_05\driverlib\MSP432P4xx\ccs\</path>
         <kind>archive</kind>
         <file>msp432p4xx_driverlib.lib</file>
         <name>ref_a.o</name>
      </input_file>
      <input_file id="fl-106">
         <path>C:\ti\msp432_driverlib_3_21_00_05\driverlib\MSP432P4xx\ccs\</path>
         <kind>archive</kind>
         <file>msp432p4xx_driverlib.lib</file>
         <name>sysctl.o</name>
      </input_file>
      <input_file id="fl-107">
         <path>C:\ti\msp432_driverlib_3_21_00_05\driverlib\MSP432P4xx\ccs\</path>
         <kind>archive</kind>
         <file>msp432p4xx_driverlib.lib</file>
         <name>timer_a.o</name>
      </input_file>
      <input_file id="fl-108">
         <path>C:\ti\msp432_driverlib_3_21_00_05\driverlib\MSP432P4xx\ccs\</path>
         <kind>archive</kind>
         <file>msp432p4xx_driverlib.lib</file>
         <name>wdt_a.o</name>
      </input_file>
      <input_file id="fl-109">
         <path>C:\ti\msp432_driverlib_3_21_00_05\driverlib\MSP432P4xx\ccs\</path>
         <kind>archive</kind>
         <file>msp432p4xx_driverlib.lib</file>
         <name>cpu.o</name>
      </input_file>
   </input_file_list>
   <object_component_list>
      <object_component id="oc-26">
         <name>.intvecs:retain</name>
         <load_address>0x0</load_address>
         <run_address>0x0</run_address>
         <size>0xe8</size>
         <input_file_ref idref="fl-3"/>
      </object_component>
      <object_component id="oc-237">
         <name>.text:__TI_printfi</name>
         <load_address>0xe8</load_address>
         <run_address>0xe8</run_address>
         <size>0xa4e</size>
         <input_file_ref idref="fl-c0"/>
      </object_component>
      <object_component id="oc-30c">
         <name>.text:_nop</name>
         <load_address>0xb36</load_address>
         <run_address>0xb36</run_address>
         <size>0x2</size>
         <input_file_ref idref="fl-d5"/>
      </object_component>
      <object_component id="oc-ac">
         <name>.text</name>
         <load_address>0xb38</load_address>
         <run_address>0xb38</run_address>
         <size>0x350</size>
         <input_file_ref idref="fl-4"/>
      </object_component>
      <object_component id="oc-2e8">
         <name>.text:_pconv_a</name>
         <load_address>0xe88</load_address>
         <run_address>0xe88</run_address>
         <size>0x270</size>
         <input_file_ref idref="fl-c0"/>
      </object_component>
      <object_component id="oc-70">
         <name>.text</name>
         <load_address>0x10f8</load_address>
         <run_address>0x10f8</run_address>
         <size>0x1d8</size>
         <input_file_ref idref="fl-2"/>
      </object_component>
      <object_component id="oc-2d6">
         <name>.text:_pconv_g</name>
         <load_address>0x12d0</load_address>
         <run_address>0x12d0</run_address>
         <size>0x1d0</size>
         <input_file_ref idref="fl-c0"/>
      </object_component>
      <object_component id="oc-36b">
         <name>.text</name>
         <load_address>0x14a0</load_address>
         <run_address>0x14a0</run_address>
         <size>0x1b6</size>
         <input_file_ref idref="fl-c5"/>
      </object_component>
      <object_component id="oc-3f1">
         <name>.text</name>
         <load_address>0x1656</load_address>
         <run_address>0x1656</run_address>
         <size>0x2</size>
         <input_file_ref idref="fl-e9"/>
      </object_component>
      <object_component id="oc-20a">
         <name>.text:_getIndexForMemRegister</name>
         <load_address>0x1658</load_address>
         <run_address>0x1658</run_address>
         <size>0x154</size>
         <input_file_ref idref="fl-101"/>
      </object_component>
      <object_component id="oc-c5">
         <name>.text:CS_setDCOFrequency</name>
         <load_address>0x17ac</load_address>
         <run_address>0x17ac</run_address>
         <size>0x14c</size>
         <input_file_ref idref="fl-102"/>
      </object_component>
      <object_component id="oc-2e2">
         <name>.text:_pconv_e</name>
         <load_address>0x18f8</load_address>
         <run_address>0x18f8</run_address>
         <size>0x13c</size>
         <input_file_ref idref="fl-c0"/>
      </object_component>
      <object_component id="oc-141">
         <name>.text</name>
         <load_address>0x1a34</load_address>
         <run_address>0x1a34</run_address>
         <size>0x136</size>
         <input_file_ref idref="fl-c7"/>
      </object_component>
      <object_component id="oc-37d">
         <name>.text:fcvt</name>
         <load_address>0x1b6c</load_address>
         <run_address>0x1b6c</run_address>
         <size>0x124</size>
         <input_file_ref idref="fl-c0"/>
      </object_component>
      <object_component id="oc-31a">
         <name>.text:fputs</name>
         <load_address>0x1c90</load_address>
         <run_address>0x1c90</run_address>
         <size>0x114</size>
         <input_file_ref idref="fl-c2"/>
      </object_component>
      <object_component id="oc-391">
         <name>.text:scalbn</name>
         <load_address>0x1da4</load_address>
         <run_address>0x1da4</run_address>
         <size>0x110</size>
         <input_file_ref idref="fl-e5"/>
      </object_component>
      <object_component id="oc-49a">
         <name>.text:aligned_alloc</name>
         <load_address>0x1eb4</load_address>
         <run_address>0x1eb4</run_address>
         <size>0x100</size>
         <input_file_ref idref="fl-dc"/>
      </object_component>
      <object_component id="oc-13c">
         <name>.text</name>
         <load_address>0x1fb4</load_address>
         <run_address>0x1fb4</run_address>
         <size>0xfc</size>
         <input_file_ref idref="fl-c8"/>
      </object_component>
      <object_component id="oc-458">
         <name>.text:free</name>
         <load_address>0x20b0</load_address>
         <run_address>0x20b0</run_address>
         <size>0xe4</size>
         <input_file_ref idref="fl-dc"/>
      </object_component>
      <object_component id="oc-cb">
         <name>.text:CS_initClockSignal</name>
         <load_address>0x2194</load_address>
         <run_address>0x2194</run_address>
         <size>0xe0</size>
         <input_file_ref idref="fl-102"/>
      </object_component>
      <object_component id="oc-42a">
         <name>.text:setvbuf</name>
         <load_address>0x2274</load_address>
         <run_address>0x2274</run_address>
         <size>0xdc</size>
         <input_file_ref idref="fl-c4"/>
      </object_component>
      <object_component id="oc-218">
         <name>.text:privateTimer_AProcessClockSourceDivider</name>
         <load_address>0x2350</load_address>
         <run_address>0x2350</run_address>
         <size>0xb2</size>
         <input_file_ref idref="fl-107"/>
      </object_component>
      <object_component id="oc-2cb">
         <name>.text:_ltostr</name>
         <load_address>0x2404</load_address>
         <run_address>0x2404</run_address>
         <size>0xb1</size>
         <input_file_ref idref="fl-c0"/>
      </object_component>
      <object_component id="oc-3a">
         <name>.text</name>
         <load_address>0x24b6</load_address>
         <run_address>0x24b6</run_address>
         <size>0x9c</size>
         <input_file_ref idref="fl-cd"/>
      </object_component>
      <object_component id="oc-34f">
         <name>.text</name>
         <load_address>0x2552</load_address>
         <run_address>0x2552</run_address>
         <size>0x96</size>
         <input_file_ref idref="fl-d0"/>
      </object_component>
      <object_component id="oc-321">
         <name>.text:fputc</name>
         <load_address>0x25e8</load_address>
         <run_address>0x25e8</run_address>
         <size>0x8c</size>
         <input_file_ref idref="fl-c1"/>
      </object_component>
      <object_component id="oc-2d1">
         <name>.text:__aeabi_cdcmple</name>
         <load_address>0x2674</load_address>
         <run_address>0x2674</run_address>
         <size>0x86</size>
         <input_file_ref idref="fl-c6"/>
      </object_component>
      <object_component id="oc-356">
         <name>.text:__aeabi_cdrcmple</name>
         <load_address>0x26fa</load_address>
         <run_address>0x26fa</run_address>
         <size>0x86</size>
         <input_file_ref idref="fl-c6"/>
      </object_component>
      <object_component id="oc-94">
         <name>.text</name>
         <load_address>0x2780</load_address>
         <run_address>0x2780</run_address>
         <size>0x7a</size>
         <input_file_ref idref="fl-cf"/>
      </object_component>
      <object_component id="oc-4a1">
         <name>.text:__TI_closefile</name>
         <load_address>0x27fc</load_address>
         <run_address>0x27fc</run_address>
         <size>0x74</size>
         <input_file_ref idref="fl-f9"/>
      </object_component>
      <object_component id="oc-4e2">
         <name>.text:split</name>
         <load_address>0x2870</load_address>
         <run_address>0x2870</run_address>
         <size>0x70</size>
         <input_file_ref idref="fl-dc"/>
      </object_component>
      <object_component id="oc-376">
         <name>.text:_mcpy</name>
         <load_address>0x28e0</load_address>
         <run_address>0x28e0</run_address>
         <size>0x6e</size>
         <input_file_ref idref="fl-c0"/>
      </object_component>
      <object_component id="oc-146">
         <name>.text</name>
         <load_address>0x294e</load_address>
         <run_address>0x294e</run_address>
         <size>0x6e</size>
         <input_file_ref idref="fl-ca"/>
      </object_component>
      <object_component id="oc-ef">
         <name>.text:ADC14_configureConversionMemory</name>
         <load_address>0x29bc</load_address>
         <run_address>0x29bc</run_address>
         <size>0x6c</size>
         <input_file_ref idref="fl-101"/>
      </object_component>
      <object_component id="oc-4d1">
         <name>.text:HOSTrename</name>
         <load_address>0x2a28</load_address>
         <run_address>0x2a28</run_address>
         <size>0x6c</size>
         <input_file_ref idref="fl-f2"/>
      </object_component>
      <object_component id="oc-4c5">
         <name>.text:HOSTlseek</name>
         <load_address>0x2a94</load_address>
         <run_address>0x2a94</run_address>
         <size>0x68</size>
         <input_file_ref idref="fl-ef"/>
      </object_component>
      <object_component id="oc-17">
         <name>.text:decompress:lzss:__TI_decompress_lzss</name>
         <load_address>0x2afc</load_address>
         <run_address>0x2afc</run_address>
         <size>0x68</size>
         <input_file_ref idref="fl-d3"/>
      </object_component>
      <object_component id="oc-150">
         <name>.text:printf</name>
         <load_address>0x2b64</load_address>
         <run_address>0x2b64</run_address>
         <size>0x68</size>
         <input_file_ref idref="fl-bf"/>
      </object_component>
      <object_component id="oc-11f">
         <name>.text:Interrupt_disableInterrupt</name>
         <load_address>0x2bcc</load_address>
         <run_address>0x2bcc</run_address>
         <size>0x64</size>
         <input_file_ref idref="fl-104"/>
      </object_component>
      <object_component id="oc-107">
         <name>.text:Interrupt_enableInterrupt</name>
         <load_address>0x2c30</load_address>
         <run_address>0x2c30</run_address>
         <size>0x64</size>
         <input_file_ref idref="fl-104"/>
      </object_component>
      <object_component id="oc-38b">
         <name>.text:frexp</name>
         <load_address>0x2c94</load_address>
         <run_address>0x2c94</run_address>
         <size>0x64</size>
         <input_file_ref idref="fl-e4"/>
      </object_component>
      <object_component id="oc-424">
         <name>.text:fseek</name>
         <load_address>0x2cf8</load_address>
         <run_address>0x2cf8</run_address>
         <size>0x64</size>
         <input_file_ref idref="fl-e8"/>
      </object_component>
      <object_component id="oc-3c2">
         <name>.text:__TI_wrt_ok</name>
         <load_address>0x2d5c</load_address>
         <run_address>0x2d5c</run_address>
         <size>0x62</size>
         <input_file_ref idref="fl-c3"/>
      </object_component>
      <object_component id="oc-4ad">
         <name>.text:HOSTopen</name>
         <load_address>0x2dc0</load_address>
         <run_address>0x2dc0</run_address>
         <size>0x60</size>
         <input_file_ref idref="fl-f0"/>
      </object_component>
      <object_component id="oc-4e9">
         <name>.text:close</name>
         <load_address>0x2e20</load_address>
         <run_address>0x2e20</run_address>
         <size>0x5c</size>
         <input_file_ref idref="fl-ff"/>
      </object_component>
      <object_component id="oc-4b9">
         <name>.text:HOSTread</name>
         <load_address>0x2e7c</load_address>
         <run_address>0x2e7c</run_address>
         <size>0x58</size>
         <input_file_ref idref="fl-f1"/>
      </object_component>
      <object_component id="oc-4bf">
         <name>.text:HOSTwrite</name>
         <load_address>0x2ed4</load_address>
         <run_address>0x2ed4</run_address>
         <size>0x58</size>
         <input_file_ref idref="fl-f4"/>
      </object_component>
      <object_component id="oc-2dc">
         <name>.text:_pconv_f</name>
         <load_address>0x2f2c</load_address>
         <run_address>0x2f2c</run_address>
         <size>0x56</size>
         <input_file_ref idref="fl-c0"/>
      </object_component>
      <object_component id="oc-1f0">
         <name>.text:CS_tuneDCOFrequency</name>
         <load_address>0x2f84</load_address>
         <run_address>0x2f84</run_address>
         <size>0x54</size>
         <input_file_ref idref="fl-102"/>
      </object_component>
      <object_component id="oc-360">
         <name>.text:__TI_ltoa</name>
         <load_address>0x2fd8</load_address>
         <run_address>0x2fd8</run_address>
         <size>0x54</size>
         <input_file_ref idref="fl-d6"/>
      </object_component>
      <object_component id="oc-370">
         <name>.text:_ecpy</name>
         <load_address>0x302c</load_address>
         <run_address>0x302c</run_address>
         <size>0x52</size>
         <input_file_ref idref="fl-c0"/>
      </object_component>
      <object_component id="oc-1ea">
         <name>.text:SysCtl_getTLVInfo</name>
         <load_address>0x3080</load_address>
         <run_address>0x3080</run_address>
         <size>0x50</size>
         <input_file_ref idref="fl-106"/>
      </object_component>
      <object_component id="oc-3ce">
         <name>.text:__TI_doflush</name>
         <load_address>0x30d0</load_address>
         <run_address>0x30d0</run_address>
         <size>0x4c</size>
         <input_file_ref idref="fl-e6"/>
      </object_component>
      <object_component id="oc-2c5">
         <name>.text:atoi</name>
         <load_address>0x311c</load_address>
         <run_address>0x311c</run_address>
         <size>0x4c</size>
         <input_file_ref idref="fl-d7"/>
      </object_component>
      <object_component id="oc-d7">
         <name>.text:GPIO_setAsPeripheralModuleFunctionInputPin</name>
         <load_address>0x3168</load_address>
         <run_address>0x3168</run_address>
         <size>0x48</size>
         <input_file_ref idref="fl-103"/>
      </object_component>
      <object_component id="oc-197">
         <name>.text:exit</name>
         <load_address>0x31b0</load_address>
         <run_address>0x31b0</run_address>
         <size>0x48</size>
         <input_file_ref idref="fl-d4"/>
      </object_component>
      <object_component id="oc-35b">
         <name>.text</name>
         <load_address>0x31f8</load_address>
         <run_address>0x31f8</run_address>
         <size>0x48</size>
         <input_file_ref idref="fl-c9"/>
      </object_component>
      <object_component id="oc-e9">
         <name>.text:ADC14_configureSingleSampleMode</name>
         <load_address>0x3240</load_address>
         <run_address>0x3240</run_address>
         <size>0x44</size>
         <input_file_ref idref="fl-101"/>
      </object_component>
      <object_component id="oc-4b3">
         <name>.text:HOSTclose</name>
         <load_address>0x3284</load_address>
         <run_address>0x3284</run_address>
         <size>0x44</size>
         <input_file_ref idref="fl-ee"/>
      </object_component>
      <object_component id="oc-4cb">
         <name>.text:HOSTunlink</name>
         <load_address>0x32c8</load_address>
         <run_address>0x32c8</run_address>
         <size>0x44</size>
         <input_file_ref idref="fl-f3"/>
      </object_component>
      <object_component id="oc-101">
         <name>.text:Timer_A_configureUpMode</name>
         <load_address>0x330c</load_address>
         <run_address>0x330c</run_address>
         <size>0x44</size>
         <input_file_ref idref="fl-107"/>
      </object_component>
      <object_component id="oc-19d">
         <name>.text:__TI_auto_init_nobinit_nopinit:__TI_auto_init_nobinit_nopinit</name>
         <load_address>0x3350</load_address>
         <run_address>0x3350</run_address>
         <size>0x44</size>
         <input_file_ref idref="fl-ea"/>
      </object_component>
      <object_component id="oc-521">
         <name>.text:getdevice</name>
         <load_address>0x3394</load_address>
         <run_address>0x3394</run_address>
         <size>0x44</size>
         <input_file_ref idref="fl-fa"/>
      </object_component>
      <object_component id="oc-383">
         <name>.text:_fcpy</name>
         <load_address>0x33d8</load_address>
         <run_address>0x33d8</run_address>
         <size>0x3e</size>
         <input_file_ref idref="fl-c0"/>
      </object_component>
      <object_component id="oc-e3">
         <name>.text:ADC14_initModule</name>
         <load_address>0x3418</load_address>
         <run_address>0x3418</run_address>
         <size>0x38</size>
         <input_file_ref idref="fl-101"/>
      </object_component>
      <object_component id="oc-4fa">
         <name>.text:__TI_writemsg</name>
         <load_address>0x3450</load_address>
         <run_address>0x3450</run_address>
         <size>0x38</size>
         <input_file_ref idref="fl-f5"/>
      </object_component>
      <object_component id="oc-14b">
         <name>.text</name>
         <load_address>0x3488</load_address>
         <run_address>0x3488</run_address>
         <size>0x38</size>
         <input_file_ref idref="fl-cb"/>
      </object_component>
      <object_component id="oc-543">
         <name>.text:strncpy</name>
         <load_address>0x34c0</load_address>
         <run_address>0x34c0</run_address>
         <size>0x36</size>
         <input_file_ref idref="fl-fd"/>
      </object_component>
      <object_component id="oc-464">
         <name>.text:__TI_cleanup</name>
         <load_address>0x34f8</load_address>
         <run_address>0x34f8</run_address>
         <size>0x34</size>
         <input_file_ref idref="fl-e7"/>
      </object_component>
      <object_component id="oc-500">
         <name>.text:__TI_readmsg</name>
         <load_address>0x352c</load_address>
         <run_address>0x352c</run_address>
         <size>0x34</size>
         <input_file_ref idref="fl-f5"/>
      </object_component>
      <object_component id="oc-58">
         <name>.text:_c_int00_noargs:_c_int00_noargs</name>
         <load_address>0x3560</load_address>
         <run_address>0x3560</run_address>
         <size>0x34</size>
         <input_file_ref idref="fl-df"/>
      </object_component>
      <object_component id="oc-549">
         <name>.text:finddevice</name>
         <load_address>0x3594</load_address>
         <run_address>0x3594</run_address>
         <size>0x30</size>
         <input_file_ref idref="fl-fa"/>
      </object_component>
      <object_component id="oc-366">
         <name>.text</name>
         <load_address>0x35c4</load_address>
         <run_address>0x35c4</run_address>
         <size>0x2e</size>
         <input_file_ref idref="fl-cc"/>
      </object_component>
      <object_component id="oc-113">
         <name>.text:ADC14_enableConversion</name>
         <load_address>0x35f4</load_address>
         <run_address>0x35f4</run_address>
         <size>0x2c</size>
         <input_file_ref idref="fl-101"/>
      </object_component>
      <object_component id="oc-4ef">
         <name>.text:unlink</name>
         <load_address>0x3620</load_address>
         <run_address>0x3620</run_address>
         <size>0x2c</size>
         <input_file_ref idref="fl-100"/>
      </object_component>
      <object_component id="oc-fb">
         <name>.text:ADC14_enableSampleTimer</name>
         <load_address>0x364c</load_address>
         <run_address>0x364c</run_address>
         <size>0x28</size>
         <input_file_ref idref="fl-101"/>
      </object_component>
      <object_component id="oc-493">
         <name>.text:free_list_insert</name>
         <load_address>0x3674</load_address>
         <run_address>0x3674</run_address>
         <size>0x28</size>
         <input_file_ref idref="fl-dc"/>
      </object_component>
      <object_component id="oc-450">
         <name>.text:lseek</name>
         <load_address>0x369c</load_address>
         <run_address>0x369c</run_address>
         <size>0x28</size>
         <input_file_ref idref="fl-f7"/>
      </object_component>
      <object_component id="oc-3d4">
         <name>.text:write</name>
         <load_address>0x36c4</load_address>
         <run_address>0x36c4</run_address>
         <size>0x28</size>
         <input_file_ref idref="fl-e0"/>
      </object_component>
      <object_component id="oc-1e4">
         <name>.text:CS_setDCOCenteredFrequency</name>
         <load_address>0x36ec</load_address>
         <run_address>0x36ec</run_address>
         <size>0x24</size>
         <input_file_ref idref="fl-102"/>
      </object_component>
      <object_component id="oc-b9">
         <name>.text:GPIO_setAsOutputPin</name>
         <load_address>0x3710</load_address>
         <run_address>0x3710</run_address>
         <size>0x24</size>
         <input_file_ref idref="fl-103"/>
      </object_component>
      <object_component id="oc-125">
         <name>.text:ADC14_toggleConversionTrigger</name>
         <load_address>0x3734</load_address>
         <run_address>0x3734</run_address>
         <size>0x20</size>
         <input_file_ref idref="fl-101"/>
      </object_component>
      <object_component id="oc-3c8">
         <name>.text:memchr</name>
         <load_address>0x3754</load_address>
         <run_address>0x3754</run_address>
         <size>0x20</size>
         <input_file_ref idref="fl-db"/>
      </object_component>
      <object_component id="oc-137">
         <name>.text</name>
         <load_address>0x3774</load_address>
         <run_address>0x3774</run_address>
         <size>0x20</size>
         <input_file_ref idref="fl-ce"/>
      </object_component>
      <object_component id="oc-46">
         <name>.text:decompress:ZI:__TI_zero_init_nomemset:__TI_zero_init_nomemset</name>
         <load_address>0x3794</load_address>
         <run_address>0x3794</run_address>
         <size>0x1c</size>
         <input_file_ref idref="fl-d1"/>
      </object_component>
      <object_component id="oc-48d">
         <name>.text:free_list_remove</name>
         <load_address>0x37b0</load_address>
         <run_address>0x37b0</run_address>
         <size>0x1c</size>
         <input_file_ref idref="fl-dc"/>
      </object_component>
      <object_component id="oc-2ee">
         <name>.text:memccpy</name>
         <load_address>0x37cc</load_address>
         <run_address>0x37cc</run_address>
         <size>0x1c</size>
         <input_file_ref idref="fl-da"/>
      </object_component>
      <object_component id="oc-156">
         <name>.text:Timer_A_clearCaptureCompareInterrupt</name>
         <load_address>0x37e8</load_address>
         <run_address>0x37e8</run_address>
         <size>0x1a</size>
         <input_file_ref idref="fl-107"/>
      </object_component>
      <object_component id="oc-408">
         <name>.text:copysign</name>
         <load_address>0x3802</load_address>
         <run_address>0x3802</run_address>
         <size>0x1a</size>
         <input_file_ref idref="fl-f8"/>
      </object_component>
      <object_component id="oc-131">
         <name>.text:ADC14_getResult</name>
         <load_address>0x381c</load_address>
         <run_address>0x381c</run_address>
         <size>0x18</size>
         <input_file_ref idref="fl-101"/>
      </object_component>
      <object_component id="oc-bf">
         <name>.text:GPIO_setOutputLowOnPin</name>
         <load_address>0x3834</load_address>
         <run_address>0x3834</run_address>
         <size>0x18</size>
         <input_file_ref idref="fl-103"/>
      </object_component>
      <object_component id="oc-b3">
         <name>.text:WDT_A_holdTimer</name>
         <load_address>0x384c</load_address>
         <run_address>0x384c</run_address>
         <size>0x18</size>
         <input_file_ref idref="fl-108"/>
      </object_component>
      <object_component id="oc-560">
         <name>.text:strcmp</name>
         <load_address>0x3864</load_address>
         <run_address>0x3864</run_address>
         <size>0x18</size>
         <input_file_ref idref="fl-fb"/>
      </object_component>
      <object_component id="oc-397">
         <name>.text:strchr</name>
         <load_address>0x387c</load_address>
         <run_address>0x387c</run_address>
         <size>0x16</size>
         <input_file_ref idref="fl-dd"/>
      </object_component>
      <object_component id="oc-12b">
         <name>.text:ADC14_isBusy</name>
         <load_address>0x3894</load_address>
         <run_address>0x3894</run_address>
         <size>0x14</size>
         <input_file_ref idref="fl-101"/>
      </object_component>
      <object_component id="oc-dd">
         <name>.text:ADC14_setResolution</name>
         <load_address>0x38a8</load_address>
         <run_address>0x38a8</run_address>
         <size>0x14</size>
         <input_file_ref idref="fl-101"/>
      </object_component>
      <object_component id="oc-203">
         <name>.text:ADCIsConversionRunning</name>
         <load_address>0x38bc</load_address>
         <run_address>0x38bc</run_address>
         <size>0x14</size>
         <input_file_ref idref="fl-101"/>
      </object_component>
      <object_component id="oc-15c">
         <name>.text:GPIO_setOutputHighOnPin</name>
         <load_address>0x38d0</load_address>
         <run_address>0x38d0</run_address>
         <size>0x14</size>
         <input_file_ref idref="fl-103"/>
      </object_component>
      <object_component id="oc-f5">
         <name>.text:REF_A_setReferenceVoltage</name>
         <load_address>0x38e4</load_address>
         <run_address>0x38e4</run_address>
         <size>0x14</size>
         <input_file_ref idref="fl-105"/>
      </object_component>
      <object_component id="oc-514">
         <name>.text:strcpy</name>
         <load_address>0x38f8</load_address>
         <run_address>0x38f8</run_address>
         <size>0x14</size>
         <input_file_ref idref="fl-fc"/>
      </object_component>
      <object_component id="oc-2bf">
         <name>.text:strlen</name>
         <load_address>0x390c</load_address>
         <run_address>0x390c</run_address>
         <size>0x14</size>
         <input_file_ref idref="fl-de"/>
      </object_component>
      <object_component id="oc-2f4">
         <name>.text:wcslen</name>
         <load_address>0x3920</load_address>
         <run_address>0x3920</run_address>
         <size>0x12</size>
         <input_file_ref idref="fl-e3"/>
      </object_component>
      <object_component id="oc-d1">
         <name>.text:ADC14_enableModule</name>
         <load_address>0x3934</load_address>
         <run_address>0x3934</run_address>
         <size>0x10</size>
         <input_file_ref idref="fl-101"/>
      </object_component>
      <object_component id="oc-119">
         <name>.text:Interrupt_enableMaster</name>
         <load_address>0x3944</load_address>
         <run_address>0x3944</run_address>
         <size>0x10</size>
         <input_file_ref idref="fl-104"/>
      </object_component>
      <object_component id="oc-1d">
         <name>.text:decompress:none:__TI_decompress_none</name>
         <load_address>0x3954</load_address>
         <run_address>0x3954</run_address>
         <size>0xe</size>
         <input_file_ref idref="fl-d2"/>
      </object_component>
      <object_component id="oc-6a">
         <name>.text</name>
         <load_address>0x3962</load_address>
         <run_address>0x3962</run_address>
         <size>0xe</size>
         <input_file_ref idref="fl-3"/>
      </object_component>
      <object_component id="oc-227">
         <name>.text:CPU_cpsie</name>
         <load_address>0x3970</load_address>
         <run_address>0x3970</run_address>
         <size>0xc</size>
         <input_file_ref idref="fl-109"/>
      </object_component>
      <object_component id="oc-10d">
         <name>.text:Timer_A_startCounter</name>
         <load_address>0x397c</load_address>
         <run_address>0x397c</run_address>
         <size>0x8</size>
         <input_file_ref idref="fl-107"/>
      </object_component>
      <object_component id="oc-2fa">
         <name>.text:__aeabi_errno_addr</name>
         <load_address>0x3984</load_address>
         <run_address>0x3984</run_address>
         <size>0x8</size>
         <input_file_ref idref="fl-e2"/>
      </object_component>
      <object_component id="oc-45e">
         <name>.text:malloc</name>
         <load_address>0x398c</load_address>
         <run_address>0x398c</run_address>
         <size>0x8</size>
         <input_file_ref idref="fl-dc"/>
      </object_component>
      <object_component id="oc-249">
         <name>.text:_outc</name>
         <load_address>0x3994</load_address>
         <run_address>0x3994</run_address>
         <size>0x4</size>
         <input_file_ref idref="fl-bf"/>
      </object_component>
      <object_component id="oc-243">
         <name>.text:_outs</name>
         <load_address>0x3998</load_address>
         <run_address>0x3998</run_address>
         <size>0x4</size>
         <input_file_ref idref="fl-bf"/>
      </object_component>
      <object_component id="oc-9a">
         <name>.text:_system_pre_init</name>
         <load_address>0x399c</load_address>
         <run_address>0x399c</run_address>
         <size>0x4</size>
         <input_file_ref idref="fl-eb"/>
      </object_component>
      <object_component id="oc-191">
         <name>.text:abort:abort</name>
         <load_address>0x39a0</load_address>
         <run_address>0x39a0</run_address>
         <size>0x4</size>
         <input_file_ref idref="fl-d4"/>
      </object_component>
      <object_component id="oc-34a">
         <name>.const:.string:_ctypes_</name>
         <load_address>0x39a4</load_address>
         <run_address>0x39a4</run_address>
         <size>0x101</size>
         <input_file_ref idref="fl-d8"/>
      </object_component>
      <object_component id="oc-211">
         <name>.const:_ctlRegs</name>
         <load_address>0x3aa8</load_address>
         <run_address>0x3aa8</run_address>
         <size>0x80</size>
         <input_file_ref idref="fl-101"/>
      </object_component>
      <object_component id="oc-220">
         <name>.const</name>
         <load_address>0x3b28</load_address>
         <run_address>0x3b28</run_address>
         <size>0x40</size>
         <input_file_ref idref="fl-104"/>
      </object_component>
      <object_component id="oc-165">
         <name>.const:upConfig_0</name>
         <load_address>0x3b68</load_address>
         <run_address>0x3b68</run_address>
         <size>0x18</size>
         <input_file_ref idref="fl-2"/>
      </object_component>
      <object_component id="oc-5a0">
         <name>.cinit..data.load</name>
         <load_address>0x3b80</load_address>
         <run_address>0x3b80</run_address>
         <size>0x94</size>
      </object_component>
      <object_component id="oc-59e">
         <name>__TI_handler_table</name>
         <load_address>0x3c14</load_address>
         <run_address>0x3c14</run_address>
         <size>0xc</size>
      </object_component>
      <object_component id="oc-5a1">
         <name>.cinit..bss.load</name>
         <load_address>0x3c20</load_address>
         <run_address>0x3c20</run_address>
         <size>0x8</size>
      </object_component>
      <object_component id="oc-59f">
         <name>__TI_cinit_table</name>
         <load_address>0x3c28</load_address>
         <run_address>0x3c28</run_address>
         <size>0x10</size>
      </object_component>
      <object_component id="oc-572">
         <name>.binit</name>
         <load_address>0x0</load_address>
         <run_address>0x0</run_address>
         <size>0x0</size>
      </object_component>
      <object_component id="oc-162">
         <name>.data</name>
         <load_address>0x2000085c</load_address>
         <run_address>0x2000085c</run_address>
         <size>0x6</size>
         <input_file_ref idref="fl-2"/>
      </object_component>
      <object_component id="oc-1cf">
         <name>.data</name>
         <load_address>0x20000868</load_address>
         <run_address>0x20000868</run_address>
         <size>0x4</size>
         <input_file_ref idref="fl-4"/>
      </object_component>
      <object_component id="oc-278">
         <name>.data:$O1$$</name>
         <load_address>0x20000840</load_address>
         <run_address>0x20000840</run_address>
         <size>0xc</size>
         <input_file_ref idref="fl-d4"/>
      </object_component>
      <object_component id="oc-23d">
         <name>.data:$O1$$</name>
         <load_address>0x2000084c</load_address>
         <run_address>0x2000084c</run_address>
         <size>0x8</size>
         <input_file_ref idref="fl-d5"/>
      </object_component>
      <object_component id="oc-240">
         <name>.data:_ftable</name>
         <load_address>0x20000648</load_address>
         <run_address>0x20000648</run_address>
         <size>0xf0</size>
         <input_file_ref idref="fl-d9"/>
      </object_component>
      <object_component id="oc-4a7">
         <name>.data</name>
         <load_address>0x20000830</load_address>
         <run_address>0x20000830</run_address>
         <size>0x10</size>
         <input_file_ref idref="fl-d9"/>
      </object_component>
      <object_component id="oc-4dd">
         <name>.data:$O1$$</name>
         <load_address>0x20000854</load_address>
         <run_address>0x20000854</run_address>
         <size>0x8</size>
         <input_file_ref idref="fl-dc"/>
      </object_component>
      <object_component id="oc-477">
         <name>.data:_device</name>
         <load_address>0x20000738</load_address>
         <run_address>0x20000738</run_address>
         <size>0x78</size>
         <input_file_ref idref="fl-e1"/>
      </object_component>
      <object_component id="oc-436">
         <name>.data:_stream</name>
         <load_address>0x200007b0</load_address>
         <run_address>0x200007b0</run_address>
         <size>0x50</size>
         <input_file_ref idref="fl-e1"/>
      </object_component>
      <object_component id="oc-3a7">
         <name>.data</name>
         <load_address>0x20000864</load_address>
         <run_address>0x20000864</run_address>
         <size>0x4</size>
         <input_file_ref idref="fl-e2"/>
      </object_component>
      <object_component id="oc-1d9">
         <name>.data:GPIO_PORT_TO_BASE</name>
         <load_address>0x20000800</load_address>
         <run_address>0x20000800</run_address>
         <size>0x30</size>
         <input_file_ref idref="fl-103"/>
      </object_component>
      <object_component id="oc-52b">
         <name>.bss:_CIOBUF_</name>
         <uninitialized>true</uninitialized>
         <run_address>0x20000400</run_address>
         <size>0x120</size>
         <input_file_ref idref="fl-f5"/>
      </object_component>
      <object_component id="oc-16b">
         <name>.common:tempF</name>
         <uninitialized>true</uninitialized>
         <run_address>0x20000644</run_address>
         <size>0x4</size>
      </object_component>
      <object_component id="oc-168">
         <name>.common:count</name>
         <uninitialized>true</uninitialized>
         <run_address>0x20000640</run_address>
         <size>0x4</size>
      </object_component>
      <object_component id="oc-16c">
         <name>.common:data</name>
         <uninitialized>true</uninitialized>
         <run_address>0x200005c0</run_address>
         <size>0x78</size>
      </object_component>
      <object_component id="oc-4f5">
         <name>.common:__TI_tmpnams</name>
         <uninitialized>true</uninitialized>
         <run_address>0x20000520</run_address>
         <size>0xa0</size>
      </object_component>
      <object_component id="oc-506">
         <name>.common:parmbuf</name>
         <uninitialized>true</uninitialized>
         <run_address>0x20000638</run_address>
         <size>0x8</size>
      </object_component>
      <object_component id="oc-29">
         <name>.sysmem</name>
         <uninitialized>true</uninitialized>
         <run_address>0x20000000</run_address>
         <size>0x10</size>
         <input_file_ref idref="fl-dc"/>
      </object_component>
      <object_component id="oc-5a4">
         <name>.sysmem</name>
         <uninitialized>true</uninitialized>
         <run_address>0x20000000</run_address>
         <size>0x0</size>
      </object_component>
      <object_component id="oc-2c">
         <name>.stack</name>
         <uninitialized>true</uninitialized>
         <run_address>0x2003fe00</run_address>
         <size>0x4</size>
         <input_file_ref idref="fl-df"/>
      </object_component>
      <object_component id="oc-5a3">
         <name>.stack</name>
         <uninitialized>true</uninitialized>
         <run_address>0x2003fe00</run_address>
         <size>0x0</size>
      </object_component>
      <object_component id="oc-169">
         <name>.debug_info</name>
         <load_address>0x0</load_address>
         <run_address>0x0</run_address>
         <size>0xc8a</size>
         <input_file_ref idref="fl-2"/>
      </object_component>
      <object_component id="oc-163">
         <name>.debug_info</name>
         <load_address>0xc8a</load_address>
         <run_address>0xc8a</run_address>
         <size>0x110</size>
         <input_file_ref idref="fl-2"/>
      </object_component>
      <object_component id="oc-166">
         <name>.debug_info</name>
         <load_address>0xd9a</load_address>
         <run_address>0xd9a</run_address>
         <size>0xe7</size>
         <input_file_ref idref="fl-2"/>
      </object_component>
      <object_component id="oc-71">
         <name>.debug_info</name>
         <load_address>0xe81</load_address>
         <run_address>0xe81</run_address>
         <size>0x4e6</size>
         <input_file_ref idref="fl-2"/>
      </object_component>
      <object_component id="oc-170">
         <name>.debug_info</name>
         <load_address>0x1367</load_address>
         <run_address>0x1367</run_address>
         <size>0x26b</size>
         <input_file_ref idref="fl-2"/>
      </object_component>
      <object_component id="oc-263">
         <name>.debug_info</name>
         <load_address>0x15d2</load_address>
         <run_address>0x15d2</run_address>
         <size>0x1055</size>
         <input_file_ref idref="fl-2"/>
      </object_component>
      <object_component id="oc-25e">
         <name>.debug_info</name>
         <load_address>0x2627</load_address>
         <run_address>0x2627</run_address>
         <size>0x3c27</size>
         <input_file_ref idref="fl-2"/>
      </object_component>
      <object_component id="oc-268">
         <name>.debug_info</name>
         <load_address>0x624e</load_address>
         <run_address>0x624e</run_address>
         <size>0x341</size>
         <input_file_ref idref="fl-2"/>
      </object_component>
      <object_component id="oc-1f9">
         <name>.debug_info</name>
         <load_address>0x658f</load_address>
         <run_address>0x658f</run_address>
         <size>0x8b</size>
         <input_file_ref idref="fl-2"/>
      </object_component>
      <object_component id="oc-272">
         <name>.debug_info</name>
         <load_address>0x661a</load_address>
         <run_address>0x661a</run_address>
         <size>0x2a4</size>
         <input_file_ref idref="fl-2"/>
      </object_component>
      <object_component id="oc-26d">
         <name>.debug_info</name>
         <load_address>0x68be</load_address>
         <run_address>0x68be</run_address>
         <size>0xef</size>
         <input_file_ref idref="fl-2"/>
      </object_component>
      <object_component id="oc-1d3">
         <name>.debug_info</name>
         <load_address>0x69ad</load_address>
         <run_address>0x69ad</run_address>
         <size>0xbb</size>
         <input_file_ref idref="fl-2"/>
      </object_component>
      <object_component id="oc-251">
         <name>.debug_info</name>
         <load_address>0x6a68</load_address>
         <run_address>0x6a68</run_address>
         <size>0x2c</size>
         <input_file_ref idref="fl-2"/>
      </object_component>
      <object_component id="oc-78">
         <name>.debug_info</name>
         <load_address>0x6a94</load_address>
         <run_address>0x6a94</run_address>
         <size>0x2da</size>
         <input_file_ref idref="fl-3"/>
      </object_component>
      <object_component id="oc-27">
         <name>.debug_info</name>
         <load_address>0x6d6e</load_address>
         <run_address>0x6d6e</run_address>
         <size>0x106</size>
         <input_file_ref idref="fl-3"/>
      </object_component>
      <object_component id="oc-6d">
         <name>.debug_info</name>
         <load_address>0x6e74</load_address>
         <run_address>0x6e74</run_address>
         <size>0x1cd</size>
         <input_file_ref idref="fl-3"/>
      </object_component>
      <object_component id="oc-35">
         <name>.debug_info</name>
         <load_address>0x7041</load_address>
         <run_address>0x7041</run_address>
         <size>0x84</size>
         <input_file_ref idref="fl-3"/>
      </object_component>
      <object_component id="oc-1d0">
         <name>.debug_info</name>
         <load_address>0x70c5</load_address>
         <run_address>0x70c5</run_address>
         <size>0xff</size>
         <input_file_ref idref="fl-4"/>
      </object_component>
      <object_component id="oc-af">
         <name>.debug_info</name>
         <load_address>0x71c4</load_address>
         <run_address>0x71c4</run_address>
         <size>0x271</size>
         <input_file_ref idref="fl-4"/>
      </object_component>
      <object_component id="oc-250">
         <name>.debug_info</name>
         <load_address>0x7435</load_address>
         <run_address>0x7435</run_address>
         <size>0x3e5</size>
         <input_file_ref idref="fl-bf"/>
      </object_component>
      <object_component id="oc-24c">
         <name>.debug_info</name>
         <load_address>0x781a</load_address>
         <run_address>0x781a</run_address>
         <size>0x157</size>
         <input_file_ref idref="fl-bf"/>
      </object_component>
      <object_component id="oc-245">
         <name>.debug_info</name>
         <load_address>0x7971</load_address>
         <run_address>0x7971</run_address>
         <size>0x166</size>
         <input_file_ref idref="fl-bf"/>
      </object_component>
      <object_component id="oc-152">
         <name>.debug_info</name>
         <load_address>0x7ad7</load_address>
         <run_address>0x7ad7</run_address>
         <size>0x1ac</size>
         <input_file_ref idref="fl-bf"/>
      </object_component>
      <object_component id="oc-32a">
         <name>.debug_info</name>
         <load_address>0x7c83</load_address>
         <run_address>0x7c83</run_address>
         <size>0xb2</size>
         <input_file_ref idref="fl-bf"/>
      </object_component>
      <object_component id="oc-301">
         <name>.debug_info</name>
         <load_address>0x7d35</load_address>
         <run_address>0x7d35</run_address>
         <size>0x590</size>
         <input_file_ref idref="fl-c0"/>
      </object_component>
      <object_component id="oc-2cc">
         <name>.debug_info</name>
         <load_address>0x82c5</load_address>
         <run_address>0x82c5</run_address>
         <size>0x21e</size>
         <input_file_ref idref="fl-c0"/>
      </object_component>
      <object_component id="oc-371">
         <name>.debug_info</name>
         <load_address>0x84e3</load_address>
         <run_address>0x84e3</run_address>
         <size>0x1b3</size>
         <input_file_ref idref="fl-c0"/>
      </object_component>
      <object_component id="oc-377">
         <name>.debug_info</name>
         <load_address>0x8696</load_address>
         <run_address>0x8696</run_address>
         <size>0x21b</size>
         <input_file_ref idref="fl-c0"/>
      </object_component>
      <object_component id="oc-2d7">
         <name>.debug_info</name>
         <load_address>0x88b1</load_address>
         <run_address>0x88b1</run_address>
         <size>0x3c0</size>
         <input_file_ref idref="fl-c0"/>
      </object_component>
      <object_component id="oc-37e">
         <name>.debug_info</name>
         <load_address>0x8c71</load_address>
         <run_address>0x8c71</run_address>
         <size>0x30a</size>
         <input_file_ref idref="fl-c0"/>
      </object_component>
      <object_component id="oc-384">
         <name>.debug_info</name>
         <load_address>0x8f7b</load_address>
         <run_address>0x8f7b</run_address>
         <size>0x215</size>
         <input_file_ref idref="fl-c0"/>
      </object_component>
      <object_component id="oc-2dd">
         <name>.debug_info</name>
         <load_address>0x9190</load_address>
         <run_address>0x9190</run_address>
         <size>0x215</size>
         <input_file_ref idref="fl-c0"/>
      </object_component>
      <object_component id="oc-2e3">
         <name>.debug_info</name>
         <load_address>0x93a5</load_address>
         <run_address>0x93a5</run_address>
         <size>0x304</size>
         <input_file_ref idref="fl-c0"/>
      </object_component>
      <object_component id="oc-2e9">
         <name>.debug_info</name>
         <load_address>0x96a9</load_address>
         <run_address>0x96a9</run_address>
         <size>0x4b5</size>
         <input_file_ref idref="fl-c0"/>
      </object_component>
      <object_component id="oc-238">
         <name>.debug_info</name>
         <load_address>0x9b5e</load_address>
         <run_address>0x9b5e</run_address>
         <size>0x5f4</size>
         <input_file_ref idref="fl-c0"/>
      </object_component>
      <object_component id="oc-302">
         <name>.debug_info</name>
         <load_address>0xa152</load_address>
         <run_address>0xa152</run_address>
         <size>0x86</size>
         <input_file_ref idref="fl-c0"/>
      </object_component>
      <object_component id="oc-3b3">
         <name>.debug_info</name>
         <load_address>0xa1d8</load_address>
         <run_address>0xa1d8</run_address>
         <size>0x39</size>
         <input_file_ref idref="fl-c0"/>
      </object_component>
      <object_component id="oc-41f">
         <name>.debug_info</name>
         <load_address>0xa211</load_address>
         <run_address>0xa211</run_address>
         <size>0xb6</size>
         <input_file_ref idref="fl-c0"/>
      </object_component>
      <object_component id="oc-3b8">
         <name>.debug_info</name>
         <load_address>0xa2c7</load_address>
         <run_address>0xa2c7</run_address>
         <size>0x46</size>
         <input_file_ref idref="fl-c0"/>
      </object_component>
      <object_component id="oc-307">
         <name>.debug_info</name>
         <load_address>0xa30d</load_address>
         <run_address>0xa30d</run_address>
         <size>0x46</size>
         <input_file_ref idref="fl-c0"/>
      </object_component>
      <object_component id="oc-3ae">
         <name>.debug_info</name>
         <load_address>0xa353</load_address>
         <run_address>0xa353</run_address>
         <size>0x2c</size>
         <input_file_ref idref="fl-c0"/>
      </object_component>
      <object_component id="oc-3dd">
         <name>.debug_info</name>
         <load_address>0xa37f</load_address>
         <run_address>0xa37f</run_address>
         <size>0x383</size>
         <input_file_ref idref="fl-c1"/>
      </object_component>
      <object_component id="oc-323">
         <name>.debug_info</name>
         <load_address>0xa702</load_address>
         <run_address>0xa702</run_address>
         <size>0x1ea</size>
         <input_file_ref idref="fl-c1"/>
      </object_component>
      <object_component id="oc-3db">
         <name>.debug_info</name>
         <load_address>0xa8ec</load_address>
         <run_address>0xa8ec</run_address>
         <size>0x3fc</size>
         <input_file_ref idref="fl-c2"/>
      </object_component>
      <object_component id="oc-31d">
         <name>.debug_info</name>
         <load_address>0xace8</load_address>
         <run_address>0xace8</run_address>
         <size>0x2e2</size>
         <input_file_ref idref="fl-c2"/>
      </object_component>
      <object_component id="oc-188">
         <name>.debug_info</name>
         <load_address>0xafca</load_address>
         <run_address>0xafca</run_address>
         <size>0x2c</size>
         <input_file_ref idref="fl-c2"/>
      </object_component>
      <object_component id="oc-431">
         <name>.debug_info</name>
         <load_address>0xaff6</load_address>
         <run_address>0xaff6</run_address>
         <size>0x300</size>
         <input_file_ref idref="fl-c3"/>
      </object_component>
      <object_component id="oc-3c4">
         <name>.debug_info</name>
         <load_address>0xb2f6</load_address>
         <run_address>0xb2f6</run_address>
         <size>0x19c</size>
         <input_file_ref idref="fl-c3"/>
      </object_component>
      <object_component id="oc-46c">
         <name>.debug_info</name>
         <load_address>0xb492</load_address>
         <run_address>0xb492</run_address>
         <size>0xbf</size>
         <input_file_ref idref="fl-c3"/>
      </object_component>
      <object_component id="oc-46b">
         <name>.debug_info</name>
         <load_address>0xb551</load_address>
         <run_address>0xb551</run_address>
         <size>0x374</size>
         <input_file_ref idref="fl-c4"/>
      </object_component>
      <object_component id="oc-42c">
         <name>.debug_info</name>
         <load_address>0xb8c5</load_address>
         <run_address>0xb8c5</run_address>
         <size>0x20b</size>
         <input_file_ref idref="fl-c4"/>
      </object_component>
      <object_component id="oc-36d">
         <name>.debug_info</name>
         <load_address>0xbad0</load_address>
         <run_address>0xbad0</run_address>
         <size>0x14c</size>
         <input_file_ref idref="fl-c5"/>
      </object_component>
      <object_component id="oc-2d4">
         <name>.debug_info</name>
         <load_address>0xbc1c</load_address>
         <run_address>0xbc1c</run_address>
         <size>0x128</size>
         <input_file_ref idref="fl-c6"/>
      </object_component>
      <object_component id="oc-359">
         <name>.debug_info</name>
         <load_address>0xbd44</load_address>
         <run_address>0xbd44</run_address>
         <size>0x12a</size>
         <input_file_ref idref="fl-c6"/>
      </object_component>
      <object_component id="oc-142">
         <name>.debug_info</name>
         <load_address>0xbe6e</load_address>
         <run_address>0xbe6e</run_address>
         <size>0x13a</size>
         <input_file_ref idref="fl-c7"/>
      </object_component>
      <object_component id="oc-13f">
         <name>.debug_info</name>
         <load_address>0xbfa8</load_address>
         <run_address>0xbfa8</run_address>
         <size>0x13a</size>
         <input_file_ref idref="fl-c8"/>
      </object_component>
      <object_component id="oc-35c">
         <name>.debug_info</name>
         <load_address>0xc0e2</load_address>
         <run_address>0xc0e2</run_address>
         <size>0x12e</size>
         <input_file_ref idref="fl-c9"/>
      </object_component>
      <object_component id="oc-147">
         <name>.debug_info</name>
         <load_address>0xc210</load_address>
         <run_address>0xc210</run_address>
         <size>0x13e</size>
         <input_file_ref idref="fl-ca"/>
      </object_component>
      <object_component id="oc-14e">
         <name>.debug_info</name>
         <load_address>0xc34e</load_address>
         <run_address>0xc34e</run_address>
         <size>0x12c</size>
         <input_file_ref idref="fl-cb"/>
      </object_component>
      <object_component id="oc-367">
         <name>.debug_info</name>
         <load_address>0xc47a</load_address>
         <run_address>0xc47a</run_address>
         <size>0x12c</size>
         <input_file_ref idref="fl-cc"/>
      </object_component>
      <object_component id="oc-3c">
         <name>.debug_info</name>
         <load_address>0xc5a6</load_address>
         <run_address>0xc5a6</run_address>
         <size>0x119</size>
         <input_file_ref idref="fl-cd"/>
      </object_component>
      <object_component id="oc-13a">
         <name>.debug_info</name>
         <load_address>0xc6bf</load_address>
         <run_address>0xc6bf</run_address>
         <size>0x12e</size>
         <input_file_ref idref="fl-ce"/>
      </object_component>
      <object_component id="oc-97">
         <name>.debug_info</name>
         <load_address>0xc7ed</load_address>
         <run_address>0xc7ed</run_address>
         <size>0x147</size>
         <input_file_ref idref="fl-cf"/>
      </object_component>
      <object_component id="oc-352">
         <name>.debug_info</name>
         <load_address>0xc934</load_address>
         <run_address>0xc934</run_address>
         <size>0x134</size>
         <input_file_ref idref="fl-d0"/>
      </object_component>
      <object_component id="oc-93">
         <name>.debug_info</name>
         <load_address>0xca68</load_address>
         <run_address>0xca68</run_address>
         <size>0x2d4</size>
         <input_file_ref idref="fl-d1"/>
      </object_component>
      <object_component id="oc-48">
         <name>.debug_info</name>
         <load_address>0xcd3c</load_address>
         <run_address>0xcd3c</run_address>
         <size>0x1d2</size>
         <input_file_ref idref="fl-d1"/>
      </object_component>
      <object_component id="oc-8e">
         <name>.debug_info</name>
         <load_address>0xcf0e</load_address>
         <run_address>0xcf0e</run_address>
         <size>0x46</size>
         <input_file_ref idref="fl-d1"/>
      </object_component>
      <object_component id="oc-45">
         <name>.debug_info</name>
         <load_address>0xcf54</load_address>
         <run_address>0xcf54</run_address>
         <size>0x2a8</size>
         <input_file_ref idref="fl-d2"/>
      </object_component>
      <object_component id="oc-20">
         <name>.debug_info</name>
         <load_address>0xd1fc</load_address>
         <run_address>0xd1fc</run_address>
         <size>0x1ea</size>
         <input_file_ref idref="fl-d2"/>
      </object_component>
      <object_component id="oc-40">
         <name>.debug_info</name>
         <load_address>0xd3e6</load_address>
         <run_address>0xd3e6</run_address>
         <size>0x46</size>
         <input_file_ref idref="fl-d2"/>
      </object_component>
      <object_component id="oc-86">
         <name>.debug_info</name>
         <load_address>0xd42c</load_address>
         <run_address>0xd42c</run_address>
         <size>0x2c</size>
         <input_file_ref idref="fl-d2"/>
      </object_component>
      <object_component id="oc-84">
         <name>.debug_info</name>
         <load_address>0xd458</load_address>
         <run_address>0xd458</run_address>
         <size>0x29e</size>
         <input_file_ref idref="fl-d3"/>
      </object_component>
      <object_component id="oc-1a">
         <name>.debug_info</name>
         <load_address>0xd6f6</load_address>
         <run_address>0xd6f6</run_address>
         <size>0x250</size>
         <input_file_ref idref="fl-d3"/>
      </object_component>
      <object_component id="oc-30">
         <name>.debug_info</name>
         <load_address>0xd946</load_address>
         <run_address>0xd946</run_address>
         <size>0x60</size>
         <input_file_ref idref="fl-d3"/>
      </object_component>
      <object_component id="oc-181">
         <name>.debug_info</name>
         <load_address>0xd9a6</load_address>
         <run_address>0xd9a6</run_address>
         <size>0x46</size>
         <input_file_ref idref="fl-d3"/>
      </object_component>
      <object_component id="oc-7f">
         <name>.debug_info</name>
         <load_address>0xd9ec</load_address>
         <run_address>0xd9ec</run_address>
         <size>0x39</size>
         <input_file_ref idref="fl-d3"/>
      </object_component>
      <object_component id="oc-27c">
         <name>.debug_info</name>
         <load_address>0xda25</load_address>
         <run_address>0xda25</run_address>
         <size>0x3ad</size>
         <input_file_ref idref="fl-d4"/>
      </object_component>
      <object_component id="oc-279">
         <name>.debug_info</name>
         <load_address>0xddd2</load_address>
         <run_address>0xddd2</run_address>
         <size>0x190</size>
         <input_file_ref idref="fl-d4"/>
      </object_component>
      <object_component id="oc-192">
         <name>.debug_info</name>
         <load_address>0xdf62</load_address>
         <run_address>0xdf62</run_address>
         <size>0x122</size>
         <input_file_ref idref="fl-d4"/>
      </object_component>
      <object_component id="oc-19b">
         <name>.debug_info</name>
         <load_address>0xe084</load_address>
         <run_address>0xe084</run_address>
         <size>0x184</size>
         <input_file_ref idref="fl-d4"/>
      </object_component>
      <object_component id="oc-314">
         <name>.debug_info</name>
         <load_address>0xe208</load_address>
         <run_address>0xe208</run_address>
         <size>0x2c9</size>
         <input_file_ref idref="fl-d5"/>
      </object_component>
      <object_component id="oc-23e">
         <name>.debug_info</name>
         <load_address>0xe4d1</load_address>
         <run_address>0xe4d1</run_address>
         <size>0x11e</size>
         <input_file_ref idref="fl-d5"/>
      </object_component>
      <object_component id="oc-30d">
         <name>.debug_info</name>
         <load_address>0xe5ef</load_address>
         <run_address>0xe5ef</run_address>
         <size>0x12e</size>
         <input_file_ref idref="fl-d5"/>
      </object_component>
      <object_component id="oc-3fa">
         <name>.debug_info</name>
         <load_address>0xe71d</load_address>
         <run_address>0xe71d</run_address>
         <size>0x29c</size>
         <input_file_ref idref="fl-d6"/>
      </object_component>
      <object_component id="oc-361">
         <name>.debug_info</name>
         <load_address>0xe9b9</load_address>
         <run_address>0xe9b9</run_address>
         <size>0x1da</size>
         <input_file_ref idref="fl-d6"/>
      </object_component>
      <object_component id="oc-34e">
         <name>.debug_info</name>
         <load_address>0xeb93</load_address>
         <run_address>0xeb93</run_address>
         <size>0x2b9</size>
         <input_file_ref idref="fl-d7"/>
      </object_component>
      <object_component id="oc-2c8">
         <name>.debug_info</name>
         <load_address>0xee4c</load_address>
         <run_address>0xee4c</run_address>
         <size>0x17c</size>
         <input_file_ref idref="fl-d7"/>
      </object_component>
      <object_component id="oc-3ee">
         <name>.debug_info</name>
         <load_address>0xefc8</load_address>
         <run_address>0xefc8</run_address>
         <size>0xf9</size>
         <input_file_ref idref="fl-d8"/>
      </object_component>
      <object_component id="oc-34b">
         <name>.debug_info</name>
         <load_address>0xf0c1</load_address>
         <run_address>0xf0c1</run_address>
         <size>0x105</size>
         <input_file_ref idref="fl-d8"/>
      </object_component>
      <object_component id="oc-318">
         <name>.debug_info</name>
         <load_address>0xf1c6</load_address>
         <run_address>0xf1c6</run_address>
         <size>0x144</size>
         <input_file_ref idref="fl-d9"/>
      </object_component>
      <object_component id="oc-241">
         <name>.debug_info</name>
         <load_address>0xf30a</load_address>
         <run_address>0xf30a</run_address>
         <size>0x102</size>
         <input_file_ref idref="fl-d9"/>
      </object_component>
      <object_component id="oc-4a8">
         <name>.debug_info</name>
[...]
         <name>__aeabi_stdout</name>
         <value>0x20000838</value>
         <object_component_ref idref="oc-4a7"/>
      </symbol>
      <symbol id="sm-4a8">
         <name>__aeabi_stderr</name>
         <value>0x2000083c</value>
         <object_component_ref idref="oc-4a7"/>
      </symbol>
      <symbol id="sm-4a9">
         <name>__aeabi_stdin</name>
         <value>0x20000834</value>
         <object_component_ref idref="oc-4a7"/>
      </symbol>
      <symbol id="sm-4aa">
         <name>_ftable</name>
         <value>0x20000648</value>
         <object_component_ref idref="oc-240"/>
      </symbol>
      <symbol id="sm-4ab">
         <name>__TI_ft_end</name>
         <value>0x20000830</value>
         <object_component_ref idref="oc-4a7"/>
      </symbol>
      <symbol id="sm-4bb">
         <name>memccpy</name>
         <value>0x37cd</value>
         <object_component_ref idref="oc-2ee"/>
      </symbol>
      <symbol id="sm-4cb">
         <name>memchr</name>
         <value>0x3755</value>
         <object_component_ref idref="oc-3c8"/>
      </symbol>
      <symbol id="sm-554">
         <name>_sys_memory</name>
         <value>0x20000000</value>
         <object_component_ref idref="oc-29"/>
      </symbol>
      <symbol id="sm-555">
         <name>free</name>
         <value>0x20b1</value>
         <object_component_ref idref="oc-458"/>
      </symbol>
      <symbol id="sm-556">
         <name>memalign</name>
         <value>0x1eb5</value>
         <object_component_ref idref="oc-49a"/>
      </symbol>
      <symbol id="sm-557">
         <name>malloc</name>
         <value>0x398d</value>
         <object_component_ref idref="oc-45e"/>
      </symbol>
      <symbol id="sm-558">
         <name>aligned_alloc</name>
         <value>0x1eb5</value>
         <object_component_ref idref="oc-49a"/>
      </symbol>
      <symbol id="sm-568">
         <name>strchr</name>
         <value>0x387d</value>
         <object_component_ref idref="oc-397"/>
      </symbol>
      <symbol id="sm-576">
         <name>strlen</name>
         <value>0x390d</value>
         <object_component_ref idref="oc-2bf"/>
      </symbol>
      <symbol id="sm-589">
         <name>__stack</name>
         <value>0x2003fe00</value>
         <object_component_ref idref="oc-2c"/>
      </symbol>
      <symbol id="sm-58a">
         <name>_c_int00_noargs</name>
         <value>0x3561</value>
         <object_component_ref idref="oc-58"/>
      </symbol>
      <symbol id="sm-5a4">
         <name>write</name>
         <value>0x36c5</value>
         <object_component_ref idref="oc-3d4"/>
      </symbol>
      <symbol id="sm-5b5">
         <name>_stream</name>
         <value>0x200007b0</value>
         <object_component_ref idref="oc-436"/>
      </symbol>
      <symbol id="sm-5b6">
         <name>_device</name>
         <value>0x20000738</value>
         <object_component_ref idref="oc-477"/>
      </symbol>
      <symbol id="sm-5cc">
         <name>__aeabi_errno_addr</name>
         <value>0x3985</value>
         <object_component_ref idref="oc-2fa"/>
      </symbol>
      <symbol id="sm-5cd">
         <name>errno</name>
         <value>0x20000864</value>
         <object_component_ref idref="oc-3a7"/>
      </symbol>
      <symbol id="sm-5e6">
         <name>wcslen</name>
         <value>0x3921</value>
         <object_component_ref idref="oc-2f4"/>
      </symbol>
      <symbol id="sm-606">
         <name>frexpl</name>
         <value>0x2c95</value>
         <object_component_ref idref="oc-38b"/>
      </symbol>
      <symbol id="sm-607">
         <name>frexp</name>
         <value>0x2c95</value>
         <object_component_ref idref="oc-38b"/>
      </symbol>
      <symbol id="sm-624">
         <name>scalbn</name>
         <value>0x1da5</value>
         <object_component_ref idref="oc-391"/>
      </symbol>
      <symbol id="sm-625">
         <name>scalbnl</name>
         <value>0x1da5</value>
         <object_component_ref idref="oc-391"/>
      </symbol>
      <symbol id="sm-626">
         <name>ldexpl</name>
         <value>0x1da5</value>
         <object_component_ref idref="oc-391"/>
      </symbol>
      <symbol id="sm-627">
         <name>ldexp</name>
         <value>0x1da5</value>
         <object_component_ref idref="oc-391"/>
      </symbol>
      <symbol id="sm-637">
         <name>__TI_doflush</name>
         <value>0x30d1</value>
         <object_component_ref idref="oc-3ce"/>
      </symbol>
      <symbol id="sm-647">
         <name>__TI_cleanup</name>
         <value>0x34f9</value>
         <object_component_ref idref="oc-464"/>
      </symbol>
      <symbol id="sm-659">
         <name>fseek</name>
         <value>0x2cf9</value>
         <object_component_ref idref="oc-424"/>
      </symbol>
      <symbol id="sm-663">
         <name>__aeabi_idiv0</name>
         <value>0x1657</value>
         <object_component_ref idref="oc-3f1"/>
      </symbol>
      <symbol id="sm-664">
         <name>__aeabi_ldiv0</name>
         <value>0x1657</value>
         <object_component_ref idref="oc-3f1"/>
      </symbol>
      <symbol id="sm-68c">
         <name>__TI_auto_init_nobinit_nopinit</name>
         <value>0x3351</value>
         <object_component_ref idref="oc-19d"/>
      </symbol>
      <symbol id="sm-696">
         <name>_system_pre_init</name>
         <value>0x399d</value>
         <object_component_ref idref="oc-9a"/>
      </symbol>
      <symbol id="sm-6a9">
         <name>HOSTclose</name>
         <value>0x3285</value>
         <object_component_ref idref="oc-4b3"/>
      </symbol>
      <symbol id="sm-6ba">
         <name>HOSTlseek</name>
         <value>0x2a95</value>
         <object_component_ref idref="oc-4c5"/>
      </symbol>
      <symbol id="sm-6cc">
         <name>parmbuf</name>
         <value>0x20000638</value>
      </symbol>
      <symbol id="sm-6cd">
         <name>HOSTopen</name>
         <value>0x2dc1</value>
         <object_component_ref idref="oc-4ad"/>
      </symbol>
      <symbol id="sm-6de">
         <name>HOSTread</name>
         <value>0x2e7d</value>
         <object_component_ref idref="oc-4b9"/>
      </symbol>
      <symbol id="sm-6ef">
         <name>HOSTrename</name>
         <value>0x2a29</value>
         <object_component_ref idref="oc-4d1"/>
      </symbol>
      <symbol id="sm-700">
         <name>HOSTunlink</name>
         <value>0x32c9</value>
         <object_component_ref idref="oc-4cb"/>
      </symbol>
      <symbol id="sm-711">
         <name>HOSTwrite</name>
         <value>0x2ed5</value>
         <object_component_ref idref="oc-4bf"/>
      </symbol>
      <symbol id="sm-735">
         <name>__TI_readmsg</name>
         <value>0x352d</value>
         <object_component_ref idref="oc-500"/>
      </symbol>
      <symbol id="sm-736">
         <name>C$$IO$$</name>
         <value>0x347f</value>
         <object_component_ref idref="oc-4fa"/>
      </symbol>
      <symbol id="sm-737">
         <name>__CIOBUF_</name>
         <value>0x20000400</value>
         <object_component_ref idref="oc-52b"/>
      </symbol>
      <symbol id="sm-738">
         <name>__TI_writemsg</name>
         <value>0x3451</value>
         <object_component_ref idref="oc-4fa"/>
      </symbol>
      <symbol id="sm-749">
         <name>lseek</name>
         <value>0x369d</value>
         <object_component_ref idref="oc-450"/>
      </symbol>
      <symbol id="sm-753">
         <name>copysign</name>
         <value>0x3803</value>
         <object_component_ref idref="oc-408"/>
      </symbol>
      <symbol id="sm-754">
         <name>copysignl</name>
         <value>0x3803</value>
         <object_component_ref idref="oc-408"/>
      </symbol>
      <symbol id="sm-769">
         <name>__TI_closefile</name>
         <value>0x27fd</value>
         <object_component_ref idref="oc-4a1"/>
      </symbol>
      <symbol id="sm-78c">
         <name>finddevice</name>
         <value>0x3595</value>
         <object_component_ref idref="oc-549"/>
      </symbol>
      <symbol id="sm-78d">
         <name>getdevice</name>
         <value>0x3395</value>
         <object_component_ref idref="oc-521"/>
      </symbol>
      <symbol id="sm-79c">
         <name>strcmp</name>
         <value>0x3865</value>
         <object_component_ref idref="oc-560"/>
      </symbol>
      <symbol id="sm-7aa">
         <name>strcpy</name>
         <value>0x38f9</value>
         <object_component_ref idref="oc-514"/>
      </symbol>
      <symbol id="sm-7ba">
         <name>strncpy</name>
         <value>0x34c1</value>
         <object_component_ref idref="oc-543"/>
      </symbol>
      <symbol id="sm-7cf">
         <name>close</name>
         <value>0x2e21</value>
         <object_component_ref idref="oc-4e9"/>
      </symbol>
      <symbol id="sm-7df">
         <name>unlink</name>
         <value>0x3621</value>
         <object_component_ref idref="oc-4ef"/>
      </symbol>
      <symbol id="sm-8a7">
         <name>ADC14_configureSingleSampleMode</name>
         <value>0x3241</value>
         <object_component_ref idref="oc-e9"/>
      </symbol>
      <symbol id="sm-8a8">
         <name>ADC14_enableSampleTimer</name>
         <value>0x364d</value>
         <object_component_ref idref="oc-fb"/>
      </symbol>
      <symbol id="sm-8a9">
         <name>ADC14_enableConversion</name>
         <value>0x35f5</value>
         <object_component_ref idref="oc-113"/>
      </symbol>
      <symbol id="sm-8aa">
         <name>ADC14_setResolution</name>
         <value>0x38a9</value>
         <object_component_ref idref="oc-dd"/>
      </symbol>
      <symbol id="sm-8ab">
         <name>ADC14_toggleConversionTrigger</name>
         <value>0x3735</value>
         <object_component_ref idref="oc-125"/>
      </symbol>
      <symbol id="sm-8ac">
         <name>ADC14_isBusy</name>
         <value>0x3895</value>
         <object_component_ref idref="oc-12b"/>
      </symbol>
      <symbol id="sm-8ad">
         <name>ADC14_initModule</name>
         <value>0x3419</value>
         <object_component_ref idref="oc-e3"/>
      </symbol>
      <symbol id="sm-8ae">
         <name>ADC14_configureConversionMemory</name>
         <value>0x29bd</value>
         <object_component_ref idref="oc-ef"/>
      </symbol>
      <symbol id="sm-8af">
         <name>ADC14_enableModule</name>
         <value>0x3935</value>
         <object_component_ref idref="oc-d1"/>
      </symbol>
      <symbol id="sm-8b0">
         <name>ADC14_getResult</name>
         <value>0x381d</value>
         <object_component_ref idref="oc-131"/>
      </symbol>
      <symbol id="sm-914">
         <name>CS_setDCOFrequency</name>
         <value>0x17ad</value>
         <object_component_ref idref="oc-c5"/>
      </symbol>
      <symbol id="sm-915">
         <name>CS_setDCOCenteredFrequency</name>
         <value>0x36ed</value>
         <object_component_ref idref="oc-1e4"/>
      </symbol>
      <symbol id="sm-916">
         <name>CS_tuneDCOFrequency</name>
         <value>0x2f85</value>
         <object_component_ref idref="oc-1f0"/>
      </symbol>
      <symbol id="sm-917">
         <name>CS_initClockSignal</name>
         <value>0x2195</value>
         <object_component_ref idref="oc-cb"/>
      </symbol>
      <symbol id="sm-950">
         <name>GPIO_setOutputHighOnPin</name>
         <value>0x38d1</value>
         <object_component_ref idref="oc-15c"/>
      </symbol>
      <symbol id="sm-951">
         <name>GPIO_setAsOutputPin</name>
         <value>0x3711</value>
         <object_component_ref idref="oc-b9"/>
      </symbol>
      <symbol id="sm-952">
         <name>GPIO_setOutputLowOnPin</name>
         <value>0x3835</value>
         <object_component_ref idref="oc-bf"/>
      </symbol>
      <symbol id="sm-953">
         <name>GPIO_setAsPeripheralModuleFunctionInputPin</name>
         <value>0x3169</value>
         <object_component_ref idref="oc-d7"/>
      </symbol>
      <symbol id="sm-996">
         <name>Interrupt_disableInterrupt</name>
         <value>0x2bcd</value>
         <object_component_ref idref="oc-11f"/>
      </symbol>
      <symbol id="sm-997">
         <name>Interrupt_enableMaster</name>
         <value>0x3945</value>
         <object_component_ref idref="oc-119"/>
      </symbol>
      <symbol id="sm-998">
         <name>Interrupt_enableInterrupt</name>
         <value>0x2c31</value>
         <object_component_ref idref="oc-107"/>
      </symbol>
      <symbol id="sm-9a7">
         <name>REF_A_setReferenceVoltage</name>
         <value>0x38e5</value>
         <object_component_ref idref="oc-f5"/>
      </symbol>
      <symbol id="sm-9bc">
         <name>SysCtl_getTLVInfo</name>
         <value>0x3081</value>
         <object_component_ref idref="oc-1ea"/>
      </symbol>
      <symbol id="sm-9f5">
         <name>Timer_A_clearCaptureCompareInterrupt</name>
         <value>0x37e9</value>
         <object_component_ref idref="oc-156"/>
      </symbol>
      <symbol id="sm-9f6">
         <name>Timer_A_startCounter</name>
         <value>0x397d</value>
         <object_component_ref idref="oc-10d"/>
      </symbol>
      <symbol id="sm-9f7">
         <name>Timer_A_configureUpMode</name>
         <value>0x330d</value>
         <object_component_ref idref="oc-101"/>
      </symbol>
      <symbol id="sm-a03">
         <name>WDT_A_holdTimer</name>
         <value>0x384d</value>
         <object_component_ref idref="oc-b3"/>
      </symbol>
      <symbol id="sm-a0d">
         <name>CPU_cpsie</name>
         <value>0x3971</value>
         <object_component_ref idref="oc-227"/>
      </symbol>
      <symbol id="sm-a0e">
         <name>__TI_static_base__</name>
         <value>0x0</value>
      </symbol>
      <symbol id="sm-a11">
         <name>print</name>
         <value>0x0</value>
      </symbol>
      <symbol id="sm-a12">
         <name>__mpu_init</name>
         <value>0x0</value>
      </symbol>
      <symbol id="sm-a13">
         <name>_system_post_cinit</name>
         <value>0x0</value>
      </symbol>
      <symbol id="sm-a14">
         <name>NMI_Handler</name>
         <value>0x396f</value>
      </symbol>
      <symbol id="sm-a15">
         <name>HardFault_Handler</name>
         <value>0x396f</value>
      </symbol>
      <symbol id="sm-a16">
         <name>MemManage_Handler</name>
         <value>0x396f</value>
      </symbol>
      <symbol id="sm-a17">
         <name>BusFault_Handler</name>
         <value>0x396f</value>
      </symbol>
      <symbol id="sm-a18">
         <name>UsageFault_Handler</name>
         <value>0x396f</value>
      </symbol>
      <symbol id="sm-a19">
         <name>SVC_Handler</name>
         <value>0x396f</value>
      </symbol>
      <symbol id="sm-a1a">
         <name>DebugMon_Handler</name>
         <value>0x396f</value>
      </symbol>
      <symbol id="sm-a1b">
         <name>PendSV_Handler</name>
         <value>0x396f</value>
      </symbol>
      <symbol id="sm-a1c">
         <name>SysTick_Handler</name>
         <value>0x396f</value>
      </symbol>
      <symbol id="sm-a1d">
         <name>PSS_IRQHandler</name>
         <value>0x396f</value>
      </symbol>
      <symbol id="sm-a1e">
         <name>CS_IRQHandler</name>
         <value>0x396f</value>
      </symbol>
      <symbol id="sm-a1f">
         <name>PCM_IRQHandler</name>
         <value>0x396f</value>
      </symbol>
      <symbol id="sm-a20">
         <name>WDT_A_IRQHandler</name>
         <value>0x396f</value>
      </symbol>
      <symbol id="sm-a21">
         <name>FPU_IRQHandler</name>
         <value>0x396f</value>
      </symbol>
      <symbol id="sm-a22">
         <name>FLCTL_A_IRQHandler</name>
         <value>0x396f</value>
      </symbol>
      <symbol id="sm-a23">
         <name>COMP_E0_IRQHandler</name>
         <value>0x396f</value>
      </symbol>
      <symbol id="sm-a24">
         <name>COMP_E1_IRQHandler</name>
         <value>0x396f</value>
      </symbol>
      <symbol id="sm-a25">
         <name>TA0_0_IRQHandler</name>
         <value>0x119d</value>
      </symbol>
      <symbol id="sm-a26">
         <name>TA0_N_IRQHandler</name>
         <value>0x396f</value>
      </symbol>
      <symbol id="sm-a27">
         <name>TA1_0_IRQHandler</name>
         <value>0x396f</value>
      </symbol>
      <symbol id="sm-a28">
         <name>TA1_N_IRQHandler</name>
         <value>0x396f</value>
      </symbol>
      <symbol id="sm-a29">
         <name>TA2_0_IRQHandler</name>
         <value>0x396f</value>
      </symbol>
      <symbol id="sm-a2a">
         <name>TA2_N_IRQHandler</name>
         <value>0x396f</value>
      </symbol>
      <symbol id="sm-a2b">
         <name>TA3_0_IRQHandler</name>
         <value>0x396f</value>
      </symbol>
      <symbol id="sm-a2c">
         <name>TA3_N_IRQHandler</name>
         <value>0x396f</value>
      </symbol>
      <symbol id="sm-a2d">
         <name>EUSCIA0_IRQHandler</name>
         <value>0x396f</value>
      </symbol>
      <symbol id="sm-a2e">
         <name>EUSCIA1_IRQHandler</name>
         <value>0x396f</value>
      </symbol>
      <symbol id="sm-a2f">
         <name>EUSCIA2_IRQHandler</name>
         <value>0x396f</value>
      </symbol>
      <symbol id="sm-a30">
         <name>EUSCIA3_IRQHandler</name>
         <value>0x396f</value>
      </symbol>
      <symbol id="sm-a31">
         <name>EUSCIB0_IRQHandler</name>
         <value>0x396f</value>
      </symbol>
      <symbol id="sm-a32">
         <name>EUSCIB1_IRQHandler</name>
         <value>0x396f</value>
      </symbol>
      <symbol id="sm-a33">
         <name>EUSCIB2_IRQHandler</name>
         <value>0x396f</value>
      </symbol>
      <symbol id="sm-a34">
         <name>EUSCIB3_IRQHandler</name>
         <value>0x396f</value>
      </symbol>
      <symbol id="sm-a35">
         <name>ADC14_IRQHandler</name>
         <value>0x396f</value>
      </symbol>
      <symbol id="sm-a36">
         <name>T32_INT1_IRQHandler</name>
         <value>0x396f</value>
      </symbol>
      <symbol id="sm-a37">
         <name>T32_INT2_IRQHandler</name>
         <value>0x396f</value>
      </symbol>
      <symbol id="sm-a38">
         <name>T32_INTC_IRQHandler</name>
         <value>0x396f</value>
      </symbol>
      <symbol id="sm-a39">
         <name>AES256_IRQHandler</name>
         <value>0x396f</value>
      </symbol>
      <symbol id="sm-a3a">
         <name>RTC_C_IRQHandler</name>
         <value>0x396f</value>
      </symbol>
      <symbol id="sm-a3b">
         <name>DMA_ERR_IRQHandler</name>
         <value>0x396f</value>
      </symbol>
      <symbol id="sm-a3c">
         <name>DMA_INT3_IRQHandler</name>
         <value>0x396f</value>
      </symbol>
      <symbol id="sm-a3d">
         <name>DMA_INT2_IRQHandler</name>
         <value>0x396f</value>
      </symbol>
      <symbol id="sm-a3e">
         <name>DMA_INT1_IRQHandler</name>
         <value>0x396f</value>
      </symbol>
      <symbol id="sm-a3f">
         <name>DMA_INT0_IRQHandler</name>
         <value>0x396f</value>
      </symbol>
      <symbol id="sm-a40">
         <name>PORT1_IRQHandler</name>
         <value>0x396f</value>
      </symbol>
      <symbol id="sm-a41">
         <name>PORT2_IRQHandler</name>
         <value>0x396f</value>
      </symbol>
      <symbol id="sm-a42">
         <name>PORT3_IRQHandler</name>
         <value>0x396f</value>
      </symbol>
      <symbol id="sm-a43">
         <name>PORT4_IRQHandler</name>
         <value>0x396f</value>
      </symbol>
      <symbol id="sm-a44">
         <name>PORT5_IRQHandler</name>
         <value>0x396f</value>
      </symbol>
      <symbol id="sm-a45">
         <name>PORT6_IRQHandler</name>
         <value>0x396f</value>
      </symbol>
      <symbol id="sm-a46">
         <name>LCD_F_IRQHandler</name>
         <value>0x396f</value>
      </symbol>
      <symbol id="sm-a47">
         <name>remove</name>
         <value>0x3621</value>
      </symbol>
   </symbol_table>
   <title>Link errors: red sections failed placement</title>
</link_info>
