******************************************************************************
                  TI ARM Linker PC v20.2.7                     
******************************************************************************
>> Linked Wed Mar 15 20:48:19 2023

OUTPUT FILE NAME:   <Lab_5.out>
ENTRY POINT SYMBOL: "_c_int00_noargs"  address: 00003561


MEMORY CONFIGURATION

         name            origin    length      used     unused   attr    fill
----------------------  --------  ---------  --------  --------  ----  --------
  MAIN                  00000000   00200000  00003c38  001fc3c8  R  X
  INFO                  00200000   00008000  00000000  00008000  R  X
  SRAM_CODE             01000000   00040000  00000a6c  0003f594  RW X
  SRAM_DATA             20000000   00040000  00000a6c  0003f594  RW  


SEGMENT ALLOCATION MAP

run origin  load origin   length   init length attrs members
----------  ----------- ---------- ----------- ----- -------
00000000    00000000    00003c38   00003c38    r-x
  00000000    00000000    000000e8   000000e8    r-- .intvecs
  000000e8    000000e8    000038bc   000038bc    r-x .text
  000039a4    000039a4    000001dc   000001dc    r-- .const
  00003b80    00003b80    000000b8   000000b8    r-- .cinit
20000000    20000000    0000086c   00000000    rw-
  20000000    20000000    00000400   00000000    rw- .sysmem
  20000400    20000400    00000248   00000000    rw- .bss
  20000648    20000648    00000224   00000000    rw- .data
2003fe00    2003fe00    00000200   00000000    rw-
  2003fe00    2003fe00    00000200   00000000    rw- .stack


SECTION ALLOCATION MAP

 output                                  attributes/
section   page    origin      length       input sections
--------  ----  ----------  ----------   ----------------
.intvecs   0    00000000    000000e8     
                  00000000    000000e8     startup_msp432p4111_ccs.obj (.intvecs:retain)

.text      0    000000e8    000038bc     
                  000000e8    00000a4e     rtsv7M4_T_le_v4SPD16_eabi.lib : _printfi.c.obj (.text:__TI_printfi)
                  00000b36    00000002                                   : _lock.c.obj (.text:_nop)
                  00000b38    00000350     system_msp432p4111.obj (.text)
                  00000e88    00000270     rtsv7M4_T_le_v4SPD16_eabi.lib : _printfi.c.obj (.text:_pconv_a)
                  000010f8    000001d8     main.obj (.text)
                  000012d0    000001d0     rtsv7M4_T_le_v4SPD16_eabi.lib : _printfi.c.obj (.text:_pconv_g)
                  000014a0    000001b6                                   : fd_add_t2.asm.obj (.text)
                  00001656    00000002                                   : div0.asm.obj (.text)
                  00001658    00000154     msp432p4xx_driverlib.lib : adc14.o (.text:_getIndexForMemRegister)
                  000017ac    0000014c                              : cs.o (.text:CS_setDCOFrequency)
                  000018f8    0000013c     rtsv7M4_T_le_v4SPD16_eabi.lib : _printfi.c.obj (.text:_pconv_e)
                  00001a34    00000136                                   : fd_div_t2.asm.obj (.text)
                  00001b6a    00000002     --HOLE-- [fill = 0]
                  00001b6c    00000124                                   : _printfi.c.obj (.text:fcvt)
                  00001c90    00000114                                   : fputs.c.obj (.text:fputs)
                  00001da4    00000110                                   : s_scalbn.c.obj (.text:scalbn)
                  00001eb4    00000100                                   : memory.c.obj (.text:aligned_alloc)
                  00001fb4    000000fc                                   : fd_mul_t2.asm.obj (.text)
                  000020b0    000000e4                                   : memory.c.obj (.text:free)
                  00002194    000000e0     msp432p4xx_driverlib.lib : cs.o (.text:CS_initClockSignal)
                  00002274    000000dc     rtsv7M4_T_le_v4SPD16_eabi.lib : setvbuf.c.obj (.text:setvbuf)
                  00002350    000000b2     msp432p4xx_driverlib.lib : timer_a.o (.text:privateTimer_AProcessClockSourceDivider)
                  00002402    00000002     --HOLE-- [fill = 0]
                  00002404    000000b1     rtsv7M4_T_le_v4SPD16_eabi.lib : _printfi.c.obj (.text:_ltostr)
                  000024b5    00000001     --HOLE-- [fill = 0]
                  000024b6    0000009c                                   : memcpy_t2.asm.obj (.text)
                  00002552    00000096                                   : ull_div_t2.asm.obj (.text)
                  000025e8    0000008c                                   : fputc.c.obj (.text:fputc)
                  00002674    00000086                                   : fd_cmp_t2.asm.obj (.text:__aeabi_cdcmple)
                  000026fa    00000086                                   : fd_cmp_t2.asm.obj (.text:__aeabi_cdrcmple)
                  00002780    0000007a                                   : memset_t2.asm.obj (.text)
                  000027fa    00000002     --HOLE-- [fill = 0]
                  000027fc    00000074                                   : fclose.c.obj (.text:__TI_closefile)
                  00002870    00000070                                   : memory.c.obj (.text:split)
                  000028e0    0000006e                                   : _printfi.c.obj (.text:_mcpy)
                  0000294e    0000006e                                   : fd_tos_t2.asm.obj (.text)
                  000029bc    0000006c     msp432p4xx_driverlib.lib : adc14.o (.text:ADC14_configureConversionMemory)
                  00002a28    0000006c     rtsv7M4_T_le_v4SPD16_eabi.lib : hostrename.c.obj (.text:HOSTrename)
                  00002a94    00000068                                   : hostlseek.c.obj (.text:HOSTlseek)
                  00002afc    00000068                                   : copy_decompress_lzss.c.obj (.text:decompress:lzss:__TI_decompress_lzss)
                  00002b64    00000068                                   : printf.c.obj (.text:printf)
                  00002bcc    00000064     msp432p4xx_driverlib.lib : interrupt.o (.text:Interrupt_disableInterrupt)
                  00002c30    00000064                              : interrupt.o (.text:Interrupt_enableInterrupt)
                  00002c94    00000064     rtsv7M4_T_le_v4SPD16_eabi.lib : s_frexp.c.obj (.text:frexp)
                  00002cf8    00000064                                   : fseek.c.obj (.text:fseek)
                  00002d5c    00000062                                   : _io_perm.c.obj (.text:__TI_wrt_ok)
                  00002dbe    00000002     --HOLE-- [fill = 0]
                  00002dc0    00000060                                   : hostopen.c.obj (.text:HOSTopen)
                  00002e20    0000005c                                   : close.c.obj (.text:close)
                  00002e7c    00000058                                   : hostread.c.obj (.text:HOSTread)
                  00002ed4    00000058                                   : hostwrite.c.obj (.text:HOSTwrite)
                  00002f2c    00000056                                   : _printfi.c.obj (.text:_pconv_f)
                  00002f82    00000002     --HOLE-- [fill = 0]
                  00002f84    00000054     msp432p4xx_driverlib.lib : cs.o (.text:CS_tuneDCOFrequency)
                  00002fd8    00000054     rtsv7M4_T_le_v4SPD16_eabi.lib : _ltoa.c.obj (.text:__TI_ltoa)
                  0000302c    00000052                                   : _printfi.c.obj (.text:_ecpy)
                  0000307e    00000002     --HOLE-- [fill = 0]
                  00003080    00000050     msp432p4xx_driverlib.lib : sysctl.o (.text:SysCtl_getTLVInfo)
                  000030d0    0000004c     rtsv7M4_T_le_v4SPD16_eabi.lib : fflush.c.obj (.text:__TI_doflush)
                  0000311c    0000004c                                   : atoi.c.obj (.text:atoi)
                  00003168    00000048     msp432p4xx_driverlib.lib : gpio.o (.text:GPIO_setAsPeripheralModuleFunctionInputPin)
                  000031b0    00000048     rtsv7M4_T_le_v4SPD16_eabi.lib : exit.c.obj (.text:exit)
                  000031f8    00000048                                   : fd_toi_t2.asm.obj (.text)
                  00003240    00000044     msp432p4xx_driverlib.lib : adc14.o (.text:ADC14_configureSingleSampleMode)
                  00003284    00000044     rtsv7M4_T_le_v4SPD16_eabi.lib : hostclose.c.obj (.text:HOSTclose)
                  000032c8    00000044                                   : hostunlink.c.obj (.text:HOSTunlink)
                  0000330c    00000044     msp432p4xx_driverlib.lib : timer_a.o (.text:Timer_A_configureUpMode)
                  00003350    00000044     rtsv7M4_T_le_v4SPD16_eabi.lib : autoinit.c.obj (.text:__TI_auto_init_nobinit_nopinit:__TI_auto_init_nobinit_nopinit)
                  00003394    00000044                                   : getdevice.c.obj (.text:getdevice)
                  000033d8    0000003e                                   : _printfi.c.obj (.text:_fcpy)
                  00003416    00000002     --HOLE-- [fill = 0]
                  00003418    00000038     msp432p4xx_driverlib.lib : adc14.o (.text:ADC14_initModule)
                  00003450    00000038     rtsv7M4_T_le_v4SPD16_eabi.lib : trgmsg.c.obj (.text:__TI_writemsg)
                  00003488    00000038                                   : fs_tod_t2.asm.obj (.text)
                  000034c0    00000036                                   : strncpy.c.obj (.text:strncpy)
                  000034f6    00000002     --HOLE-- [fill = 0]
                  000034f8    00000034                                   : fopen.c.obj (.text:__TI_cleanup)
                  0000352c    00000034                                   : trgmsg.c.obj (.text:__TI_readmsg)
                  00003560    00000034                                   : boot_cortex_m.c.obj (.text:_c_int00_noargs:_c_int00_noargs)
                  00003594    00000030                                   : getdevice.c.obj (.text:finddevice)
                  000035c4    0000002e                                   : i_tofd_t2.asm.obj (.text)
                  000035f2    00000002     --HOLE-- [fill = 0]
                  000035f4    0000002c     msp432p4xx_driverlib.lib : adc14.o (.text:ADC14_enableConversion)
                  00003620    0000002c     rtsv7M4_T_le_v4SPD16_eabi.lib : unlink.c.obj (.text:unlink)
                  0000364c    00000028     msp432p4xx_driverlib.lib : adc14.o (.text:ADC14_enableSampleTimer)
                  00003674    00000028     rtsv7M4_T_le_v4SPD16_eabi.lib : memory.c.obj (.text:free_list_insert)
                  0000369c    00000028                                   : lseek.c.obj (.text:lseek)
                  000036c4    00000028                                   : write.c.obj (.text:write)
                  000036ec    00000024     msp432p4xx_driverlib.lib : cs.o (.text:CS_setDCOCenteredFrequency)
                  00003710    00000024                              : gpio.o (.text:GPIO_setAsOutputPin)
                  00003734    00000020                              : adc14.o (.text:ADC14_toggleConversionTrigger)
                  00003754    00000020     rtsv7M4_T_le_v4SPD16_eabi.lib : memchr.c.obj (.text:memchr)
                  00003774    00000020                                   : u_tofd_t2.asm.obj (.text)
                  00003794    0000001c                                   : copy_zero_init.c.obj (.text:decompress:ZI:__TI_zero_init_nomemset:__TI_zero_init_nomemset)
                  000037b0    0000001c                                   : memory.c.obj (.text:free_list_remove)
                  000037cc    0000001c                                   : memccpy.c.obj (.text:memccpy)
                  000037e8    0000001a     msp432p4xx_driverlib.lib : timer_a.o (.text:Timer_A_clearCaptureCompareInterrupt)
                  00003802    0000001a     rtsv7M4_T_le_v4SPD16_eabi.lib : s_copysign.c.obj (.text:copysign)
                  0000381c    00000018     msp432p4xx_driverlib.lib : adc14.o (.text:ADC14_getResult)
                  00003834    00000018                              : gpio.o (.text:GPIO_setOutputLowOnPin)
                  0000384c    00000018                              : wdt_a.o (.text:WDT_A_holdTimer)
                  00003864    00000018     rtsv7M4_T_le_v4SPD16_eabi.lib : strcmp.c.obj (.text:strcmp)
                  0000387c    00000016                                   : strchr.c.obj (.text:strchr)
                  00003892    00000002     --HOLE-- [fill = 0]
                  00003894    00000014     msp432p4xx_driverlib.lib : adc14.o (.text:ADC14_isBusy)
                  000038a8    00000014                              : adc14.o (.text:ADC14_setResolution)
                  000038bc    00000014                              : adc14.o (.text:ADCIsConversionRunning)
                  000038d0    00000014                              : gpio.o (.text:GPIO_setOutputHighOnPin)
                  000038e4    00000014                              : ref_a.o (.text:REF_A_setReferenceVoltage)
                  000038f8    00000014     rtsv7M4_T_le_v4SPD16_eabi.lib : strcpy.c.obj (.text:strcpy)
                  0000390c    00000014                                   : strlen.c.obj (.text:strlen)
                  00003920    00000012                                   : wcslen.c.obj (.text:wcslen)
                  00003932    00000002     --HOLE-- [fill = 0]
                  00003934    00000010     msp432p4xx_driverlib.lib : adc14.o (.text:ADC14_enableModule)
                  00003944    00000010                              : interrupt.o (.text:Interrupt_enableMaster)
                  00003954    0000000e     rtsv7M4_T_le_v4SPD16_eabi.lib : copy_decompress_none.c.obj (.text:decompress:none:__TI_decompress_none)
                  00003962    0000000e     startup_msp432p4111_ccs.obj (.text)
                  00003970    0000000c     msp432p4xx_driverlib.lib : cpu.o (.text:CPU_cpsie)
                  0000397c    00000008                              : timer_a.o (.text:Timer_A_startCounter)
                  00003984    00000008     rtsv7M4_T_le_v4SPD16_eabi.lib : errno.c.obj (.text:__aeabi_errno_addr)
                  0000398c    00000008                                   : memory.c.obj (.text:malloc)
                  00003994    00000004                                   : printf.c.obj (.text:_outc)
                  00003998    00000004                                   : printf.c.obj (.text:_outs)
                  0000399c    00000004                                   : pre_init.c.obj (.text:_system_pre_init)
                  000039a0    00000004                                   : exit.c.obj (.text:abort:abort)

.const     0    000039a4    000001dc     
                  000039a4    00000101     rtsv7M4_T_le_v4SPD16_eabi.lib : ctype.c.obj (.const:.string:_ctypes_)
                  00003aa5    00000003     --HOLE-- [fill = 0]
                  00003aa8    00000080     msp432p4xx_driverlib.lib : adc14.o (.const:_ctlRegs)
                  00003b28    00000040                              : interrupt.o (.const)
                  00003b68    00000018     main.obj (.const:upConfig_0)

.cinit     0    00003b80    000000b8     
                  00003b80    00000094     (.cinit..data.load) [load image, compression = lzss]
                  00003c14    0000000c     (__TI_handler_table)
                  00003c20    00000008     (.cinit..bss.load) [load image, compression = zero_init]
                  00003c28    00000010     (__TI_cinit_table)

.init_array 
*          0    00000000    00000000     UNINITIALIZED

.binit     0    00000000    00000000     

.sysmem    0    20000000    00000400     UNINITIALIZED
                  20000000    00000010     rtsv7M4_T_le_v4SPD16_eabi.lib : memory.c.obj (.sysmem)
                  20000010    000003f0     --HOLE--

.bss       0    20000400    00000248     UNINITIALIZED
                  20000400    00000120     rtsv7M4_T_le_v4SPD16_eabi.lib : trgmsg.c.obj (.bss:_CIOBUF_)
                  20000520    000000a0     (.common:__TI_tmpnams)
                  200005c0    00000078     (.common:data)
                  20000638    00000008     (.common:parmbuf)
                  20000640    00000004     (.common:count)
                  20000644    00000004     (.common:tempF)

.data      0    20000648    00000224     UNINITIALIZED
                  20000648    000000f0     rtsv7M4_T_le_v4SPD16_eabi.lib : defs.c.obj (.data:_ftable)
                  20000738    00000078                                   : host_device.c.obj (.data:_device)
                  200007b0    00000050                                   : host_device.c.obj (.data:_stream)
                  20000800    00000030     msp432p4xx_driverlib.lib : gpio.o (.data:GPIO_PORT_TO_BASE)
                  20000830    00000010     rtsv7M4_T_le_v4SPD16_eabi.lib : defs.c.obj (.data)
                  20000840    0000000c                                   : exit.c.obj (.data:$O1$$)
                  2000084c    00000008                                   : _lock.c.obj (.data:$O1$$)
                  20000854    00000008                                   : memory.c.obj (.data:$O1$$)
                  2000085c    00000006     main.obj (.data)
                  20000862    00000002     --HOLE--
                  20000864    00000004     rtsv7M4_T_le_v4SPD16_eabi.lib : errno.c.obj (.data)
                  20000868    00000004     system_msp432p4111.obj (.data)

.stack     0    2003fe00    00000200     UNINITIALIZED
                  2003fe00    00000004     rtsv7M4_T_le_v4SPD16_eabi.lib : boot_cortex_m.c.obj (.stack)
                  2003fe04    000001fc     --HOLE--

__llvm_prf_cnts 
*          0    20000000    00000000     UNINITIALIZED

MODULE SUMMARY

       Module                        code    ro data   rw data
       ------                        ----    -------   -------
    .\
       system_msp432p4111.obj        848     0         8      
       main.obj                      472     24        268    
       startup_msp432p4111_ccs.obj   14      232       0      
    +--+-----------------------------+-------+---------+---------+
       Total:                        1334    256       276    
                                                              
    C:/ti/msp432_driverlib_3_21_00_05/driverlib/MSP432P4xx/ccs/msp432p4xx_driverlib.lib
       adc14.o                       788     128       0      
       cs.o                          676     0         0      
       interrupt.o                   216     64        0      
       timer_a.o                     280     0         0      
       gpio.o                        152     0         96     
       sysctl.o                      80      0         0      
       wdt_a.o                       24      0         0      
       ref_a.o                       20      0         0      
       cpu.o                         12      0         0      
    +--+-----------------------------+-------+---------+---------+
       Total:                        2248    192       96     
                                                              
    C:\ti\ccs1220\ccs\tools\compiler\ti-cgt-arm_20.2.7.LTS\lib\rtsv7M4_T_le_v4SPD16_eabi.lib
       _printfi.c.obj                4851    0         0      
       defs.c.obj                    0       0         832    
       memory.c.obj                  672     0         16     
       trgmsg.c.obj                  108     0         576    
       fd_add_t2.asm.obj             438     0         0      
       host_device.c.obj             0       0         400    
       fd_div_t2.asm.obj             310     0         0      
       fputs.c.obj                   276     0         0      
       s_scalbn.c.obj                272     0         0      
       fd_cmp_t2.asm.obj             268     0         0      
       ctype.c.obj                   0       257       0      
       fd_mul_t2.asm.obj             252     0         0      
       setvbuf.c.obj                 220     0         0      
       memcpy_t2.asm.obj             156     0         0      
       ull_div_t2.asm.obj            150     0         0      
       fputc.c.obj                   140     0         0      
       memset_t2.asm.obj             122     0         0      
       fclose.c.obj                  116     0         0      
       getdevice.c.obj               116     0         0      
       hostopen.c.obj                96      0         16     
       printf.c.obj                  112     0         0      
       fd_tos_t2.asm.obj             110     0         0      
       hostrename.c.obj              108     0         0      
       copy_decompress_lzss.c.obj    104     0         0      
       hostlseek.c.obj               104     0         0      
       exit.c.obj                    76      0         24     
       fseek.c.obj                   100     0         0      
       s_frexp.c.obj                 100     0         0      
       _io_perm.c.obj                98      0         0      
       close.c.obj                   92      0         0      
       hostread.c.obj                88      0         0      
       hostwrite.c.obj               88      0         0      
       _ltoa.c.obj                   84      0         0      
       atoi.c.obj                    76      0         0      
       fflush.c.obj                  76      0         0      
       fd_toi_t2.asm.obj             72      0         0      
       autoinit.c.obj                68      0         0      
       hostclose.c.obj               68      0         0      
       hostunlink.c.obj              68      0         0      
       fs_tod_t2.asm.obj             56      0         0      
       strncpy.c.obj                 54      0         0      
       boot_cortex_m.c.obj           52      0         0      
       fopen.c.obj                   52      0         0      
       i_tofd_t2.asm.obj             46      0         0      
       unlink.c.obj                  44      0         0      
       lseek.c.obj                   40      0         0      
       write.c.obj                   40      0         0      
       memchr.c.obj                  32      0         0      
       u_tofd_t2.asm.obj             32      0         0      
       copy_zero_init.c.obj          28      0         0      
       memccpy.c.obj                 28      0         0      
       s_copysign.c.obj              26      0         0      
       strcmp.c.obj                  24      0         0      
       strchr.c.obj                  22      0         0      
       strcpy.c.obj                  20      0         0      
       strlen.c.obj                  20      0         0      
       _lock.c.obj                   2       0         16     
       wcslen.c.obj                  18      0         0      
       errno.c.obj                   8       0         8      
       copy_decompress_none.c.obj    14      0         0      
       pre_init.c.obj                4       0         0      
       div0.asm.obj                  2       0         0      
    +--+-----------------------------+-------+---------+---------+
       Total:                        10919   257       1888   
                                                              
       Heap:                         0       0         2048   
       Stack:                        0       0         1024   
       Linker Generated:             0       184       0      
    +--+-----------------------------+-------+---------+---------+
       Grand Total:                  14501   889       5332   


LINKER GENERATED COPY TABLES

__TI_cinit_table @ 00003c28 records: 2, size/record: 8, table size: 16
	.data: load addr=00003b80, load size=00000094 bytes, run addr=20000648, run size=00000224 bytes, compression=lzss
	.bss: load addr=00003c20, load size=00000008 bytes, run addr=20000400, run size=00000248 bytes, compression=zero_init


LINKER GENERATED HANDLER TABLE

__TI_handler_table @ 00003c14 records: 3, size/record: 4, table size: 12
	index: 0, handler: __TI_decompress_lzss
	index: 1, handler: __TI_decompress_none
	index: 2, handler: __TI_zero_init


GLOBAL SYMBOLS: SORTED ALPHABETICALLY BY Name 

address   name                                      
-------   ----                                      
0000396f  ADC14_IRQHandler                          
000029bd  ADC14_configureConversionMemory           
00003241  ADC14_configureSingleSampleMode           
000035f5  ADC14_enableConversion                    
00003935  ADC14_enableModule                        
0000364d  ADC14_enableSampleTimer                   
0000381d  ADC14_getResult                           
00003419  ADC14_initModule                          
00003895  ADC14_isBusy                              
000038a9  ADC14_setResolution                       
00003735  ADC14_toggleConversionTrigger             
20000860  ADCresult                                 
0000396f  AES256_IRQHandler                         
0000396f  BusFault_Handler                          
000039a1  C$$EXIT                                   
0000347f  C$$IO$$                                   
0000396f  COMP_E0_IRQHandler                        
0000396f  COMP_E1_IRQHandler                        
00003971  CPU_cpsie                                 
0000396f  CS_IRQHandler                             
00002195  CS_initClockSignal                        
000036ed  CS_setDCOCenteredFrequency                
000017ad  CS_setDCOFrequency                        
00002f85  CS_tuneDCOFrequency                       
0000396f  DMA_ERR_IRQHandler                        
0000396f  DMA_INT0_IRQHandler                       
0000396f  DMA_INT1_IRQHandler                       
0000396f  DMA_INT2_IRQHandler                       
0000396f  DMA_INT3_IRQHandler                       
0000396f  DebugMon_Handler                          
0000396f  Default_Handler                           
0000396f  EUSCIA0_IRQHandler                        
0000396f  EUSCIA1_IRQHandler                        
0000396f  EUSCIA2_IRQHandler                        
0000396f  EUSCIA3_IRQHandler                        
0000396f  EUSCIB0_IRQHandler                        
0000396f  EUSCIB1_IRQHandler                        
0000396f  EUSCIB2_IRQHandler                        
0000396f  EUSCIB3_IRQHandler                        
0000396f  FLCTL_A_IRQHandler                        
0000396f  FPU_IRQHandler                            
00003711  GPIO_setAsOutputPin                       
00003169  GPIO_setAsPeripheralModuleFunctionInputPin
000038d1  GPIO_setOutputHighOnPin                   
00003835  GPIO_setOutputLowOnPin                    
00003285  HOSTclose                                 
00002a95  HOSTlseek                                 
00002dc1  HOSTopen                                  
00002e7d  HOSTread                                  
00002a29  HOSTrename                                
000032c9  HOSTunlink                                
00002ed5  HOSTwrite                                 
0000396f  HardFault_Handler                         
00002bcd  Interrupt_disableInterrupt                
00002c31  Interrupt_enableInterrupt                 
00003945  Interrupt_enableMaster                    
0000396f  LCD_F_IRQHandler                          
0000396f  MemManage_Handler                         
0000396f  NMI_Handler                               
0000396f  PCM_IRQHandler                            
0000396f  PORT1_IRQHandler                          
0000396f  PORT2_IRQHandler                          
0000396f  PORT3_IRQHandler                          
0000396f  PORT4_IRQHandler                          
0000396f  PORT5_IRQHandler                          
0000396f  PORT6_IRQHandler                          
0000396f  PSS_IRQHandler                            
0000396f  PendSV_Handler                            
000038e5  REF_A_setReferenceVoltage                 
0000396f  RTC_C_IRQHandler                          
00003963  Reset_Handler                             
2000085c  SMCLK_divider                             
0000396f  SVC_Handler                               
00003081  SysCtl_getTLVInfo                         
0000396f  SysTick_Handler                           
20000868  SystemCoreClock                           
00000b39  SystemCoreClockUpdate                     
00000db1  SystemInit                                
0000396f  T32_INT1_IRQHandler                       
0000396f  T32_INT2_IRQHandler                       
0000396f  T32_INTC_IRQHandler                       
0000119d  TA0_0_IRQHandler                          
0000119d  TA0_0_IRQHandler                          
0000396f  TA0_N_IRQHandler                          
0000396f  TA1_0_IRQHandler                          
0000396f  TA1_N_IRQHandler                          
0000396f  TA2_0_IRQHandler                          
0000396f  TA2_N_IRQHandler                          
0000396f  TA3_0_IRQHandler                          
0000396f  TA3_N_IRQHandler                          
000037e9  Timer_A_clearCaptureCompareInterrupt      
0000330d  Timer_A_configureUpMode                   
0000397d  Timer_A_startCounter                      
0000396f  UsageFault_Handler                        
4000480c  WDTCTL_SYM                                
0000396f  WDT_A_IRQHandler                          
0000384d  WDT_A_holdTimer                           
20000400  __CIOBUF_                                 
20040000  __STACK_END                               
00000200  __STACK_SIZE                              
00000400  __SYSMEM_SIZE                             
00003c28  __TI_CINIT_Base                           
00003c38  __TI_CINIT_Limit                          
00003c14  __TI_Handler_Table_Base                   
00003c20  __TI_Handler_Table_Limit                  
00003351  __TI_auto_init_nobinit_nopinit            
000034f9  __TI_cleanup                              
20000840  __TI_cleanup_ptr                          
000027fd  __TI_closefile                            
00002afd  __TI_decompress_lzss                      
00003955  __TI_decompress_none                      
000030d1  __TI_doflush                              
20000844  __TI_dtors_ptr                            
20000848  __TI_enable_exit_profile_output           
20000830  __TI_ft_end                               
00002fd9  __TI_ltoa                                 
ffffffff  __TI_pprof_out_hndl                       
000000e9  __TI_printfi                              
ffffffff  __TI_prof_data_size                       
ffffffff  __TI_prof_data_start                      
0000352d  __TI_readmsg                              
00000000  __TI_static_base__                        
20000520  __TI_tmpnams                              
00003451  __TI_writemsg                             
00002d5d  __TI_wrt_ok                               
00003795  __TI_zero_init_nomemset                   
00002675  __aeabi_cdcmpeq                           
00002675  __aeabi_cdcmple                           
000026fb  __aeabi_cdrcmple                          
0000294f  __aeabi_d2f                               
000031f9  __aeabi_d2iz                              
000014ab  __aeabi_dadd                              
00001a35  __aeabi_ddiv                              
00001fb5  __aeabi_dmul                              
000014a1  __aeabi_dsub                              
00003985  __aeabi_errno_addr                        
00003489  __aeabi_f2d                               
000035c5  __aeabi_i2d                               
00001657  __aeabi_idiv0                             
00001657  __aeabi_ldiv0                             
00002781  __aeabi_memclr                            
00002781  __aeabi_memclr4                           
00002781  __aeabi_memclr8                           
000024b7  __aeabi_memcpy                            
000024b7  __aeabi_memcpy4                           
000024b7  __aeabi_memcpy8                           
00002783  __aeabi_memset                            
00002783  __aeabi_memset4                           
00002783  __aeabi_memset8                           
2000083c  __aeabi_stderr                            
20000834  __aeabi_stdin                             
20000838  __aeabi_stdout                            
00003775  __aeabi_ui2d                              
00002553  __aeabi_uldivmod                          
ffffffff  __binit__                                 
ffffffff  __c_args__                                
UNDEFED   __mpu_init                                
2003fe00  __stack                                   
20000000  __start___llvm_prf_cnts                   
20000000  __stop___llvm_prf_cnts                    
00003561  _c_int00_noargs                           
000039a4  _ctypes_                                  
20000738  _device                                   
20000648  _ftable                                   
2000084c  _lock                                     
00000b37  _nop                                      
200007b0  _stream                                   
20000000  _sys_memory                               
UNDEFED   _system_post_cinit                        
0000399d  _system_pre_init                          
20000850  _unlock                                   
000039a1  abort                                     
00001eb5  aligned_alloc                             
0000311d  atoi                                      
ffffffff  binit                                     
00002e21  close                                     
00003803  copysign                                  
00003803  copysignl                                 
20000640  count                                     
200005c0  data                                      
20000864  errno                                     
000031b1  exit                                      
00003595  finddevice                                
000025e9  fputc                                     
00001c91  fputs                                     
000020b1  free                                      
00002c95  frexp                                     
00002c95  frexpl                                    
00002cf9  fseek                                     
00003395  getdevice                                 
00000000  interruptVectors                          
00001da5  ldexp                                     
00001da5  ldexpl                                    
0000369d  lseek                                     
000010f9  main                                      
0000398d  malloc                                    
00001eb5  memalign                                  
000037cd  memccpy                                   
00003755  memchr                                    
000024b7  memcpy                                    
00002789  memset                                    
20000638  parmbuf                                   
UNDEFED   print                                     
00002b65  printf                                    
000025e9  putc                                      
00003621  remove                                    
00001da5  scalbn                                    
00001da5  scalbnl                                   
00002275  setvbuf                                   
0000387d  strchr                                    
00003865  strcmp                                    
000038f9  strcpy                                    
0000390d  strlen                                    
000034c1  strncpy                                   
20000644  tempF                                     
00003621  unlink                                    
00003b68  upConfig_0                                
00003921  wcslen                                    
000036c5  write                                     


GLOBAL SYMBOLS: SORTED BY Symbol Address 

address   name                                      
-------   ----                                      
00000000  __TI_static_base__                        
00000000  interruptVectors                          
000000e9  __TI_printfi                              
00000200  __STACK_SIZE                              
00000400  __SYSMEM_SIZE                             
00000b37  _nop                                      
00000b39  SystemCoreClockUpdate                     
00000db1  SystemInit                                
000010f9  main                                      
0000119d  TA0_0_IRQHandler                          
0000119d  TA0_0_IRQHandler                          
000014a1  __aeabi_dsub                              
000014ab  __aeabi_dadd                              
00001657  __aeabi_idiv0                             
00001657  __aeabi_ldiv0                             
000017ad  CS_setDCOFrequency                        
00001a35  __aeabi_ddiv                              
00001c91  fputs                                     
00001da5  ldexp                                     
00001da5  ldexpl                                    
00001da5  scalbn                                    
00001da5  scalbnl                                   
00001eb5  aligned_alloc                             
00001eb5  memalign                                  
00001fb5  __aeabi_dmul                              
000020b1  free                                      
00002195  CS_initClockSignal                        
00002275  setvbuf                                   
000024b7  __aeabi_memcpy                            
000024b7  __aeabi_memcpy4                           
000024b7  __aeabi_memcpy8                           
000024b7  memcpy                                    
00002553  __aeabi_uldivmod                          
000025e9  fputc                                     
000025e9  putc                                      
00002675  __aeabi_cdcmpeq                           
00002675  __aeabi_cdcmple                           
000026fb  __aeabi_cdrcmple                          
00002781  __aeabi_memclr                            
00002781  __aeabi_memclr4                           
00002781  __aeabi_memclr8                           
00002783  __aeabi_memset                            
00002783  __aeabi_memset4                           
00002783  __aeabi_memset8                           
00002789  memset                                    
000027fd  __TI_closefile                            
0000294f  __aeabi_d2f                               
000029bd  ADC14_configureConversionMemory           
00002a29  HOSTrename                                
00002a95  HOSTlseek                                 
00002afd  __TI_decompress_lzss                      
00002b65  printf                                    
00002bcd  Interrupt_disableInterrupt                
00002c31  Interrupt_enableInterrupt                 
00002c95  frexp                                     
00002c95  frexpl                                    
00002cf9  fseek                                     
00002d5d  __TI_wrt_ok                               
00002dc1  HOSTopen                                  
00002e21  close                                     
00002e7d  HOSTread                                  
00002ed5  HOSTwrite                                 
00002f85  CS_tuneDCOFrequency                       
00002fd9  __TI_ltoa                                 
00003081  SysCtl_getTLVInfo                         
000030d1  __TI_doflush                              
0000311d  atoi                                      
00003169  GPIO_setAsPeripheralModuleFunctionInputPin
000031b1  exit                                      
000031f9  __aeabi_d2iz                              
00003241  ADC14_configureSingleSampleMode           
00003285  HOSTclose                                 
000032c9  HOSTunlink                                
0000330d  Timer_A_configureUpMode                   
00003351  __TI_auto_init_nobinit_nopinit            
00003395  getdevice                                 
00003419  ADC14_initModule                          
00003451  __TI_writemsg                             
0000347f  C$$IO$$                                   
00003489  __aeabi_f2d                               
000034c1  strncpy                                   
000034f9  __TI_cleanup                              
0000352d  __TI_readmsg                              
00003561  _c_int00_noargs                           
00003595  finddevice                                
000035c5  __aeabi_i2d                               
000035f5  ADC14_enableConversion                    
00003621  remove                                    
00003621  unlink                                    
0000364d  ADC14_enableSampleTimer                   
0000369d  lseek                                     
000036c5  write                                     
000036ed  CS_setDCOCenteredFrequency                
00003711  GPIO_setAsOutputPin                       
00003735  ADC14_toggleConversionTrigger             
00003755  memchr                                    
00003775  __aeabi_ui2d                              
00003795  __TI_zero_init_nomemset                   
000037cd  memccpy                                   
000037e9  Timer_A_clearCaptureCompareInterrupt      
00003803  copysign                                  
00003803  copysignl                                 
0000381d  ADC14_getResult                           
00003835  GPIO_setOutputLowOnPin                    
0000384d  WDT_A_holdTimer                           
00003865  strcmp                                    
0000387d  strchr                                    
00003895  ADC14_isBusy                              
000038a9  ADC14_setResolution                       
000038d1  GPIO_setOutputHighOnPin                   
000038e5  REF_A_setReferenceVoltage                 
000038f9  strcpy                                    
0000390d  strlen                                    
00003921  wcslen                                    
00003935  ADC14_enableModule                        
00003945  Interrupt_enableMaster                    
00003955  __TI_decompress_none                      
00003963  Reset_Handler                             
0000396f  ADC14_IRQHandler                          
0000396f  AES256_IRQHandler                         
0000396f  BusFault_Handler                          
0000396f  COMP_E0_IRQHandler                        
0000396f  COMP_E1_IRQHandler                        
0000396f  CS_IRQHandler                             
0000396f  DMA_ERR_IRQHandler                        
0000396f  DMA_INT0_IRQHandler                       
0000396f  DMA_INT1_IRQHandler                       
0000396f  DMA_INT2_IRQHandler                       
0000396f  DMA_INT3_IRQHandler                       
0000396f  DebugMon_Handler                          
0000396f  Default_Handler                           
0000396f  EUSCIA0_IRQHandler                        
0000396f  EUSCIA1_IRQHandler                        
0000396f  EUSCIA2_IRQHandler                        
0000396f  EUSCIA3_IRQHandler                        
0000396f  EUSCIB0_IRQHandler                        
0000396f  EUSCIB1_IRQHandler                        
0000396f  EUSCIB2_IRQHandler                        
0000396f  EUSCIB3_IRQHandler                        
0000396f  FLCTL_A_IRQHandler                        
0000396f  FPU_IRQHandler                            
0000396f  HardFault_Handler                         
0000396f  LCD_F_IRQHandler                          
0000396f  MemManage_Handler                         
0000396f  NMI_Handler                               
0000396f  PCM_IRQHandler                            
0000396f  PORT1_IRQHandler                          
0000396f  PORT2_IRQHandler                          
0000396f  PORT3_IRQHandler                          
0000396f  PORT4_IRQHandler                          
0000396f  PORT5_IRQHandler                          
0000396f  PORT6_IRQHandler                          
0000396f  PSS_IRQHandler                            
0000396f  PendSV_Handler                            
0000396f  RTC_C_IRQHandler                          
0000396f  SVC_Handler                               
0000396f  SysTick_Handler                           
0000396f  T32_INT1_IRQHandler                       
0000396f  T32_INT2_IRQHandler                       
0000396f  T32_INTC_IRQHandler                       
0000396f  TA0_N_IRQHandler                          
0000396f  TA1_0_IRQHandler                          
0000396f  TA1_N_IRQHandler                          
0000396f  TA2_0_IRQHandler                          
0000396f  TA2_N_IRQHandler                          
0000396f  TA3_0_IRQHandler                          
0000396f  TA3_N_IRQHandler                          
0000396f  UsageFault_Handler                        
0000396f  WDT_A_IRQHandler                          
00003971  CPU_cpsie                                 
0000397d  Timer_A_startCounter                      
00003985  __aeabi_errno_addr                        
0000398d  malloc                                    
0000399d  _system_pre_init                          
000039a1  C$$EXIT                                   
000039a1  abort                                     
000039a4  _ctypes_                                  
00003b68  upConfig_0                                
00003c14  __TI_Handler_Table_Base                   
00003c20  __TI_Handler_Table_Limit                  
00003c28  __TI_CINIT_Base                           
00003c38  __TI_CINIT_Limit                          
20000000  __start___llvm_prf_cnts                   
20000000  __stop___llvm_prf_cnts                    
20000000  _sys_memory                               
20000400  __CIOBUF_                                 
20000520  __TI_tmpnams                              
200005c0  data                                      
20000638  parmbuf                                   
20000640  count                                     
20000644  tempF                                     
20000648  _ftable                                   
20000738  _device                                   
200007b0  _stream                                   
20000830  __TI_ft_end                               
20000834  __aeabi_stdin                             
20000838  __aeabi_stdout                            
2000083c  __aeabi_stderr                            
20000840  __TI_cleanup_ptr                          
20000844  __TI_dtors_ptr                            
20000848  __TI_enable_exit_profile_output           
2000084c  _lock                                     
20000850  _unlock                                   
2000085c  SMCLK_divider                             
20000860  ADCresult                                 
20000864  errno                                     
20000868  SystemCoreClock                           
2003fe00  __stack                                   
20040000  __STACK_END                               
4000480c  WDTCTL_SYM                                
ffffffff  __TI_pprof_out_hndl                       
ffffffff  __TI_prof_data_size                       
ffffffff  __TI_prof_data_start                      
ffffffff  __binit__                                 
ffffffff  __c_args__                                
ffffffff  binit                                     
UNDEFED   __mpu_init                                
UNDEFED   _system_post_cinit                        
UNDEFED   print                                     

[219 symbols]
